Archive member included to satisfy reference by file (symbol)

/Applications/ArmGNUToolchain/13.2.Rel1/arm-none-eabi/bin/../lib/gcc/arm-none-eabi/13.2.1/thumb/v6-m/nofp/libgcc.a(_dvmd_tls.o)
                              CMakeFiles/taper.dir/Users/abefriedman/Code/pico-sdk/src/rp2_common/pico_divider/divider.S.obj (__aeabi_idiv0)
/Applications/ArmGNUToolchain/13.2.Rel1/arm-none-eabi/bin/../lib/gcc/arm-none-eabi/13.2.1/../../../../arm-none-eabi/lib/thumb/v6-m/nofp/libg.a(libc_a-calloc.o)
                              CMakeFiles/taper.dir/Users/abefriedman/Code/pico-sdk/src/rp2_common/pico_malloc/pico_malloc.c.obj (calloc)
/Applications/ArmGNUToolchain/13.2.Rel1/arm-none-eabi/bin/../lib/gcc/arm-none-eabi/13.2.1/../../../../arm-none-eabi/lib/thumb/v6-m/nofp/libg.a(libc_a-callocr.o)
                              /Applications/ArmGNUToolchain/13.2.Rel1/arm-none-eabi/bin/../lib/gcc/arm-none-eabi/13.2.1/../../../../arm-none-eabi/lib/thumb/v6-m/nofp/libg.a(libc_a-calloc.o) (_calloc_r)
/Applications/ArmGNUToolchain/13.2.Rel1/arm-none-eabi/bin/../lib/gcc/arm-none-eabi/13.2.1/../../../../arm-none-eabi/lib/thumb/v6-m/nofp/libg.a(libc_a-malloc.o)
                              CMakeFiles/taper.dir/Users/abefriedman/Code/pico-sdk/src/rp2_common/pico_malloc/pico_malloc.c.obj (malloc)
/Applications/ArmGNUToolchain/13.2.Rel1/arm-none-eabi/bin/../lib/gcc/arm-none-eabi/13.2.1/../../../../arm-none-eabi/lib/thumb/v6-m/nofp/libg.a(libc_a-mallocr.o)
                              /Applications/ArmGNUToolchain/13.2.Rel1/arm-none-eabi/bin/../lib/gcc/arm-none-eabi/13.2.1/../../../../arm-none-eabi/lib/thumb/v6-m/nofp/libg.a(libc_a-callocr.o) (_malloc_r)
/Applications/ArmGNUToolchain/13.2.Rel1/arm-none-eabi/bin/../lib/gcc/arm-none-eabi/13.2.1/../../../../arm-none-eabi/lib/thumb/v6-m/nofp/libg.a(libc_a-mlock.o)
                              /Applications/ArmGNUToolchain/13.2.Rel1/arm-none-eabi/bin/../lib/gcc/arm-none-eabi/13.2.1/../../../../arm-none-eabi/lib/thumb/v6-m/nofp/libg.a(libc_a-mallocr.o) (__malloc_lock)
/Applications/ArmGNUToolchain/13.2.Rel1/arm-none-eabi/bin/../lib/gcc/arm-none-eabi/13.2.1/../../../../arm-none-eabi/lib/thumb/v6-m/nofp/libg.a(libc_a-realloc.o)
                              CMakeFiles/taper.dir/Users/abefriedman/Code/pico-sdk/src/rp2_common/pico_malloc/pico_malloc.c.obj (realloc)
/Applications/ArmGNUToolchain/13.2.Rel1/arm-none-eabi/bin/../lib/gcc/arm-none-eabi/13.2.1/../../../../arm-none-eabi/lib/thumb/v6-m/nofp/libg.a(libc_a-reallocr.o)
                              /Applications/ArmGNUToolchain/13.2.Rel1/arm-none-eabi/bin/../lib/gcc/arm-none-eabi/13.2.1/../../../../arm-none-eabi/lib/thumb/v6-m/nofp/libg.a(libc_a-realloc.o) (_realloc_r)
/Applications/ArmGNUToolchain/13.2.Rel1/arm-none-eabi/bin/../lib/gcc/arm-none-eabi/13.2.1/../../../../arm-none-eabi/lib/thumb/v6-m/nofp/libg.a(libc_a-memmove.o)
                              /Applications/ArmGNUToolchain/13.2.Rel1/arm-none-eabi/bin/../lib/gcc/arm-none-eabi/13.2.1/../../../../arm-none-eabi/lib/thumb/v6-m/nofp/libg.a(libc_a-reallocr.o) (memmove)
/Applications/ArmGNUToolchain/13.2.Rel1/arm-none-eabi/bin/../lib/gcc/arm-none-eabi/13.2.1/../../../../arm-none-eabi/lib/thumb/v6-m/nofp/libg.a(libc_a-impure.o)
                              /Applications/ArmGNUToolchain/13.2.Rel1/arm-none-eabi/bin/../lib/gcc/arm-none-eabi/13.2.1/../../../../arm-none-eabi/lib/thumb/v6-m/nofp/libg.a(libc_a-calloc.o) (_impure_ptr)
/Applications/ArmGNUToolchain/13.2.Rel1/arm-none-eabi/bin/../lib/gcc/arm-none-eabi/13.2.1/../../../../arm-none-eabi/lib/thumb/v6-m/nofp/libg.a(libc_a-sbrkr.o)
                              /Applications/ArmGNUToolchain/13.2.Rel1/arm-none-eabi/bin/../lib/gcc/arm-none-eabi/13.2.1/../../../../arm-none-eabi/lib/thumb/v6-m/nofp/libg.a(libc_a-mallocr.o) (_sbrk_r)
/Applications/ArmGNUToolchain/13.2.Rel1/arm-none-eabi/bin/../lib/gcc/arm-none-eabi/13.2.1/../../../../arm-none-eabi/lib/thumb/v6-m/nofp/libg.a(libc_a-errno.o)
                              /Applications/ArmGNUToolchain/13.2.Rel1/arm-none-eabi/bin/../lib/gcc/arm-none-eabi/13.2.1/../../../../arm-none-eabi/lib/thumb/v6-m/nofp/libg.a(libc_a-callocr.o) (__errno)
/Applications/ArmGNUToolchain/13.2.Rel1/arm-none-eabi/bin/../lib/gcc/arm-none-eabi/13.2.1/../../../../arm-none-eabi/lib/thumb/v6-m/nofp/libg.a(libc_a-sysconf.o)
                              /Applications/ArmGNUToolchain/13.2.Rel1/arm-none-eabi/bin/../lib/gcc/arm-none-eabi/13.2.1/../../../../arm-none-eabi/lib/thumb/v6-m/nofp/libg.a(libc_a-mallocr.o) (sysconf)
/Applications/ArmGNUToolchain/13.2.Rel1/arm-none-eabi/bin/../lib/gcc/arm-none-eabi/13.2.1/../../../../arm-none-eabi/lib/thumb/v6-m/nofp/libg.a(libc_a-init.o)
                              /Applications/ArmGNUToolchain/13.2.Rel1/arm-none-eabi/bin/../lib/gcc/arm-none-eabi/13.2.1/../../../../arm-none-eabi/lib/thumb/v6-m/nofp/crt0.o (__libc_init_array)
[...]
Memory Configuration

Name             Origin             Length             Attributes
FLASH            0x10000000         0x00200000         xr
RAM              0x20000000         0x00040000         xrw
SCRATCH_X        0x20040000         0x00001000         xrw
SCRATCH_Y        0x20041000         0x00001000         xrw
*default*        0x00000000         0xffffffff

Linker script and memory map

LOAD /Applications/ArmGNUToolchain/13.2.Rel1/arm-none-eabi/bin/../lib/gcc/arm-none-eabi/13.2.1/thumb/v6-m/nofp/crti.o
LOAD /Applications/ArmGNUToolchain/13.2.Rel1/arm-none-eabi/bin/../lib/gcc/arm-none-eabi/13.2.1/thumb/v6-m/nofp/crtbegin.o
LOAD /Applications/ArmGNUToolchain/13.2.Rel1/arm-none-eabi/bin/../lib/gcc/arm-none-eabi/13.2.1/../../../../arm-none-eabi/lib/thumb/v6-m/nofp/crt0.o

.flash_begin    0x10000000        0x0
                0x10000000                        __flash_binary_start = .

.boot2          0x10000000      0x100
                0x10000000                        __boot2_start__ = .
 *(.boot2)
 .boot2         0x10000000      0x100 /var/folders/zj/w4n84x_568b66v7jdy6fhx180000gn/T//ccivX9ZZ.o
                0x10000100                        __boot2_end__ = .
                0x00000001                        ASSERT (((__boot2_end__ - __boot2_start__) == 0x100), ERROR: Pico second stage bootloader must be 256 bytes in size)

.text           0x10000100     0x7120
                0x10000100                        __logical_binary_start = .
 *(.vectors)
 .vectors       0x10000100       0xd4 CMakeFiles/taper.dir/Users/abefriedman/Code/pico-sdk/src/rp2_common/pico_standard_link/crt0.S.obj
                0x10000100                __VECTOR_TABLE
                0x10000100                __vectors
                0x100001c0                __default_isrs_start
                0x100001c0                isr_invalid
                0x100001c2                isr_nmi
                0x100001c4                isr_hardfault
                0x100001c6                isr_svcall
                0x100001c8                isr_pendsv
                0x100001ca                isr_systick
                0x100001cc                isr_irq28
                0x100001cc                isr_irq19
                0x100001cc                isr_irq0
                0x100001cc                isr_irq6
                0x100001cc                isr_irq22
                0x100001cc                isr_irq17
                0x100001cc                isr_irq14
                0x100001cc                isr_irq2
                0x100001cc                isr_irq10
                0x100001cc                isr_irq8
                0x100001cc                isr_irq24
                0x100001cc                isr_irq1
                0x100001cc                isr_irq7
                0x100001cc                isr_irq21
                0x100001cc                isr_irq20
                0x100001cc                isr_irq15
                0x100001cc                isr_irq25
                0x100001cc                isr_irq4
                0x100001cc                isr_irq16
                0x100001cc                isr_irq29
                0x100001cc                isr_irq26
                0x100001cc                __default_isrs_end
                0x100001cc                isr_irq3
                0x100001cc                isr_irq9
                0x100001cc                __unhandled_user_irq
                0x100001cc                isr_irq13
                0x100001cc                isr_irq27
                0x100001cc                isr_irq31
                0x100001cc                isr_irq5
                0x100001cc                isr_irq11
                0x100001cc                isr_irq23
                0x100001cc                isr_irq18
                0x100001cc                isr_irq30
                0x100001cc                isr_irq12
                0x100001d2                unhandled_user_irq_num_in_r0
 *(.binary_info_header)
 .binary_info_header
                0x100001d4       0x14 CMakeFiles/taper.dir/Users/abefriedman/Code/pico-sdk/src/rp2_common/pico_standard_link/crt0.S.obj
                0x100001e8                        __binary_info_header_end = .
 *(.reset)
 .reset         0x100001e8       0xa0 CMakeFiles/taper.dir/Users/abefriedman/Code/pico-sdk/src/rp2_common/pico_standard_link/crt0.S.obj
                0x100001e8                _entry_point
 .reset         0x10000288       0x30 CMakeFiles/taper.dir/Users/abefriedman/Code/pico-sdk/src/rp2_common/pico_standard_link/binary_info.c.obj
 *(.init)
 .init          0x100002b8        0x4 /Applications/ArmGNUToolchain/13.2.Rel1/arm-none-eabi/bin/../lib/gcc/arm-none-eabi/13.2.1/thumb/v6-m/nofp/crti.o
                0x100002b8                _init
 *(EXCLUDE_FILE(*libm.a: *libc.a:*lib_a-mem*.o *libgcc.a:) .text*)
 .text.register_tm_clones
                0x100002bc       0x28 /Applications/ArmGNUToolchain/13.2.Rel1/arm-none-eabi/bin/../lib/gcc/arm-none-eabi/13.2.1/thumb/v6-m/nofp/crtbegin.o
 .text.frame_dummy
                0x100002e4       0x24 /Applications/ArmGNUToolchain/13.2.Rel1/arm-none-eabi/bin/../lib/gcc/arm-none-eabi/13.2.1/thumb/v6-m/nofp/crtbegin.o
 .text._ZN15DigiPot_MCP4x51C2Ev
                0x10000308       0x20 CMakeFiles/taper.dir/Users/abefriedman/Code/mylib/MCP4X51_PICO/MCP4X51_PICO.cpp.obj
                0x10000308                DigiPot_MCP4x51::DigiPot_MCP4x51()
                0x10000308                DigiPot_MCP4x51::DigiPot_MCP4x51()
 .text._ZN15DigiPot_MCP4x5110writeValueEt
                0x10000328       0x4c CMakeFiles/taper.dir/Users/abefriedman/Code/mylib/MCP4X51_PICO/MCP4X51_PICO.cpp.obj
                0x10000328                DigiPot_MCP4x51::writeValue(unsigned short)
 .text._ZN15DigiPot_MCP4x515scaleEmmmmm
                0x10000374       0x18 CMakeFiles/taper.dir/Users/abefriedman/Code/mylib/MCP4X51_PICO/MCP4X51_PICO.cpp.obj
                0x10000374                DigiPot_MCP4x51::scale(unsigned long, unsigned long, unsigned long, unsigned long, unsigned long)
 .text._ZN15DigiPot_MCP4x5115getTaperedValueEt
                0x1000038c      0x170 CMakeFiles/taper.dir/Users/abefriedman/Code/mylib/MCP4X51_PICO/MCP4X51_PICO.cpp.obj
                0x1000038c                DigiPot_MCP4x51::getTaperedValue(unsigned short)
 .text._ZN15DigiPot_MCP4x5113writePositionEt
                0x100004fc       0x2c CMakeFiles/taper.dir/Users/abefriedman/Code/mylib/MCP4X51_PICO/MCP4X51_PICO.cpp.obj
                0x100004fc                DigiPot_MCP4x51::writePosition(unsigned short)
 .text._ZN15DigiPot_MCP4x518setTaperE5Taper
                0x10000528        0x4 CMakeFiles/taper.dir/Users/abefriedman/Code/mylib/MCP4X51_PICO/MCP4X51_PICO.cpp.obj
                0x10000528                DigiPot_MCP4x51::setTaper(Taper)
 .text._ZN15DigiPot_MCP4x514initEhh5Tapert
                0x1000052c       0x5c CMakeFiles/taper.dir/Users/abefriedman/Code/mylib/MCP4X51_PICO/MCP4X51_PICO.cpp.obj
                0x1000052c                DigiPot_MCP4x51::init(unsigned char, unsigned char, Taper, unsigned short)
 .text.adc_gpio_init
                0x10000588       0x1e CMakeFiles/taper.dir/taper.cpp.obj
 *fill*         0x100005a6        0x2 
 .text._Z11taperSelectjm
                0x100005a8       0x58 CMakeFiles/taper.dir/taper.cpp.obj
                0x100005a8                taperSelect(unsigned int, unsigned long)
 .text._Z41__static_initialization_and_destruction_0v
                0x10000600       0x10 CMakeFiles/taper.dir/taper.cpp.obj
 .text.main     0x10000610       0xdc CMakeFiles/taper.dir/taper.cpp.obj
                0x10000610                main
 .text._GLOBAL__sub_I_potentiometer
                0x100006ec        0x8 CMakeFiles/taper.dir/taper.cpp.obj
 .text.gpio_set_function
                0x100006f4       0x30 CMakeFiles/taper.dir/Users/abefriedman/Code/pico-sdk/src/rp2_common/hardware_gpio/gpio.c.obj
                0x100006f4                gpio_set_function
 .text.gpio_set_pulls
                0x10000724       0x34 CMakeFiles/taper.dir/Users/abefriedman/Code/pico-sdk/src/rp2_common/hardware_gpio/gpio.c.obj
                0x10000724                gpio_set_pulls
 .text.gpio_set_irq_callback
                0x10000758       0x48 CMakeFiles/taper.dir/Users/abefriedman/Code/pico-sdk/src/rp2_common/hardware_gpio/gpio.c.obj
                0x10000758                gpio_set_irq_callback
 .text.gpio_acknowledge_irq
                0x100007a0       0x18 CMakeFiles/taper.dir/Users/abefriedman/Code/pico-sdk/src/rp2_common/hardware_gpio/gpio.c.obj
                0x100007a0                gpio_acknowledge_irq
 .text._gpio_set_irq_enabled
                0x100007b8       0x34 CMakeFiles/taper.dir/Users/abefriedman/Code/pico-sdk/src/rp2_common/hardware_gpio/gpio.c.obj
 .text.gpio_set_irq_enabled
                0x100007ec       0x20 CMakeFiles/taper.dir/Users/abefriedman/Code/pico-sdk/src/rp2_common/hardware_gpio/gpio.c.obj
                0x100007ec                gpio_set_irq_enabled
 .text.gpio_set_irq_enabled_with_callback
                0x1000080c       0x20 CMakeFiles/taper.dir/Users/abefriedman/Code/pico-sdk/src/rp2_common/hardware_gpio/gpio.c.obj
                0x1000080c                gpio_set_irq_enabled_with_callback
 .text.gpio_default_irq_handler
                0x1000082c       0x98 CMakeFiles/taper.dir/Users/abefriedman/Code/pico-sdk/src/rp2_common/hardware_gpio/gpio.c.obj
 .text.gpio_set_input_enabled
                0x100008c4       0x30 CMakeFiles/taper.dir/Users/abefriedman/Code/pico-sdk/src/rp2_common/hardware_gpio/gpio.c.obj
                0x100008c4                gpio_set_input_enabled
 .text.gpio_init
                0x100008f4       0x16 CMakeFiles/taper.dir/Users/abefriedman/Code/pico-sdk/src/rp2_common/hardware_gpio/gpio.c.obj
                0x100008f4                gpio_init
 *fill*         0x1000090a        0x2 
 .text.running_on_fpga
                0x1000090c       0x14 CMakeFiles/taper.dir/Users/abefriedman/Code/pico-sdk/src/rp2_common/pico_platform/platform.c.obj
                0x1000090c                running_on_fpga
 .text.hw_claim_lock
                0x10000920       0x18 CMakeFiles/taper.dir/Users/abefriedman/Code/pico-sdk/src/rp2_common/hardware_claim/claim.c.obj
                0x10000920                hw_claim_lock
 .text.hw_claim_unlock
                0x10000938       0x14 CMakeFiles/taper.dir/Users/abefriedman/Code/pico-sdk/src/rp2_common/hardware_claim/claim.c.obj
                0x10000938                hw_claim_unlock
 .text.hw_claim_or_assert
                0x1000094c       0x32 CMakeFiles/taper.dir/Users/abefriedman/Code/pico-sdk/src/rp2_common/hardware_claim/claim.c.obj
                0x1000094c                hw_claim_or_assert
 .text.hw_claim_unused_from_range
                0x1000097e       0x50 CMakeFiles/taper.dir/Users/abefriedman/Code/pico-sdk/src/rp2_common/hardware_claim/claim.c.obj
                0x1000097e                hw_claim_unused_from_range
 *fill*         0x100009ce        0x2 
 .text.spin_locks_reset
                0x100009d0       0x20 CMakeFiles/taper.dir/Users/abefriedman/Code/pico-sdk/src/rp2_common/hardware_sync/sync.c.obj
                0x100009d0                spin_locks_reset
 .text.next_striped_spin_lock_num
                0x100009f0       0x1c CMakeFiles/taper.dir/Users/abefriedman/Code/pico-sdk/src/rp2_common/hardware_sync/sync.c.obj
                0x100009f0                next_striped_spin_lock_num
 .text.spin_lock_claim_unused
                0x10000a0c       0x24 CMakeFiles/taper.dir/Users/abefriedman/Code/pico-sdk/src/rp2_common/hardware_sync/sync.c.obj
                0x10000a0c                spin_lock_claim_unused
 .text.set_raw_irq_handler_and_unlock
                0x10000a30       0x28 CMakeFiles/taper.dir/Users/abefriedman/Code/pico-sdk/src/rp2_common/hardware_irq/irq.c.obj
 .text.resolve_branch
                0x10000a58       0x30 CMakeFiles/taper.dir/Users/abefriedman/Code/pico-sdk/src/rp2_common/hardware_irq/irq.c.obj
 .text.make_branch
                0x10000a88       0x48 CMakeFiles/taper.dir/Users/abefriedman/Code/pico-sdk/src/rp2_common/hardware_irq/irq.c.obj
 .text.insert_branch_and_link
                0x10000ad0       0x40 CMakeFiles/taper.dir/Users/abefriedman/Code/pico-sdk/src/rp2_common/hardware_irq/irq.c.obj
 .text.irq_is_enabled
                0x10000b10       0x18 CMakeFiles/taper.dir/Users/abefriedman/Code/pico-sdk/src/rp2_common/hardware_irq/irq.c.obj
                0x10000b10                irq_is_enabled
 .text.irq_set_mask_enabled
                0x10000b28       0x20 CMakeFiles/taper.dir/Users/abefriedman/Code/pico-sdk/src/rp2_common/hardware_irq/irq.c.obj
                0x10000b28                irq_set_mask_enabled
 .text.irq_set_enabled
                0x10000b48        0xe CMakeFiles/taper.dir/Users/abefriedman/Code/pico-sdk/src/rp2_common/hardware_irq/irq.c.obj
                0x10000b48                irq_set_enabled
 *fill*         0x10000b56        0x2 
 .text.irq_set_pending
                0x10000b58       0x10 CMakeFiles/taper.dir/Users/abefriedman/Code/pico-sdk/src/rp2_common/hardware_irq/irq.c.obj
                0x10000b58                irq_set_pending
 .text.irq_get_vtable_handler
                0x10000b68       0x10 CMakeFiles/taper.dir/Users/abefriedman/Code/pico-sdk/src/rp2_common/hardware_irq/irq.c.obj
                0x10000b68                irq_get_vtable_handler
 .text.irq_has_shared_handler
                0x10000b78       0x24 CMakeFiles/taper.dir/Users/abefriedman/Code/pico-sdk/src/rp2_common/hardware_irq/irq.c.obj
                0x10000b78                irq_has_shared_handler
 .text.irq_set_exclusive_handler
                0x10000b9c       0x54 CMakeFiles/taper.dir/Users/abefriedman/Code/pico-sdk/src/rp2_common/hardware_irq/irq.c.obj
                0x10000b9c                irq_set_exclusive_handler
 .text.irq_add_shared_handler
                0x10000bf0      0x210 CMakeFiles/taper.dir/Users/abefriedman/Code/pico-sdk/src/rp2_common/hardware_irq/irq.c.obj
                0x10000bf0                irq_add_shared_handler
 .text.irq_remove_handler
                0x10000e00      0x188 CMakeFiles/taper.dir/Users/abefriedman/Code/pico-sdk/src/rp2_common/hardware_irq/irq.c.obj
                0x10000e00                irq_remove_handler
 .text.irq_add_tail_to_free_list
                0x10000f88       0xf0 CMakeFiles/taper.dir/Users/abefriedman/Code/pico-sdk/src/rp2_common/hardware_irq/irq.c.obj
                0x10000f88                irq_add_tail_to_free_list
 .text.irq_init_priorities
                0x10001078       0x1c CMakeFiles/taper.dir/Users/abefriedman/Code/pico-sdk/src/rp2_common/hardware_irq/irq.c.obj
                0x10001078                irq_init_priorities
 .text.user_irq_claim_unused
                0x10001094       0x2c CMakeFiles/taper.dir/Users/abefriedman/Code/pico-sdk/src/rp2_common/hardware_irq/irq.c.obj
                0x10001094                user_irq_claim_unused
 .text.lock_init
                0x100010c0       0x10 CMakeFiles/taper.dir/Users/abefriedman/Code/pico-sdk/src/common/pico_sync/lock_core.c.obj
                0x100010c0                lock_init
 .text.update_us_since_boot
                0x100010d0       0x24 CMakeFiles/taper.dir/Users/abefriedman/Code/pico-sdk/src/common/pico_sync/mutex.c.obj
 .text.delayed_by_ms
                0x100010f4       0x44 CMakeFiles/taper.dir/Users/abefriedman/Code/pico-sdk/src/common/pico_sync/mutex.c.obj
 .text.get_absolute_time
                0x10001138       0x22 CMakeFiles/taper.dir/Users/abefriedman/Code/pico-sdk/src/common/pico_sync/mutex.c.obj
 .text.make_timeout_time_ms
                0x1000115a       0x20 CMakeFiles/taper.dir/Users/abefriedman/Code/pico-sdk/src/common/pico_sync/mutex.c.obj
 .text.mutex_init
                0x1000117a       0x1a CMakeFiles/taper.dir/Users/abefriedman/Code/pico-sdk/src/common/pico_sync/mutex.c.obj
                0x1000117a                mutex_init
 .text.recursive_mutex_init
                0x10001194       0x1e CMakeFiles/taper.dir/Users/abefriedman/Code/pico-sdk/src/common/pico_sync/mutex.c.obj
                0x10001194                recursive_mutex_init
 *fill*         0x100011b2        0x2 
 .text.critical_section_init_with_lock_num
                0x100011b4       0x14 CMakeFiles/taper.dir/Users/abefriedman/Code/pico-sdk/src/common/pico_sync/critical_section.c.obj
                0x100011b4                critical_section_init_with_lock_num
 .text.critical_section_init
                0x100011c8       0x14 CMakeFiles/taper.dir/Users/abefriedman/Code/pico-sdk/src/common/pico_sync/critical_section.c.obj
                0x100011c8                critical_section_init
 .text.time_reached
                0x100011dc       0x28 CMakeFiles/taper.dir/Users/abefriedman/Code/pico-sdk/src/common/pico_time/time.c.obj
 .text.get_entry
                0x10001204       0x38 CMakeFiles/taper.dir/Users/abefriedman/Code/pico-sdk/src/common/pico_time/time.c.obj
 .text.timer_pool_entry_comparator
                0x1000123c       0x2e CMakeFiles/taper.dir/Users/abefriedman/Code/pico-sdk/src/common/pico_time/time.c.obj
                0x1000123c                timer_pool_entry_comparator
 *fill*         0x1000126a        0x2 
 .text.update_us_since_boot
                0x1000126c       0x24 CMakeFiles/taper.dir/Users/abefriedman/Code/pico-sdk/src/common/pico_time/time.c.obj
 .text.delayed_by_us
                0x10001290       0x34 CMakeFiles/taper.dir/Users/abefriedman/Code/pico-sdk/src/common/pico_time/time.c.obj
 .text.ph_get_node
                0x100012c4       0x30 CMakeFiles/taper.dir/Users/abefriedman/Code/pico-sdk/src/common/pico_time/time.c.obj
 .text.ph_contains_node
                0x100012f4       0x1e CMakeFiles/taper.dir/Users/abefriedman/Code/pico-sdk/src/common/pico_time/time.c.obj
 .text.ph_new_node
                0x10001312       0x28 CMakeFiles/taper.dir/Users/abefriedman/Code/pico-sdk/src/common/pico_time/time.c.obj
 *fill*         0x1000133a        0x2 
 .text.ph_add_child_node
                0x1000133c       0x6c CMakeFiles/taper.dir/Users/abefriedman/Code/pico-sdk/src/common/pico_time/time.c.obj
 .text.ph_merge_nodes
                0x100013a8       0x3e CMakeFiles/taper.dir/Users/abefriedman/Code/pico-sdk/src/common/pico_time/time.c.obj
 *fill*         0x100013e6        0x2 
 .text.ph_insert_node
                0x100013e8       0x3c CMakeFiles/taper.dir/Users/abefriedman/Code/pico-sdk/src/common/pico_time/time.c.obj
 .text.ph_free_node
                0x10001424       0x5c CMakeFiles/taper.dir/Users/abefriedman/Code/pico-sdk/src/common/pico_time/time.c.obj
 .text.get_entry_id_high
                0x10001480       0x30 CMakeFiles/taper.dir/Users/abefriedman/Code/pico-sdk/src/common/pico_time/time.c.obj
 .text.alarm_pool_post_alloc_init
                0x100014b0       0x40 CMakeFiles/taper.dir/Users/abefriedman/Code/pico-sdk/src/common/pico_time/time.c.obj
 .text.sleep_until_callback
                0x100014f0       0x30 CMakeFiles/taper.dir/Users/abefriedman/Code/pico-sdk/src/common/pico_time/time.c.obj
 .text.get_absolute_time
                0x10001520       0x22 CMakeFiles/taper.dir/Users/abefriedman/Code/pico-sdk/src/common/pico_time/time.c.obj
 *fill*         0x10001542        0x2 
 .text.add_alarm_under_lock
                0x10001544       0x94 CMakeFiles/taper.dir/Users/abefriedman/Code/pico-sdk/src/common/pico_time/time.c.obj
 .text.alarm_pool_alarm_callback
                0x100015d8      0x210 CMakeFiles/taper.dir/Users/abefriedman/Code/pico-sdk/src/common/pico_time/time.c.obj
 .text.alarm_pool_init_default
                0x100017e8       0x40 CMakeFiles/taper.dir/Users/abefriedman/Code/pico-sdk/src/common/pico_time/time.c.obj
                0x100017e8                alarm_pool_init_default
 .text.alarm_pool_get_default
                0x10001828       0x2c CMakeFiles/taper.dir/Users/abefriedman/Code/pico-sdk/src/common/pico_time/time.c.obj
                0x10001828                alarm_pool_get_default
 .text.alarm_pool_add_alarm_at
                0x10001854      0x10e CMakeFiles/taper.dir/Users/abefriedman/Code/pico-sdk/src/common/pico_time/time.c.obj
                0x10001854                alarm_pool_add_alarm_at
 .text.add_alarm_at
                0x10001962       0x2e CMakeFiles/taper.dir/Users/abefriedman/Code/pico-sdk/src/common/pico_time/time.c.obj
 .text.alarm_pool_cancel_alarm
                0x10001990       0xa8 CMakeFiles/taper.dir/Users/abefriedman/Code/pico-sdk/src/common/pico_time/time.c.obj
                0x10001990                alarm_pool_cancel_alarm
 .text.cancel_alarm
                0x10001a38       0x10 CMakeFiles/taper.dir/Users/abefriedman/Code/pico-sdk/src/common/pico_time/time.c.obj
 .text.alarm_pool_core_num
                0x10001a48        0x4 CMakeFiles/taper.dir/Users/abefriedman/Code/pico-sdk/src/common/pico_time/time.c.obj
                0x10001a48                alarm_pool_core_num
 .text.best_effort_wfe_or_timeout
                0x10001a4c       0x44 CMakeFiles/taper.dir/Users/abefriedman/Code/pico-sdk/src/common/pico_time/time.c.obj
                0x10001a4c                best_effort_wfe_or_timeout
 .text.hardware_alarm_irq_handler
                0x10001a90       0x8c CMakeFiles/taper.dir/Users/abefriedman/Code/pico-sdk/src/rp2_common/hardware_timer/timer.c.obj
 .text.hardware_alarm_claim
                0x10001b1c       0x18 CMakeFiles/taper.dir/Users/abefriedman/Code/pico-sdk/src/rp2_common/hardware_timer/timer.c.obj
                0x10001b1c                hardware_alarm_claim
 .text.time_us_64
                0x10001b34       0x18 CMakeFiles/taper.dir/Users/abefriedman/Code/pico-sdk/src/rp2_common/hardware_timer/timer.c.obj
                0x10001b34                time_us_64
 .text.hardware_alarm_set_callback
                0x10001b4c       0x90 CMakeFiles/taper.dir/Users/abefriedman/Code/pico-sdk/src/rp2_common/hardware_timer/timer.c.obj
                0x10001b4c                hardware_alarm_set_callback
 .text.hardware_alarm_set_target
                0x10001bdc       0xe8 CMakeFiles/taper.dir/Users/abefriedman/Code/pico-sdk/src/rp2_common/hardware_timer/timer.c.obj
                0x10001bdc                hardware_alarm_set_target
 .text.hardware_alarm_cancel
                0x10001cc4       0x40 CMakeFiles/taper.dir/Users/abefriedman/Code/pico-sdk/src/rp2_common/hardware_timer/timer.c.obj
                0x10001cc4                hardware_alarm_cancel
 .text.ph_get_node
                0x10001d04       0x30 CMakeFiles/taper.dir/Users/abefriedman/Code/pico-sdk/src/common/pico_util/pheap.c.obj
 .text.ph_add_child_node
                0x10001d34       0x6c CMakeFiles/taper.dir/Users/abefriedman/Code/pico-sdk/src/common/pico_util/pheap.c.obj
 .text.ph_merge_nodes
                0x10001da0       0x3e CMakeFiles/taper.dir/Users/abefriedman/Code/pico-sdk/src/common/pico_util/pheap.c.obj
 .text.ph_clear
                0x10001dde       0x34 CMakeFiles/taper.dir/Users/abefriedman/Code/pico-sdk/src/common/pico_util/pheap.c.obj
                0x10001dde                ph_clear
 .text.ph_post_alloc_init
                0x10001e12        0xe CMakeFiles/taper.dir/Users/abefriedman/Code/pico-sdk/src/common/pico_util/pheap.c.obj
                0x10001e12                ph_post_alloc_init
 .text.ph_merge_two_pass
                0x10001e20       0x5c CMakeFiles/taper.dir/Users/abefriedman/Code/pico-sdk/src/common/pico_util/pheap.c.obj
                0x10001e20                ph_merge_two_pass
 .text.ph_remove_any_head
                0x10001e7c       0xc0 CMakeFiles/taper.dir/Users/abefriedman/Code/pico-sdk/src/common/pico_util/pheap.c.obj
 .text.ph_remove_head
                0x10001f3c       0x14 CMakeFiles/taper.dir/Users/abefriedman/Code/pico-sdk/src/common/pico_util/pheap.c.obj
                0x10001f3c                ph_remove_head
 .text.ph_remove_and_free_node
                0x10001f50       0xa0 CMakeFiles/taper.dir/Users/abefriedman/Code/pico-sdk/src/common/pico_util/pheap.c.obj
                0x10001f50                ph_remove_and_free_node
 .text.clock_configure
                0x10001ff0      0x108 CMakeFiles/taper.dir/Users/abefriedman/Code/pico-sdk/src/rp2_common/hardware_clocks/clocks.c.obj
                0x10001ff0                clock_configure
 .text.clocks_init
                0x100020f8      0x100 CMakeFiles/taper.dir/Users/abefriedman/Code/pico-sdk/src/rp2_common/hardware_clocks/clocks.c.obj
                0x100020f8                clocks_init
 .text.clock_get_hz
                0x100021f8        0xc CMakeFiles/taper.dir/Users/abefriedman/Code/pico-sdk/src/rp2_common/hardware_clocks/clocks.c.obj
                0x100021f8                clock_get_hz
 .text.pll_init
                0x10002204      0x120 CMakeFiles/taper.dir/Users/abefriedman/Code/pico-sdk/src/rp2_common/hardware_pll/pll.c.obj
                0x10002204                pll_init
 .text.watchdog_start_tick
                0x10002324       0x10 CMakeFiles/taper.dir/Users/abefriedman/Code/pico-sdk/src/rp2_common/hardware_watchdog/watchdog.c.obj
                0x10002324                watchdog_start_tick
 .text.watchdog_update
                0x10002334       0x14 CMakeFiles/taper.dir/Users/abefriedman/Code/pico-sdk/src/rp2_common/hardware_watchdog/watchdog.c.obj
                0x10002334                watchdog_update
 .text._watchdog_enable
                0x10002348       0x78 CMakeFiles/taper.dir/Users/abefriedman/Code/pico-sdk/src/rp2_common/hardware_watchdog/watchdog.c.obj
                0x10002348                _watchdog_enable
 .text.watchdog_reboot
                0x100023c0       0x48 CMakeFiles/taper.dir/Users/abefriedman/Code/pico-sdk/src/rp2_common/hardware_watchdog/watchdog.c.obj
                0x100023c0                watchdog_reboot
 .text.xosc_init
                0x10002408       0x28 CMakeFiles/taper.dir/Users/abefriedman/Code/pico-sdk/src/rp2_common/hardware_xosc/xosc.c.obj
                0x10002408                xosc_init
 .text._exit    0x10002430        0x4 CMakeFiles/taper.dir/Users/abefriedman/Code/pico-sdk/src/rp2_common/pico_runtime/runtime.c.obj
                0x10002430                _exit
 .text.exit     0x10002434        0x6 CMakeFiles/taper.dir/Users/abefriedman/Code/pico-sdk/src/rp2_common/pico_runtime/runtime.c.obj
                0x10002434                exit
 *fill*         0x1000243a        0x2 
 .text.__assert_func
                0x1000243c       0x38 CMakeFiles/taper.dir/Users/abefriedman/Code/pico-sdk/src/rp2_common/pico_runtime/runtime.c.obj
                0x1000243c                __assert_func
 .text.runtime_init
                0x10002474       0xf8 CMakeFiles/taper.dir/Users/abefriedman/Code/pico-sdk/src/rp2_common/pico_runtime/runtime.c.obj
                0x10002474                runtime_init
 .text.panic    0x1000256c       0x30 CMakeFiles/taper.dir/Users/abefriedman/Code/pico-sdk/src/rp2_common/pico_runtime/runtime.c.obj
                0x1000256c                panic
 .text._out_null
                0x1000259c        0x2 CMakeFiles/taper.dir/Users/abefriedman/Code/pico-sdk/src/rp2_common/pico_printf/printf.c.obj
 .text._out_fct
                0x1000259e        0xe CMakeFiles/taper.dir/Users/abefriedman/Code/pico-sdk/src/rp2_common/pico_printf/printf.c.obj
 .text._atoi    0x100025ac       0x24 CMakeFiles/taper.dir/Users/abefriedman/Code/pico-sdk/src/rp2_common/pico_printf/printf.c.obj
 .text._out_rev
                0x100025d0       0xae CMakeFiles/taper.dir/Users/abefriedman/Code/pico-sdk/src/rp2_common/pico_printf/printf.c.obj
 .text._ntoa_format
                0x1000267e      0x110 CMakeFiles/taper.dir/Users/abefriedman/Code/pico-sdk/src/rp2_common/pico_printf/printf.c.obj
 .text._ntoa_long
                0x1000278e       0xbc CMakeFiles/taper.dir/Users/abefriedman/Code/pico-sdk/src/rp2_common/pico_printf/printf.c.obj
 .text._ntoa_long_long
                0x1000284a      0x10e CMakeFiles/taper.dir/Users/abefriedman/Code/pico-sdk/src/rp2_common/pico_printf/printf.c.obj
 .text._etoa    0x10002958      0x420 CMakeFiles/taper.dir/Users/abefriedman/Code/pico-sdk/src/rp2_common/pico_printf/printf.c.obj
 .text._ftoa    0x10002d78      0x354 CMakeFiles/taper.dir/Users/abefriedman/Code/pico-sdk/src/rp2_common/pico_printf/printf.c.obj
 .text._vsnprintf
                0x100030cc      0x668 CMakeFiles/taper.dir/Users/abefriedman/Code/pico-sdk/src/rp2_common/pico_printf/printf.c.obj
 .text.vfctprintf
                0x10003734       0x20 CMakeFiles/taper.dir/Users/abefriedman/Code/pico-sdk/src/rp2_common/pico_printf/printf.c.obj
                0x10003734                vfctprintf
 .text          0x10003754       0x10 CMakeFiles/taper.dir/Users/abefriedman/Code/pico-sdk/src/rp2_common/pico_bit_ops/bit_ops_aeabi.S.obj
 .text.rom_func_lookup
                0x10003764       0x10 CMakeFiles/taper.dir/Users/abefriedman/Code/pico-sdk/src/rp2_common/pico_bootrom/bootrom.c.obj
                0x10003764                rom_func_lookup
 .text.rom_data_lookup
                0x10003774       0x10 CMakeFiles/taper.dir/Users/abefriedman/Code/pico-sdk/src/rp2_common/pico_bootrom/bootrom.c.obj
                0x10003774                rom_data_lookup
 .text.rom_funcs_lookup
                0x10003784       0x36 CMakeFiles/taper.dir/Users/abefriedman/Code/pico-sdk/src/rp2_common/pico_bootrom/bootrom.c.obj
                0x10003784                rom_funcs_lookup
 *fill*         0x100037ba        0x2 
 .text.__wrap___aeabi_idiv
                0x100037bc       0x50 CMakeFiles/taper.dir/Users/abefriedman/Code/pico-sdk/src/rp2_common/pico_divider/divider.S.obj
                0x100037bc                __wrap___aeabi_idivmod
                0x100037bc                divmod_s32s32
                0x100037bc                div_s32s32
                0x100037bc                __wrap___aeabi_idiv
                0x100037c4                divmod_s32s32_unsafe
                0x100037f0                divmod_s32s32_savestate
 .text.__wrap___aeabi_uidiv
                0x1000380c       0x4c CMakeFiles/taper.dir/Users/abefriedman/Code/pico-sdk/src/rp2_common/pico_divider/divider.S.obj
                0x1000380c                __wrap___aeabi_uidiv
                0x1000380c                __wrap___aeabi_uidivmod
                0x1000380c                div_u32u32
                0x1000380c                divmod_u32u32
                0x10003814                divmod_u32u32_unsafe
                0x1000383c                divmod_u32u32_savestate
 .text.__wrap___aeabi_ldiv
                0x10003858      0x424 CMakeFiles/taper.dir/Users/abefriedman/Code/pico-sdk/src/rp2_common/pico_divider/divider.S.obj
                0x10003858                __wrap___aeabi_ldivmod
                0x10003858                div_s64s64
                0x10003858                divmod_s64s64
                0x10003888                divmod_u64u64
                0x10003888                div_u64u64
                0x10003888                __wrap___aeabi_uldivmod
                0x10003898                divmod_u64u64_savestate
                0x100038b8                divmod_s64s64_unsafe
                0x10003940                divmod_u64u64_unsafe
 .text.__wrap___aeabi_darithmetic
                0x10003c7c       0x80 CMakeFiles/taper.dir/Users/abefriedman/Code/pico-sdk/src/rp2_common/pico_double/double_aeabi.S.obj
                0x10003c7c                __wrap___aeabi_drsub
                0x10003c82                __wrap___aeabi_dsub
                0x10003c94                __wrap___aeabi_dadd
                0x10003ca6                __wrap___aeabi_ddiv
                0x10003ce2                __wrap___aeabi_dmul
 .text.__wrap___aeabi_cdcmple
                0x10003cfc       0x6c CMakeFiles/taper.dir/Users/abefriedman/Code/pico-sdk/src/rp2_common/pico_double/double_aeabi.S.obj
                0x10003cfc                __wrap___aeabi_cdrcmple
                0x10003d0c                __wrap___aeabi_cdcmple
                0x10003d0c                __wrap___aeabi_cdcmpeq
 .text.__wrap___aeabi_dcmplt
                0x10003d68        0xc CMakeFiles/taper.dir/Users/abefriedman/Code/pico-sdk/src/rp2_common/pico_double/double_aeabi.S.obj
                0x10003d68                __wrap___aeabi_dcmplt
 .text.__wrap___aeabi_dcmple
                0x10003d74       0x10 CMakeFiles/taper.dir/Users/abefriedman/Code/pico-sdk/src/rp2_common/pico_double/double_aeabi.S.obj
                0x10003d74                __wrap___aeabi_dcmple
 .text.__wrap___aeabi_dcmpge
                0x10003d84       0x10 CMakeFiles/taper.dir/Users/abefriedman/Code/pico-sdk/src/rp2_common/pico_double/double_aeabi.S.obj
                0x10003d84                __wrap___aeabi_dcmpge
 .text.__wrap___aeabi_dcmpgt
                0x10003d94        0xa CMakeFiles/taper.dir/Users/abefriedman/Code/pico-sdk/src/rp2_common/pico_double/double_aeabi.S.obj
                0x10003d94                __wrap___aeabi_dcmpgt
 .text.__wrap___aeabi_dcmpun
                0x10003d9e       0x1c CMakeFiles/taper.dir/Users/abefriedman/Code/pico-sdk/src/rp2_common/pico_double/double_aeabi.S.obj
                0x10003d9e                __wrap___aeabi_dcmpun
 *fill*         0x10003dba        0x2 
 .text.__wrap___aeabi_i2d
                0x10003dbc       0x38 CMakeFiles/taper.dir/Users/abefriedman/Code/pico-sdk/src/rp2_common/pico_double/double_aeabi.S.obj
                0x10003dbc                __wrap___aeabi_ui2d
                0x10003dc4                __wrap___aeabi_i2d
 .text.__wrap___aeabi_d2iz
                0x10003df4       0x48 CMakeFiles/taper.dir/Users/abefriedman/Code/pico-sdk/src/rp2_common/pico_double/double_aeabi.S.obj
                0x10003df4                __wrap___aeabi_d2iz
                0x10003df4                double2int_z
 .text.__wrap___aeabi_d2uiz
                0x10003e3c       0x18 CMakeFiles/taper.dir/Users/abefriedman/Code/pico-sdk/src/rp2_common/pico_double/double_aeabi.S.obj
                0x10003e3c                double2uint
                0x10003e3c                __wrap___aeabi_d2uiz
 .text.__aeabi_double_init
                0x10003e54       0xcc CMakeFiles/taper.dir/Users/abefriedman/Code/pico-sdk/src/rp2_common/pico_double/double_init_rom.c.obj
                0x10003e54                __aeabi_double_init
 .text.double_table_shim_on_use_helper
                0x10003f20       0x34 CMakeFiles/taper.dir/Users/abefriedman/Code/pico-sdk/src/rp2_common/pico_double/double_v1_rom_shim.S.obj
                0x10003f20                double_table_shim_on_use_helper
 .text.__wrap___aeabi_dsub
                0x10003f54       0x10 CMakeFiles/taper.dir/Users/abefriedman/Code/pico-sdk/src/rp2_common/pico_double/double_v1_rom_shim.S.obj
                0x10003f54                drsub_shim
                0x10003f5a                dsub_shim
 .text.dadd_shim
                0x10003f64      0x15c CMakeFiles/taper.dir/Users/abefriedman/Code/pico-sdk/src/rp2_common/pico_double/double_v1_rom_shim.S.obj
                0x10003f64                dadd_shim
 .text.dmul_shim
                0x100040c0      0x15c CMakeFiles/taper.dir/Users/abefriedman/Code/pico-sdk/src/rp2_common/pico_double/double_v1_rom_shim.S.obj
                0x100040c0                dmul_shim
 .text.ddiv_shim
                0x1000421c      0x1b0 CMakeFiles/taper.dir/Users/abefriedman/Code/pico-sdk/src/rp2_common/pico_double/double_v1_rom_shim.S.obj
                0x1000421c                ddiv_shim
 .text.double2uint_shim
                0x100043cc        0xe CMakeFiles/taper.dir/Users/abefriedman/Code/pico-sdk/src/rp2_common/pico_double/double_v1_rom_shim.S.obj
                0x100043cc                double2uint_shim
                0x100043ce                double2ufix_shim
 *fill*         0x100043da        0x2 
 .text.double2uint64_shim
                0x100043dc       0x70 CMakeFiles/taper.dir/Users/abefriedman/Code/pico-sdk/src/rp2_common/pico_double/double_v1_rom_shim.S.obj
                0x100043dc                double2uint64_shim
                0x100043de                double2ufix64_shim
                0x100043fe                d2fix_a
 .text.dunpacks
                0x1000444c       0x3c CMakeFiles/taper.dir/Users/abefriedman/Code/pico-sdk/src/rp2_common/pico_double/double_v1_rom_shim.S.obj
                0x1000444c                dunpacks
 .text.__aeabi_lmul
                0x10004488       0x32 CMakeFiles/taper.dir/Users/abefriedman/Code/pico-sdk/src/rp2_common/pico_int64_ops/pico_int64_ops_aeabi.S.obj
                0x10004488                __wrap___aeabi_lmul
 *fill*         0x100044ba        0x2 
 .text.__aeabi_float_init
                0x100044bc       0xfc CMakeFiles/taper.dir/Users/abefriedman/Code/pico-sdk/src/rp2_common/pico_float/float_init_rom.c.obj
                0x100044bc                __aeabi_float_init
 .text.float_table_shim_on_use_helper
                0x100045b8       0x34 CMakeFiles/taper.dir/Users/abefriedman/Code/pico-sdk/src/rp2_common/pico_float/float_v1_rom_shim.S.obj
                0x100045b8                float_table_shim_on_use_helper
 .text          0x100045ec       0x10 CMakeFiles/taper.dir/Users/abefriedman/Code/pico-sdk/src/rp2_common/pico_mem_ops/mem_ops_aeabi.S.obj
                0x100045ec                __aeabi_mem_init
 .text.memset   0x100045fc        0xc CMakeFiles/taper.dir/Users/abefriedman/Code/pico-sdk/src/rp2_common/pico_mem_ops/mem_ops_aeabi.S.obj
                0x100045fc                __wrap_memset
 .text.memcpy   0x10004608        0xc CMakeFiles/taper.dir/Users/abefriedman/Code/pico-sdk/src/rp2_common/pico_mem_ops/mem_ops_aeabi.S.obj
                0x10004608                __wrap___aeabi_memcpy
                0x10004608                __wrap_memcpy
 .text.stdio_out_chars_no_crlf
                0x10004614        0xe CMakeFiles/taper.dir/Users/abefriedman/Code/pico-sdk/src/rp2_common/pico_stdio/stdio.c.obj
 *fill*         0x10004622        0x2 
 .text.stdio_out_chars_crlf
                0x10004624       0x80 CMakeFiles/taper.dir/Users/abefriedman/Code/pico-sdk/src/rp2_common/pico_stdio/stdio.c.obj
 .text.stdio_stack_buffer_flush
                0x100046a4       0x44 CMakeFiles/taper.dir/Users/abefriedman/Code/pico-sdk/src/rp2_common/pico_stdio/stdio.c.obj
 .text.stdio_buffered_printer
                0x100046e8       0x20 CMakeFiles/taper.dir/Users/abefriedman/Code/pico-sdk/src/rp2_common/pico_stdio/stdio.c.obj
 .text.update_us_since_boot
                0x10004708       0x24 CMakeFiles/taper.dir/Users/abefriedman/Code/pico-sdk/src/rp2_common/pico_stdio/stdio.c.obj
 .text.get_absolute_time
                0x1000472c       0x22 CMakeFiles/taper.dir/Users/abefriedman/Code/pico-sdk/src/rp2_common/pico_stdio/stdio.c.obj
 *fill*         0x1000474e        0x2 
 .text.delayed_by_ms
                0x10004750       0x44 CMakeFiles/taper.dir/Users/abefriedman/Code/pico-sdk/src/rp2_common/pico_stdio/stdio.c.obj
 .text.make_timeout_time_ms
                0x10004794       0x20 CMakeFiles/taper.dir/Users/abefriedman/Code/pico-sdk/src/rp2_common/pico_stdio/stdio.c.obj
 .text.stdout_serialize_begin
                0x100047b4       0x20 CMakeFiles/taper.dir/Users/abefriedman/Code/pico-sdk/src/rp2_common/pico_stdio/stdio.c.obj
                0x100047b4                stdout_serialize_begin
 .text.stdout_serialize_end
                0x100047d4       0x10 CMakeFiles/taper.dir/Users/abefriedman/Code/pico-sdk/src/rp2_common/pico_stdio/stdio.c.obj
                0x100047d4                stdout_serialize_end
 .text.stdio_put_string
                0x100047e4       0x98 CMakeFiles/taper.dir/Users/abefriedman/Code/pico-sdk/src/rp2_common/pico_stdio/stdio.c.obj
 .text.stdio_set_driver_enabled
                0x1000487c       0x2c CMakeFiles/taper.dir/Users/abefriedman/Code/pico-sdk/src/rp2_common/pico_stdio/stdio.c.obj
                0x1000487c                stdio_set_driver_enabled
 .text.stdio_flush
                0x100048a8       0x20 CMakeFiles/taper.dir/Users/abefriedman/Code/pico-sdk/src/rp2_common/pico_stdio/stdio.c.obj
                0x100048a8                stdio_flush
 .text.__wrap_puts
                0x100048c8       0x1e CMakeFiles/taper.dir/Users/abefriedman/Code/pico-sdk/src/rp2_common/pico_stdio/stdio.c.obj
                0x100048c8                __wrap_puts
 *fill*         0x100048e6        0x2 
 .text.__wrap_vprintf
                0x100048e8       0x40 CMakeFiles/taper.dir/Users/abefriedman/Code/pico-sdk/src/rp2_common/pico_stdio/stdio.c.obj
                0x100048e8                __wrap_vprintf
 .text.__wrap_printf
                0x10004928       0x18 CMakeFiles/taper.dir/Users/abefriedman/Code/pico-sdk/src/rp2_common/pico_stdio/stdio.c.obj
                0x10004928                __wrap_printf
 .text.stdio_init_all
                0x10004940        0x8 CMakeFiles/taper.dir/Users/abefriedman/Code/pico-sdk/src/rp2_common/pico_stdio/stdio.c.obj
                0x10004940                stdio_init_all
 .text.resetd_init
                0x10004948        0x2 CMakeFiles/taper.dir/Users/abefriedman/Code/pico-sdk/src/rp2_common/pico_stdio_usb/reset_interface.c.obj
 *fill*         0x1000494a        0x2 
 .text.resetd_reset
                0x1000494c        0xc CMakeFiles/taper.dir/Users/abefriedman/Code/pico-sdk/src/rp2_common/pico_stdio_usb/reset_interface.c.obj
 .text.resetd_open
                0x10004958       0x34 CMakeFiles/taper.dir/Users/abefriedman/Code/pico-sdk/src/rp2_common/pico_stdio_usb/reset_interface.c.obj
 .text.resetd_xfer_cb
                0x1000498c        0x4 CMakeFiles/taper.dir/Users/abefriedman/Code/pico-sdk/src/rp2_common/pico_stdio_usb/reset_interface.c.obj
 .text.reset_usb_boot
                0x10004990       0x18 CMakeFiles/taper.dir/Users/abefriedman/Code/pico-sdk/src/rp2_common/pico_stdio_usb/reset_interface.c.obj
 .text.resetd_control_xfer_cb
                0x100049a8       0x5c CMakeFiles/taper.dir/Users/abefriedman/Code/pico-sdk/src/rp2_common/pico_stdio_usb/reset_interface.c.obj
 .text.usbd_app_driver_get_cb
                0x10004a04        0xc CMakeFiles/taper.dir/Users/abefriedman/Code/pico-sdk/src/rp2_common/pico_stdio_usb/reset_interface.c.obj
                0x10004a04                usbd_app_driver_get_cb
 .text.tud_cdc_line_coding_cb
                0x10004a10       0x28 CMakeFiles/taper.dir/Users/abefriedman/Code/pico-sdk/src/rp2_common/pico_stdio_usb/reset_interface.c.obj
                0x10004a10                tud_cdc_line_coding_cb
 .text.stdio_usb_set_chars_available_callback
                0x10004a38       0x14 CMakeFiles/taper.dir/Users/abefriedman/Code/pico-sdk/src/rp2_common/pico_stdio_usb/stdio_usb.c.obj
                0x10004a38                stdio_usb_set_chars_available_callback
 .text.update_us_since_boot
                0x10004a4c       0x24 CMakeFiles/taper.dir/Users/abefriedman/Code/pico-sdk/src/rp2_common/pico_stdio_usb/stdio_usb.c.obj
 .text.get_absolute_time
                0x10004a70       0x22 CMakeFiles/taper.dir/Users/abefriedman/Code/pico-sdk/src/rp2_common/pico_stdio_usb/stdio_usb.c.obj
 *fill*         0x10004a92        0x2 
 .text.delayed_by_ms
                0x10004a94       0x44 CMakeFiles/taper.dir/Users/abefriedman/Code/pico-sdk/src/rp2_common/pico_stdio_usb/stdio_usb.c.obj
 .text.make_timeout_time_ms
                0x10004ad8       0x20 CMakeFiles/taper.dir/Users/abefriedman/Code/pico-sdk/src/rp2_common/pico_stdio_usb/stdio_usb.c.obj
 .text.delayed_by_us
                0x10004af8       0x34 CMakeFiles/taper.dir/Users/abefriedman/Code/pico-sdk/src/rp2_common/pico_stdio_usb/stdio_usb.c.obj
 .text.usb_irq  0x10004b2c       0x10 CMakeFiles/taper.dir/Users/abefriedman/Code/pico-sdk/src/rp2_common/pico_stdio_usb/stdio_usb.c.obj
 .text.critical_section_enter_blocking
                0x10004b3c       0x16 CMakeFiles/taper.dir/Users/abefriedman/Code/pico-sdk/src/rp2_common/pico_stdio_usb/stdio_usb.c.obj
 *fill*         0x10004b52        0x2 
 .text.timer_task
                0x10004b54       0x4c CMakeFiles/taper.dir/Users/abefriedman/Code/pico-sdk/src/rp2_common/pico_stdio_usb/stdio_usb.c.obj
 .text.alarm_pool_add_alarm_in_us
                0x10004ba0       0x3a CMakeFiles/taper.dir/Users/abefriedman/Code/pico-sdk/src/rp2_common/pico_stdio_usb/stdio_usb.c.obj
 .text.add_alarm_in_us
                0x10004bda       0x2e CMakeFiles/taper.dir/Users/abefriedman/Code/pico-sdk/src/rp2_common/pico_stdio_usb/stdio_usb.c.obj
 .text.low_priority_worker_irq
                0x10004c08       0x7c CMakeFiles/taper.dir/Users/abefriedman/Code/pico-sdk/src/rp2_common/pico_stdio_usb/stdio_usb.c.obj
 .text.tud_cdc_rx_cb
                0x10004c84       0x20 CMakeFiles/taper.dir/Users/abefriedman/Code/pico-sdk/src/rp2_common/pico_stdio_usb/stdio_usb.c.obj
                0x10004c84                tud_cdc_rx_cb
 .text.stdio_usb_init
                0x10004ca4       0xd0 CMakeFiles/taper.dir/Users/abefriedman/Code/pico-sdk/src/rp2_common/pico_stdio_usb/stdio_usb.c.obj
                0x10004ca4                stdio_usb_init
 .text.stdio_usb_connected
                0x10004d74        0xa CMakeFiles/taper.dir/Users/abefriedman/Code/pico-sdk/src/rp2_common/pico_stdio_usb/stdio_usb.c.obj
                0x10004d74                stdio_usb_connected
 *fill*         0x10004d7e        0x2 
 .text.stdio_usb_in_chars
                0x10004d80       0x88 CMakeFiles/taper.dir/Users/abefriedman/Code/pico-sdk/src/rp2_common/pico_stdio_usb/stdio_usb.c.obj
                0x10004d80                stdio_usb_in_chars
 .text.stdio_usb_out_chars
                0x10004e08       0xd8 CMakeFiles/taper.dir/Users/abefriedman/Code/pico-sdk/src/rp2_common/pico_stdio_usb/stdio_usb.c.obj
 .text.tud_descriptor_device_cb
                0x10004ee0        0x8 CMakeFiles/taper.dir/Users/abefriedman/Code/pico-sdk/src/rp2_common/pico_stdio_usb/stdio_usb_descriptors.c.obj
                0x10004ee0                tud_descriptor_device_cb
 .text.tud_descriptor_configuration_cb
                0x10004ee8        0x8 CMakeFiles/taper.dir/Users/abefriedman/Code/pico-sdk/src/rp2_common/pico_stdio_usb/stdio_usb_descriptors.c.obj
                0x10004ee8                tud_descriptor_configuration_cb
 .text.tud_descriptor_string_cb
                0x10004ef0       0x6c CMakeFiles/taper.dir/Users/abefriedman/Code/pico-sdk/src/rp2_common/pico_stdio_usb/stdio_usb_descriptors.c.obj
                0x10004ef0                tud_descriptor_string_cb
 .text._retrieve_unique_id_on_boot
                0x10004f5c       0x10 CMakeFiles/taper.dir/Users/abefriedman/Code/pico-sdk/src/rp2_common/pico_unique_id/unique_id.c.obj
 .text.pico_get_unique_board_id_string
                0x10004f6c       0x5c CMakeFiles/taper.dir/Users/abefriedman/Code/pico-sdk/src/rp2_common/pico_unique_id/unique_id.c.obj
                0x10004f6c                pico_get_unique_board_id_string
 .text.flash_get_unique_id
                0x10004fc8       0x40 CMakeFiles/taper.dir/Users/abefriedman/Code/pico-sdk/src/rp2_common/hardware_flash/flash.c.obj
                0x10004fc8                flash_get_unique_id
 .text.hw_endpoint_get_by_addr
                0x10005008       0x18 CMakeFiles/taper.dir/Users/abefriedman/Code/pico-sdk/lib/tinyusb/src/portable/raspberrypi/rp2040/dcd_rp2040.c.obj
 .text._hw_endpoint_alloc
                0x10005020       0x70 CMakeFiles/taper.dir/Users/abefriedman/Code/pico-sdk/lib/tinyusb/src/portable/raspberrypi/rp2040/dcd_rp2040.c.obj
 .text.hw_endpoint_init
                0x10005090       0x88 CMakeFiles/taper.dir/Users/abefriedman/Code/pico-sdk/lib/tinyusb/src/portable/raspberrypi/rp2040/dcd_rp2040.c.obj
 .text.dcd_event_sof
                0x10005118       0x2c CMakeFiles/taper.dir/Users/abefriedman/Code/pico-sdk/lib/tinyusb/src/portable/raspberrypi/rp2040/dcd_rp2040.c.obj
 .text.hw_endpoint_xfer
                0x10005144       0x14 CMakeFiles/taper.dir/Users/abefriedman/Code/pico-sdk/lib/tinyusb/src/portable/raspberrypi/rp2040/dcd_rp2040.c.obj
 .text.dcd_int_enable
                0x10005158       0x2c CMakeFiles/taper.dir/Users/abefriedman/Code/pico-sdk/lib/tinyusb/src/portable/raspberrypi/rp2040/dcd_rp2040.c.obj
                0x10005158                dcd_int_enable
 .text.dcd_set_address
                0x10005184       0x2c CMakeFiles/taper.dir/Users/abefriedman/Code/pico-sdk/lib/tinyusb/src/portable/raspberrypi/rp2040/dcd_rp2040.c.obj
                0x10005184                dcd_set_address
 .text.dcd_connect
                0x100051b0       0x10 CMakeFiles/taper.dir/Users/abefriedman/Code/pico-sdk/lib/tinyusb/src/portable/raspberrypi/rp2040/dcd_rp2040.c.obj
                0x100051b0                dcd_connect
 .text.dcd_init
                0x100051c0       0x80 CMakeFiles/taper.dir/Users/abefriedman/Code/pico-sdk/lib/tinyusb/src/portable/raspberrypi/rp2040/dcd_rp2040.c.obj
                0x100051c0                dcd_init
 .text.dcd_edpt0_status_complete
                0x10005240       0x1c CMakeFiles/taper.dir/Users/abefriedman/Code/pico-sdk/lib/tinyusb/src/portable/raspberrypi/rp2040/dcd_rp2040.c.obj
                0x10005240                dcd_edpt0_status_complete
 .text.dcd_edpt_open
                0x1000525c       0x40 CMakeFiles/taper.dir/Users/abefriedman/Code/pico-sdk/lib/tinyusb/src/portable/raspberrypi/rp2040/dcd_rp2040.c.obj
                0x1000525c                dcd_edpt_open
 .text.dcd_edpt_close_all
                0x1000529c        0x8 CMakeFiles/taper.dir/Users/abefriedman/Code/pico-sdk/lib/tinyusb/src/portable/raspberrypi/rp2040/dcd_rp2040.c.obj
                0x1000529c                dcd_edpt_close_all
 .text.dcd_edpt_xfer
                0x100052a4       0x34 CMakeFiles/taper.dir/Users/abefriedman/Code/pico-sdk/lib/tinyusb/src/portable/raspberrypi/rp2040/dcd_rp2040.c.obj
                0x100052a4                dcd_edpt_xfer
 .text.dcd_edpt_stall
                0x100052d8       0x2c CMakeFiles/taper.dir/Users/abefriedman/Code/pico-sdk/lib/tinyusb/src/portable/raspberrypi/rp2040/dcd_rp2040.c.obj
                0x100052d8                dcd_edpt_stall
 .text.dcd_edpt_clear_stall
                0x10005304       0x20 CMakeFiles/taper.dir/Users/abefriedman/Code/pico-sdk/lib/tinyusb/src/portable/raspberrypi/rp2040/dcd_rp2040.c.obj
                0x10005304                dcd_edpt_clear_stall
 .text.rp2040_usb_init
                0x10005324       0x4c CMakeFiles/taper.dir/Users/abefriedman/Code/pico-sdk/lib/tinyusb/src/portable/raspberrypi/rp2040/rp2040_usb.c.obj
                0x10005324                rp2040_usb_init
 .text.hw_endpoint_xfer_start
                0x10005370       0x50 CMakeFiles/taper.dir/Users/abefriedman/Code/pico-sdk/lib/tinyusb/src/portable/raspberrypi/rp2040/rp2040_usb.c.obj
                0x10005370                hw_endpoint_xfer_start
 .text.configuration_reset
                0x100053c0       0x84 CMakeFiles/taper.dir/Users/abefriedman/Code/pico-sdk/lib/tinyusb/src/device/usbd.c.obj
 .text.critical_section_enter_blocking
                0x10005444       0x16 CMakeFiles/taper.dir/Users/abefriedman/Code/pico-sdk/lib/tinyusb/src/device/usbd.c.obj
 .text.usbd_reset
                0x1000545a        0xc CMakeFiles/taper.dir/Users/abefriedman/Code/pico-sdk/lib/tinyusb/src/device/usbd.c.obj
 .text.invoke_class_control
                0x10005466       0x1a CMakeFiles/taper.dir/Users/abefriedman/Code/pico-sdk/lib/tinyusb/src/device/usbd.c.obj
 .text.process_set_config
                0x10005480      0x178 CMakeFiles/taper.dir/Users/abefriedman/Code/pico-sdk/lib/tinyusb/src/device/usbd.c.obj
 .text.process_get_descriptor
                0x100055f8       0xdc CMakeFiles/taper.dir/Users/abefriedman/Code/pico-sdk/lib/tinyusb/src/device/usbd.c.obj
 .text.tud_mounted
                0x100056d4       0x10 CMakeFiles/taper.dir/Users/abefriedman/Code/pico-sdk/lib/tinyusb/src/device/usbd.c.obj
                0x100056d4                tud_mounted
 .text.tud_suspended
                0x100056e4       0x10 CMakeFiles/taper.dir/Users/abefriedman/Code/pico-sdk/lib/tinyusb/src/device/usbd.c.obj
                0x100056e4                tud_suspended
 .text.tud_inited
                0x100056f4       0x14 CMakeFiles/taper.dir/Users/abefriedman/Code/pico-sdk/lib/tinyusb/src/device/usbd.c.obj
                0x100056f4                tud_inited
 .text.tud_init
                0x10005708       0xcc CMakeFiles/taper.dir/Users/abefriedman/Code/pico-sdk/lib/tinyusb/src/device/usbd.c.obj
                0x10005708                tud_init
 .text.usbd_defer_func
                0x100057d4       0x2a CMakeFiles/taper.dir/Users/abefriedman/Code/pico-sdk/lib/tinyusb/src/device/usbd.c.obj
                0x100057d4                usbd_defer_func
 *fill*         0x100057fe        0x2 
 .text.usbd_edpt_open
                0x10005800       0x34 CMakeFiles/taper.dir/Users/abefriedman/Code/pico-sdk/lib/tinyusb/src/device/usbd.c.obj
                0x10005800                usbd_edpt_open
 .text.usbd_open_edpt_pair
                0x10005834       0x62 CMakeFiles/taper.dir/Users/abefriedman/Code/pico-sdk/lib/tinyusb/src/device/usbd.c.obj
                0x10005834                usbd_open_edpt_pair
 *fill*         0x10005896        0x2 
 .text.usbd_edpt_claim
                0x10005898       0x28 CMakeFiles/taper.dir/Users/abefriedman/Code/pico-sdk/lib/tinyusb/src/device/usbd.c.obj
                0x10005898                usbd_edpt_claim
 .text.usbd_edpt_release
                0x100058c0       0x28 CMakeFiles/taper.dir/Users/abefriedman/Code/pico-sdk/lib/tinyusb/src/device/usbd.c.obj
                0x100058c0                usbd_edpt_release
 .text.usbd_edpt_xfer
                0x100058e8       0x78 CMakeFiles/taper.dir/Users/abefriedman/Code/pico-sdk/lib/tinyusb/src/device/usbd.c.obj
                0x100058e8                usbd_edpt_xfer
 .text.usbd_edpt_stall
                0x10005960       0x48 CMakeFiles/taper.dir/Users/abefriedman/Code/pico-sdk/lib/tinyusb/src/device/usbd.c.obj
                0x10005960                usbd_edpt_stall
 .text.usbd_edpt_clear_stall
                0x100059a8       0x48 CMakeFiles/taper.dir/Users/abefriedman/Code/pico-sdk/lib/tinyusb/src/device/usbd.c.obj
                0x100059a8                usbd_edpt_clear_stall
 .text.usbd_edpt_stalled
                0x100059f0       0x1c CMakeFiles/taper.dir/Users/abefriedman/Code/pico-sdk/lib/tinyusb/src/device/usbd.c.obj
                0x100059f0                usbd_edpt_stalled
 .text.process_control_request
                0x10005a0c      0x374 CMakeFiles/taper.dir/Users/abefriedman/Code/pico-sdk/lib/tinyusb/src/device/usbd.c.obj
 .text.tud_task_ext
                0x10005d80      0x1a8 CMakeFiles/taper.dir/Users/abefriedman/Code/pico-sdk/lib/tinyusb/src/device/usbd.c.obj
                0x10005d80                tud_task_ext
 .text._status_stage_xact
                0x10005f28       0x1a CMakeFiles/taper.dir/Users/abefriedman/Code/pico-sdk/lib/tinyusb/src/device/usbd_control.c.obj
 *fill*         0x10005f42        0x2 
 .text._data_stage_xact
                0x10005f44       0x58 CMakeFiles/taper.dir/Users/abefriedman/Code/pico-sdk/lib/tinyusb/src/device/usbd_control.c.obj
 .text.tud_control_status
                0x10005f9c       0x28 CMakeFiles/taper.dir/Users/abefriedman/Code/pico-sdk/lib/tinyusb/src/device/usbd_control.c.obj
                0x10005f9c                tud_control_status
 .text.tud_control_xfer
                0x10005fc4       0x68 CMakeFiles/taper.dir/Users/abefriedman/Code/pico-sdk/lib/tinyusb/src/device/usbd_control.c.obj
                0x10005fc4                tud_control_xfer
 .text.usbd_control_reset
                0x1000602c       0x14 CMakeFiles/taper.dir/Users/abefriedman/Code/pico-sdk/lib/tinyusb/src/device/usbd_control.c.obj
                0x1000602c                usbd_control_reset
 .text.usbd_control_set_complete_callback
                0x10006040        0xc CMakeFiles/taper.dir/Users/abefriedman/Code/pico-sdk/lib/tinyusb/src/device/usbd_control.c.obj
                0x10006040                usbd_control_set_complete_callback
 .text.usbd_control_set_request
                0x1000604c       0x1c CMakeFiles/taper.dir/Users/abefriedman/Code/pico-sdk/lib/tinyusb/src/device/usbd_control.c.obj
                0x1000604c                usbd_control_set_request
 .text.usbd_control_xfer_cb
                0x10006068       0xbc CMakeFiles/taper.dir/Users/abefriedman/Code/pico-sdk/lib/tinyusb/src/device/usbd_control.c.obj
                0x10006068                usbd_control_xfer_cb
 .text._prep_out_transaction
                0x10006124       0x4a CMakeFiles/taper.dir/Users/abefriedman/Code/pico-sdk/lib/tinyusb/src/class/cdc/cdc_device.c.obj
 *fill*         0x1000616e        0x2 
 .text.tud_cdc_n_connected
                0x10006170       0x38 CMakeFiles/taper.dir/Users/abefriedman/Code/pico-sdk/lib/tinyusb/src/class/cdc/cdc_device.c.obj
                0x10006170                tud_cdc_n_connected
 .text.tud_cdc_n_available
                0x100061a8       0x18 CMakeFiles/taper.dir/Users/abefriedman/Code/pico-sdk/lib/tinyusb/src/class/cdc/cdc_device.c.obj
                0x100061a8                tud_cdc_n_available
 .text.tud_cdc_n_read
                0x100061c0       0x28 CMakeFiles/taper.dir/Users/abefriedman/Code/pico-sdk/lib/tinyusb/src/class/cdc/cdc_device.c.obj
                0x100061c0                tud_cdc_n_read
 .text.tud_cdc_n_write_flush
                0x100061e8       0xb8 CMakeFiles/taper.dir/Users/abefriedman/Code/pico-sdk/lib/tinyusb/src/class/cdc/cdc_device.c.obj
                0x100061e8                tud_cdc_n_write_flush
 .text.tud_cdc_n_write
                0x100062a0       0x38 CMakeFiles/taper.dir/Users/abefriedman/Code/pico-sdk/lib/tinyusb/src/class/cdc/cdc_device.c.obj
                0x100062a0                tud_cdc_n_write
 .text.tud_cdc_n_write_available
                0x100062d8       0x1c CMakeFiles/taper.dir/Users/abefriedman/Code/pico-sdk/lib/tinyusb/src/class/cdc/cdc_device.c.obj
                0x100062d8                tud_cdc_n_write_available
 .text.cdcd_init
                0x100062f4       0xbc CMakeFiles/taper.dir/Users/abefriedman/Code/pico-sdk/lib/tinyusb/src/class/cdc/cdc_device.c.obj
                0x100062f4                cdcd_init
 .text.cdcd_reset
                0x100063b0       0x44 CMakeFiles/taper.dir/Users/abefriedman/Code/pico-sdk/lib/tinyusb/src/class/cdc/cdc_device.c.obj
                0x100063b0                cdcd_reset
 .text.cdcd_open
                0x100063f4       0xc4 CMakeFiles/taper.dir/Users/abefriedman/Code/pico-sdk/lib/tinyusb/src/class/cdc/cdc_device.c.obj
                0x100063f4                cdcd_open
 .text.cdcd_control_xfer_cb
                0x100064b8      0x134 CMakeFiles/taper.dir/Users/abefriedman/Code/pico-sdk/lib/tinyusb/src/class/cdc/cdc_device.c.obj
                0x100064b8                cdcd_control_xfer_cb
 .text.cdcd_xfer_cb
                0x100065ec      0x130 CMakeFiles/taper.dir/Users/abefriedman/Code/pico-sdk/lib/tinyusb/src/class/cdc/cdc_device.c.obj
                0x100065ec                cdcd_xfer_cb
 .text.tusb_init
                0x1000671c        0xa CMakeFiles/taper.dir/Users/abefriedman/Code/pico-sdk/lib/tinyusb/src/tusb.c.obj
                0x1000671c                tusb_init
 .text.tusb_inited
                0x10006726        0xe CMakeFiles/taper.dir/Users/abefriedman/Code/pico-sdk/lib/tinyusb/src/tusb.c.obj
                0x10006726                tusb_inited
 .text.tu_edpt_claim
                0x10006734       0x50 CMakeFiles/taper.dir/Users/abefriedman/Code/pico-sdk/lib/tinyusb/src/tusb.c.obj
                0x10006734                tu_edpt_claim
 .text.tu_edpt_release
                0x10006784       0x38 CMakeFiles/taper.dir/Users/abefriedman/Code/pico-sdk/lib/tinyusb/src/tusb.c.obj
                0x10006784                tu_edpt_release
 .text.tu_edpt_validate
                0x100067bc       0x78 CMakeFiles/taper.dir/Users/abefriedman/Code/pico-sdk/lib/tinyusb/src/tusb.c.obj
                0x100067bc                tu_edpt_validate
 .text.tu_edpt_bind_driver
                0x10006834       0x26 CMakeFiles/taper.dir/Users/abefriedman/Code/pico-sdk/lib/tinyusb/src/tusb.c.obj
                0x10006834                tu_edpt_bind_driver
 .text.advance_index
                0x1000685a       0x1a CMakeFiles/taper.dir/Users/abefriedman/Code/pico-sdk/lib/tinyusb/src/common/tusb_fifo.c.obj
 .text._tu_fifo_peek
                0x10006874       0x56 CMakeFiles/taper.dir/Users/abefriedman/Code/pico-sdk/lib/tinyusb/src/common/tusb_fifo.c.obj
 .text._ff_pull_const_addr
                0x100068ca       0x4c CMakeFiles/taper.dir/Users/abefriedman/Code/pico-sdk/lib/tinyusb/src/common/tusb_fifo.c.obj
 .text._ff_pull_n
                0x10006916      0x110 CMakeFiles/taper.dir/Users/abefriedman/Code/pico-sdk/lib/tinyusb/src/common/tusb_fifo.c.obj
 .text._tu_fifo_peek_n
                0x10006a26       0x6a CMakeFiles/taper.dir/Users/abefriedman/Code/pico-sdk/lib/tinyusb/src/common/tusb_fifo.c.obj
 .text._tu_fifo_read_n
                0x10006a90       0x4e CMakeFiles/taper.dir/Users/abefriedman/Code/pico-sdk/lib/tinyusb/src/common/tusb_fifo.c.obj
 .text._ff_push_const_addr
                0x10006ade       0x40 CMakeFiles/taper.dir/Users/abefriedman/Code/pico-sdk/lib/tinyusb/src/common/tusb_fifo.c.obj
 .text._ff_push_n
                0x10006b1e      0x10c CMakeFiles/taper.dir/Users/abefriedman/Code/pico-sdk/lib/tinyusb/src/common/tusb_fifo.c.obj
 .text._tu_fifo_write_n
                0x10006c2a       0xf0 CMakeFiles/taper.dir/Users/abefriedman/Code/pico-sdk/lib/tinyusb/src/common/tusb_fifo.c.obj
 .text.tu_fifo_config
                0x10006d1a       0x7c CMakeFiles/taper.dir/Users/abefriedman/Code/pico-sdk/lib/tinyusb/src/common/tusb_fifo.c.obj
                0x10006d1a                tu_fifo_config
 .text.tu_fifo_count
                0x10006d96       0x2a CMakeFiles/taper.dir/Users/abefriedman/Code/pico-sdk/lib/tinyusb/src/common/tusb_fifo.c.obj
                0x10006d96                tu_fifo_count
 .text.tu_fifo_empty
                0x10006dc0        0xe CMakeFiles/taper.dir/Users/abefriedman/Code/pico-sdk/lib/tinyusb/src/common/tusb_fifo.c.obj
                0x10006dc0                tu_fifo_empty
 .text.tu_fifo_full
                0x10006dce       0x28 CMakeFiles/taper.dir/Users/abefriedman/Code/pico-sdk/lib/tinyusb/src/common/tusb_fifo.c.obj
                0x10006dce                tu_fifo_full
 .text.tu_fifo_remaining
                0x10006df6       0x2c CMakeFiles/taper.dir/Users/abefriedman/Code/pico-sdk/lib/tinyusb/src/common/tusb_fifo.c.obj
                0x10006df6                tu_fifo_remaining
 .text.tu_fifo_read
                0x10006e22       0x42 CMakeFiles/taper.dir/Users/abefriedman/Code/pico-sdk/lib/tinyusb/src/common/tusb_fifo.c.obj
                0x10006e22                tu_fifo_read
 .text.tu_fifo_read_n
                0x10006e64        0xa CMakeFiles/taper.dir/Users/abefriedman/Code/pico-sdk/lib/tinyusb/src/common/tusb_fifo.c.obj
                0x10006e64                tu_fifo_read_n
 .text.tu_fifo_write
                0x10006e6e       0x64 CMakeFiles/taper.dir/Users/abefriedman/Code/pico-sdk/lib/tinyusb/src/common/tusb_fifo.c.obj
                0x10006e6e                tu_fifo_write
 .text.tu_fifo_write_n
                0x10006ed2        0xa CMakeFiles/taper.dir/Users/abefriedman/Code/pico-sdk/lib/tinyusb/src/common/tusb_fifo.c.obj
                0x10006ed2                tu_fifo_write_n
 .text.tu_fifo_clear
                0x10006edc       0x3e CMakeFiles/taper.dir/Users/abefriedman/Code/pico-sdk/lib/tinyusb/src/common/tusb_fifo.c.obj
                0x10006edc                tu_fifo_clear
 .text.tu_fifo_set_overwritable
                0x10006f1a       0x46 CMakeFiles/taper.dir/Users/abefriedman/Code/pico-sdk/lib/tinyusb/src/common/tusb_fifo.c.obj
                0x10006f1a                tu_fifo_set_overwritable
 .text.spi_set_baudrate
                0x10006f60       0xc2 CMakeFiles/taper.dir/Users/abefriedman/Code/pico-sdk/src/rp2_common/hardware_spi/spi.c.obj
                0x10006f60                spi_set_baudrate
 *fill*         0x10007022        0x2 
 .text.spi_init
                0x10007024       0x74 CMakeFiles/taper.dir/Users/abefriedman/Code/pico-sdk/src/rp2_common/hardware_spi/spi.c.obj
                0x10007024                spi_init
 .text.adc_init
                0x10007098       0x34 CMakeFiles/taper.dir/Users/abefriedman/Code/pico-sdk/src/rp2_common/hardware_adc/adc.c.obj
                0x10007098                adc_init
 .text.strlen   0x100070cc       0x5c /Applications/ArmGNUToolchain/13.2.Rel1/arm-none-eabi/bin/../lib/gcc/arm-none-eabi/13.2.1/../../../../arm-none-eabi/lib/thumb/v6-m/nofp/libg.a(libc_a-strlen-stub.o)
                0x100070cc                strlen
 *(.fini)
 .fini          0x10007128        0x4 /Applications/ArmGNUToolchain/13.2.Rel1/arm-none-eabi/bin/../lib/gcc/arm-none-eabi/13.2.1/thumb/v6-m/nofp/crti.o
                0x10007128                _fini
 *fill*         0x1000712c        0x4 
 .fini.__stub   0x10007130       0xf0 linker stubs
 *crtbegin.o(.ctors)
 *crtbegin?.o(.ctors)
 *(EXCLUDE_FILE(*crtend.o *crtend?.o) .ctors)
 *(SORT_BY_NAME(.ctors.*))
 *(.ctors)
 *crtbegin.o(.dtors)
 *crtbegin?.o(.dtors)
 *(EXCLUDE_FILE(*crtend.o *crtend?.o) .dtors)
 *(SORT_BY_NAME(.dtors.*))
 *(.dtors)
 *(.eh_frame*)
 .eh_frame      0x10007220        0x0 /Applications/ArmGNUToolchain/13.2.Rel1/arm-none-eabi/bin/../lib/gcc/arm-none-eabi/13.2.1/thumb/v6-m/nofp/crtbegin.o
                0x10007220                        . = ALIGN (0x4)

.glue_7         0x10007220        0x0
 .glue_7        0x10007220        0x0 linker stubs

.glue_7t        0x10007220        0x0
 .glue_7t       0x10007220        0x0 linker stubs

.vfp11_veneer   0x10007220        0x0
 .vfp11_veneer  0x10007220        0x0 linker stubs

.v4_bx          0x10007220        0x0
 .v4_bx         0x10007220        0x0 linker stubs

.iplt           0x10007220        0x0
 .iplt          0x10007220        0x0 /Applications/ArmGNUToolchain/13.2.Rel1/arm-none-eabi/bin/../lib/gcc/arm-none-eabi/13.2.1/thumb/v6-m/nofp/crtbegin.o

.rodata         0x10007220     0x1510
 *(EXCLUDE_FILE(*libm.a: *libc.a:*lib_a-mem*.o *libgcc.a:) .rodata*)
 .rodata.spin_lock_claim_unused.str1.4
                0x10007220      0xe63 CMakeFiles/taper.dir/Users/abefriedman/Code/pico-sdk/src/rp2_common/hardware_sync/sync.c.obj
                                 0x1b (size before relaxing)
 .rodata.resolve_branch.str1.4
                0x10008083       0x5b CMakeFiles/taper.dir/Users/abefriedman/Code/pico-sdk/src/rp2_common/hardware_irq/irq.c.obj
 .rodata.make_branch.str1.4
                0x10008083       0x30 CMakeFiles/taper.dir/Users/abefriedman/Code/pico-sdk/src/rp2_common/hardware_irq/irq.c.obj
 .rodata.insert_branch_and_link.str1.4
                0x10008083       0x10 CMakeFiles/taper.dir/Users/abefriedman/Code/pico-sdk/src/rp2_common/hardware_irq/irq.c.obj
 .rodata.irq_set_exclusive_handler.str1.4
                0x10008083       0x36 CMakeFiles/taper.dir/Users/abefriedman/Code/pico-sdk/src/rp2_common/hardware_irq/irq.c.obj
 .rodata.irq_add_shared_handler.str1.4
                0x10008083       0xc2 CMakeFiles/taper.dir/Users/abefriedman/Code/pico-sdk/src/rp2_common/hardware_irq/irq.c.obj
 .rodata.irq_remove_handler.str1.4
                0x10008083       0x3a CMakeFiles/taper.dir/Users/abefriedman/Code/pico-sdk/src/rp2_common/hardware_irq/irq.c.obj
 .rodata.irq_add_tail_to_free_list.str1.4
                0x10008083       0x3a CMakeFiles/taper.dir/Users/abefriedman/Code/pico-sdk/src/rp2_common/hardware_irq/irq.c.obj
 .rodata.user_irq_claim_unused.str1.4
                0x10008083       0x1b CMakeFiles/taper.dir/Users/abefriedman/Code/pico-sdk/src/rp2_common/hardware_irq/irq.c.obj
 *fill*         0x10008083        0x1 
 .rodata.__func__.0
                0x10008084       0x1a CMakeFiles/taper.dir/Users/abefriedman/Code/pico-sdk/src/rp2_common/hardware_irq/irq.c.obj
 *fill*         0x1000809e        0x2 
 .rodata.__func__.1
                0x100080a0       0x17 CMakeFiles/taper.dir/Users/abefriedman/Code/pico-sdk/src/rp2_common/hardware_irq/irq.c.obj
 *fill*         0x100080b7        0x1 
 .rodata.__func__.2
                0x100080b8       0x13 CMakeFiles/taper.dir/Users/abefriedman/Code/pico-sdk/src/rp2_common/hardware_irq/irq.c.obj
 *fill*         0x100080cb        0x1 
 .rodata.__func__.3
                0x100080cc        0xc CMakeFiles/taper.dir/Users/abefriedman/Code/pico-sdk/src/rp2_common/hardware_irq/irq.c.obj
 .rodata.__func__.4
                0x100080d8        0xf CMakeFiles/taper.dir/Users/abefriedman/Code/pico-sdk/src/rp2_common/hardware_irq/irq.c.obj
 *fill*         0x100080e7        0x1 
 .rodata.__func__.5
                0x100080e8       0x17 CMakeFiles/taper.dir/Users/abefriedman/Code/pico-sdk/src/rp2_common/hardware_irq/irq.c.obj
 *fill*         0x100080ff        0x1 
 .rodata.__func__.6
                0x10008100       0x1a CMakeFiles/taper.dir/Users/abefriedman/Code/pico-sdk/src/rp2_common/hardware_irq/irq.c.obj
 .rodata.update_us_since_boot.str1.4
                0x1000811a       0x67 CMakeFiles/taper.dir/Users/abefriedman/Code/pico-sdk/src/common/pico_sync/mutex.c.obj
 .rodata.str1.4
                0x1000811a       0x91 CMakeFiles/taper.dir/Users/abefriedman/Code/pico-sdk/src/common/pico_sync/mutex.c.obj
 *fill*         0x1000811a        0x2 
 .rodata.__func__.1
                0x1000811c        0xb CMakeFiles/taper.dir/Users/abefriedman/Code/pico-sdk/src/common/pico_sync/mutex.c.obj
 *fill*         0x10008127        0x1 
 .rodata.__func__.3
                0x10008128       0x18 CMakeFiles/taper.dir/Users/abefriedman/Code/pico-sdk/src/common/pico_sync/mutex.c.obj
 .rodata.__func__.4
                0x10008140       0x15 CMakeFiles/taper.dir/Users/abefriedman/Code/pico-sdk/src/common/pico_sync/mutex.c.obj
 .rodata.get_entry.str1.4
                0x10008155       0x61 CMakeFiles/taper.dir/Users/abefriedman/Code/pico-sdk/src/common/pico_time/time.c.obj
 .rodata.update_us_since_boot.str1.4
                0x10008155       0x67 CMakeFiles/taper.dir/Users/abefriedman/Code/pico-sdk/src/common/pico_time/time.c.obj
 .rodata.ph_get_node.str1.4
                0x10008155       0x6c CMakeFiles/taper.dir/Users/abefriedman/Code/pico-sdk/src/common/pico_time/time.c.obj
 .rodata.ph_add_child_node.str1.4
                0x10008155       0x2e CMakeFiles/taper.dir/Users/abefriedman/Code/pico-sdk/src/common/pico_time/time.c.obj
 .rodata.ph_insert_node.str1.4
                0x10008155        0x3 CMakeFiles/taper.dir/Users/abefriedman/Code/pico-sdk/src/common/pico_time/time.c.obj
 .rodata.ph_free_node.str1.4
                0x10008155       0x38 CMakeFiles/taper.dir/Users/abefriedman/Code/pico-sdk/src/common/pico_time/time.c.obj
 .rodata.add_alarm_under_lock.str1.4
                0x10008155       0x28 CMakeFiles/taper.dir/Users/abefriedman/Code/pico-sdk/src/common/pico_time/time.c.obj
 .rodata.alarm_pool_alarm_callback.str1.4
                0x10008155       0x60 CMakeFiles/taper.dir/Users/abefriedman/Code/pico-sdk/src/common/pico_time/time.c.obj
 .rodata.alarm_pool_get_default.str1.4
                0x10008155       0x21 CMakeFiles/taper.dir/Users/abefriedman/Code/pico-sdk/src/common/pico_time/time.c.obj
 .rodata.alarm_pool_cancel_alarm.str1.4
                0x10008155       0x27 CMakeFiles/taper.dir/Users/abefriedman/Code/pico-sdk/src/common/pico_time/time.c.obj
 *fill*         0x10008155        0x3 
 .rodata.__func__.0
                0x10008158       0x18 CMakeFiles/taper.dir/Users/abefriedman/Code/pico-sdk/src/common/pico_time/time.c.obj
 .rodata.__func__.2
                0x10008170       0x17 CMakeFiles/taper.dir/Users/abefriedman/Code/pico-sdk/src/common/pico_time/time.c.obj
 *fill*         0x10008187        0x1 
 .rodata.__func__.3
                0x10008188       0x12 CMakeFiles/taper.dir/Users/abefriedman/Code/pico-sdk/src/common/pico_time/time.c.obj
 *fill*         0x1000819a        0x2 
 .rodata.__func__.4
                0x1000819c        0xd CMakeFiles/taper.dir/Users/abefriedman/Code/pico-sdk/src/common/pico_time/time.c.obj
 *fill*         0x100081a9        0x3 
 .rodata.__func__.5
                0x100081ac       0x12 CMakeFiles/taper.dir/Users/abefriedman/Code/pico-sdk/src/common/pico_time/time.c.obj
 *fill*         0x100081be        0x2 
 .rodata.__func__.6
                0x100081c0        0xf CMakeFiles/taper.dir/Users/abefriedman/Code/pico-sdk/src/common/pico_time/time.c.obj
 *fill*         0x100081cf        0x1 
 .rodata.__func__.7
                0x100081d0        0xc CMakeFiles/taper.dir/Users/abefriedman/Code/pico-sdk/src/common/pico_time/time.c.obj
 .rodata.__func__.8
                0x100081dc       0x15 CMakeFiles/taper.dir/Users/abefriedman/Code/pico-sdk/src/common/pico_time/time.c.obj
 *fill*         0x100081f1        0x3 
 .rodata.__func__.9
                0x100081f4       0x15 CMakeFiles/taper.dir/Users/abefriedman/Code/pico-sdk/src/common/pico_time/time.c.obj
 *fill*         0x10008209        0x3 
 .rodata.__func__.10
                0x1000820c       0x1a CMakeFiles/taper.dir/Users/abefriedman/Code/pico-sdk/src/common/pico_time/time.c.obj
 *fill*         0x10008226        0x2 
 .rodata.__func__.11
                0x10008228        0xa CMakeFiles/taper.dir/Users/abefriedman/Code/pico-sdk/src/common/pico_time/time.c.obj
 .rodata.hardware_alarm_claim.str1.4
                0x10008232       0x22 CMakeFiles/taper.dir/Users/abefriedman/Code/pico-sdk/src/rp2_common/hardware_timer/timer.c.obj
 .rodata.hardware_alarm_set_target.str1.4
                0x10008232       0x6b CMakeFiles/taper.dir/Users/abefriedman/Code/pico-sdk/src/rp2_common/hardware_timer/timer.c.obj
 *fill*         0x10008232        0x2 
 .rodata.__func__.0
                0x10008234       0x1a CMakeFiles/taper.dir/Users/abefriedman/Code/pico-sdk/src/rp2_common/hardware_timer/timer.c.obj
 .rodata.ph_get_node.str1.4
                0x1000824e       0x6c CMakeFiles/taper.dir/Users/abefriedman/Code/pico-sdk/src/common/pico_util/pheap.c.obj
 .rodata.ph_add_child_node.str1.4
                0x1000824e       0x2e CMakeFiles/taper.dir/Users/abefriedman/Code/pico-sdk/src/common/pico_util/pheap.c.obj
 .rodata.ph_remove_any_head.str1.4
                0x1000824e       0xa8 CMakeFiles/taper.dir/Users/abefriedman/Code/pico-sdk/src/common/pico_util/pheap.c.obj
 .rodata.ph_remove_and_free_node.str1.4
                0x1000824e       0x26 CMakeFiles/taper.dir/Users/abefriedman/Code/pico-sdk/src/common/pico_util/pheap.c.obj
 *fill*         0x1000824e        0x2 
 .rodata.__func__.0
                0x10008250       0x18 CMakeFiles/taper.dir/Users/abefriedman/Code/pico-sdk/src/common/pico_util/pheap.c.obj
 .rodata.__func__.1
                0x10008268       0x13 CMakeFiles/taper.dir/Users/abefriedman/Code/pico-sdk/src/common/pico_util/pheap.c.obj
 *fill*         0x1000827b        0x1 
 .rodata.__func__.2
                0x1000827c       0x12 CMakeFiles/taper.dir/Users/abefriedman/Code/pico-sdk/src/common/pico_util/pheap.c.obj
 *fill*         0x1000828e        0x2 
 .rodata.__func__.3
                0x10008290        0xc CMakeFiles/taper.dir/Users/abefriedman/Code/pico-sdk/src/common/pico_util/pheap.c.obj
 .rodata.clock_configure.str1.4
                0x1000829c       0x5d CMakeFiles/taper.dir/Users/abefriedman/Code/pico-sdk/src/rp2_common/hardware_clocks/clocks.c.obj
 .rodata.__func__.1
                0x1000829c       0x10 CMakeFiles/taper.dir/Users/abefriedman/Code/pico-sdk/src/rp2_common/hardware_clocks/clocks.c.obj
 .rodata.pll_init.str1.4
                0x100082ac      0x128 CMakeFiles/taper.dir/Users/abefriedman/Code/pico-sdk/src/rp2_common/hardware_pll/pll.c.obj
 .rodata.__func__.0
                0x100082ac        0x9 CMakeFiles/taper.dir/Users/abefriedman/Code/pico-sdk/src/rp2_common/hardware_pll/pll.c.obj
 .rodata.__assert_func.str1.4
                0x100082b5       0x43 CMakeFiles/taper.dir/Users/abefriedman/Code/pico-sdk/src/rp2_common/pico_runtime/runtime.c.obj
 .rodata.runtime_init.str1.4
                0x100082b5       0x67 CMakeFiles/taper.dir/Users/abefriedman/Code/pico-sdk/src/rp2_common/pico_runtime/runtime.c.obj
 .rodata.panic.str1.4
                0x100082b5       0x12 CMakeFiles/taper.dir/Users/abefriedman/Code/pico-sdk/src/rp2_common/pico_runtime/runtime.c.obj
 *fill*         0x100082b5        0x3 
 .rodata.__func__.2
                0x100082b8        0xd CMakeFiles/taper.dir/Users/abefriedman/Code/pico-sdk/src/rp2_common/pico_runtime/runtime.c.obj
 .rodata._ftoa.str1.4
                0x100082c5       0x15 CMakeFiles/taper.dir/Users/abefriedman/Code/pico-sdk/src/rp2_common/pico_printf/printf.c.obj
 *fill*         0x100082c5        0x3 
 .rodata._vsnprintf
                0x100082c8      0x19c CMakeFiles/taper.dir/Users/abefriedman/Code/pico-sdk/src/rp2_common/pico_printf/printf.c.obj
 *fill*         0x10008464        0x4 
 .rodata.pow10.0
                0x10008468       0x50 CMakeFiles/taper.dir/Users/abefriedman/Code/pico-sdk/src/rp2_common/pico_printf/printf.c.obj
 .rodata.__aeabi_double_init.str1.4
                0x100084b8       0xa2 CMakeFiles/taper.dir/Users/abefriedman/Code/pico-sdk/src/rp2_common/pico_double/double_init_rom.c.obj
 .rodata.__func__.0
                0x100084b8       0x14 CMakeFiles/taper.dir/Users/abefriedman/Code/pico-sdk/src/rp2_common/pico_double/double_init_rom.c.obj
 .rodata.__aeabi_float_init.str1.4
                0x100084cc       0x84 CMakeFiles/taper.dir/Users/abefriedman/Code/pico-sdk/src/rp2_common/pico_float/float_init_rom.c.obj
 .rodata.__func__.0
                0x100084cc       0x13 CMakeFiles/taper.dir/Users/abefriedman/Code/pico-sdk/src/rp2_common/pico_float/float_init_rom.c.obj
 .rodata.str1.4
                0x100084df       0x3c CMakeFiles/taper.dir/Users/abefriedman/Code/pico-sdk/src/rp2_common/pico_standard_link/binary_info.c.obj
 *fill*         0x100084df        0x1 
 .rodata.__bi_81
                0x100084e0        0xc CMakeFiles/taper.dir/Users/abefriedman/Code/pico-sdk/src/rp2_common/pico_standard_link/binary_info.c.obj
 .rodata.__bi_75
                0x100084ec        0xc CMakeFiles/taper.dir/Users/abefriedman/Code/pico-sdk/src/rp2_common/pico_standard_link/binary_info.c.obj
 .rodata.__bi_44
                0x100084f8        0xc CMakeFiles/taper.dir/Users/abefriedman/Code/pico-sdk/src/rp2_common/pico_standard_link/binary_info.c.obj
 .rodata.update_us_since_boot.str1.4
                0x10008504       0x67 CMakeFiles/taper.dir/Users/abefriedman/Code/pico-sdk/src/rp2_common/pico_stdio/stdio.c.obj
 .rodata.crlf_str.2
                0x10008504        0x2 CMakeFiles/taper.dir/Users/abefriedman/Code/pico-sdk/src/rp2_common/pico_stdio/stdio.c.obj
 *fill*         0x10008506        0x2 
 .rodata.__func__.3
                0x10008508       0x15 CMakeFiles/taper.dir/Users/abefriedman/Code/pico-sdk/src/rp2_common/pico_stdio/stdio.c.obj
 *fill*         0x1000851d        0x3 
 .rodata._resetd_driver
                0x10008520       0x18 CMakeFiles/taper.dir/Users/abefriedman/Code/pico-sdk/src/rp2_common/pico_stdio_usb/reset_interface.c.obj
 .rodata.update_us_since_boot.str1.4
                0x10008538       0x67 CMakeFiles/taper.dir/Users/abefriedman/Code/pico-sdk/src/rp2_common/pico_stdio_usb/stdio_usb.c.obj
 .rodata.stdio_usb_init.str1.4
                0x10008538       0x53 CMakeFiles/taper.dir/Users/abefriedman/Code/pico-sdk/src/rp2_common/pico_stdio_usb/stdio_usb.c.obj
 .rodata.str1.4
                0x10008538       0x13 CMakeFiles/taper.dir/Users/abefriedman/Code/pico-sdk/src/rp2_common/pico_stdio_usb/stdio_usb.c.obj
 .rodata.__bi_182.0
                0x10008538        0xc CMakeFiles/taper.dir/Users/abefriedman/Code/pico-sdk/src/rp2_common/pico_stdio_usb/stdio_usb.c.obj
 .rodata.__func__.1
                0x10008544        0xf CMakeFiles/taper.dir/Users/abefriedman/Code/pico-sdk/src/rp2_common/pico_stdio_usb/stdio_usb.c.obj
 *fill*         0x10008553        0x1 
 .rodata.__func__.3
                0x10008554       0x15 CMakeFiles/taper.dir/Users/abefriedman/Code/pico-sdk/src/rp2_common/pico_stdio_usb/stdio_usb.c.obj
 .rodata.str1.4
                0x10008569       0x2a CMakeFiles/taper.dir/Users/abefriedman/Code/pico-sdk/src/rp2_common/pico_stdio_usb/stdio_usb_descriptors.c.obj
 *fill*         0x10008569        0x3 
 .rodata.usbd_desc_str
                0x1000856c       0x18 CMakeFiles/taper.dir/Users/abefriedman/Code/pico-sdk/src/rp2_common/pico_stdio_usb/stdio_usb_descriptors.c.obj
 .rodata.usbd_desc_cfg
                0x10008584       0x54 CMakeFiles/taper.dir/Users/abefriedman/Code/pico-sdk/src/rp2_common/pico_stdio_usb/stdio_usb_descriptors.c.obj
 .rodata.usbd_desc_device
                0x100085d8       0x12 CMakeFiles/taper.dir/Users/abefriedman/Code/pico-sdk/src/rp2_common/pico_stdio_usb/stdio_usb_descriptors.c.obj
 .rodata.pico_get_unique_board_id_string.str1.4
                0x100085ea       0x53 CMakeFiles/taper.dir/Users/abefriedman/Code/pico-sdk/src/rp2_common/pico_unique_id/unique_id.c.obj
 *fill*         0x100085ea        0x2 
 .rodata.__func__.0
                0x100085ec       0x20 CMakeFiles/taper.dir/Users/abefriedman/Code/pico-sdk/src/rp2_common/pico_unique_id/unique_id.c.obj
 .rodata.str1.4
                0x1000860c      0x15e CMakeFiles/taper.dir/Users/abefriedman/Code/pico-sdk/src/rp2_common/hardware_flash/flash.c.obj
 .rodata.__func__.0
                0x1000860c        0xd CMakeFiles/taper.dir/Users/abefriedman/Code/pico-sdk/src/rp2_common/hardware_flash/flash.c.obj
 .rodata._hw_endpoint_alloc.str1.4
                0x10008619       0xbd CMakeFiles/taper.dir/Users/abefriedman/Code/pico-sdk/lib/tinyusb/src/portable/raspberrypi/rp2040/dcd_rp2040.c.obj
 .rodata.str1.4
                0x10008619       0x14 CMakeFiles/taper.dir/Users/abefriedman/Code/pico-sdk/lib/tinyusb/src/portable/raspberrypi/rp2040/dcd_rp2040.c.obj
 .rodata.dcd_int_enable.str1.4
                0x10008619        0xc CMakeFiles/taper.dir/Users/abefriedman/Code/pico-sdk/lib/tinyusb/src/portable/raspberrypi/rp2040/dcd_rp2040.c.obj
 *fill*         0x10008619        0x3 
 .rodata.__func__.0
                0x1000861c        0xe CMakeFiles/taper.dir/Users/abefriedman/Code/pico-sdk/lib/tinyusb/src/portable/raspberrypi/rp2040/dcd_rp2040.c.obj
 *fill*         0x1000862a        0x2 
 .rodata.__func__.1
                0x1000862c        0xe CMakeFiles/taper.dir/Users/abefriedman/Code/pico-sdk/lib/tinyusb/src/portable/raspberrypi/rp2040/dcd_rp2040.c.obj
 *fill*         0x1000863a        0x2 
 .rodata.__func__.3
                0x1000863c       0x10 CMakeFiles/taper.dir/Users/abefriedman/Code/pico-sdk/lib/tinyusb/src/portable/raspberrypi/rp2040/dcd_rp2040.c.obj
 .rodata.__func__.5
                0x1000864c        0xf CMakeFiles/taper.dir/Users/abefriedman/Code/pico-sdk/lib/tinyusb/src/portable/raspberrypi/rp2040/dcd_rp2040.c.obj
 *fill*         0x1000865b        0x1 
 .rodata.__func__.6
                0x1000865c       0x13 CMakeFiles/taper.dir/Users/abefriedman/Code/pico-sdk/lib/tinyusb/src/portable/raspberrypi/rp2040/dcd_rp2040.c.obj
 *fill*         0x1000866f        0x1 
 .rodata.__func__.7
                0x10008670        0x9 CMakeFiles/taper.dir/Users/abefriedman/Code/pico-sdk/lib/tinyusb/src/portable/raspberrypi/rp2040/dcd_rp2040.c.obj
 .rodata.str1.4
                0x10008679       0xef CMakeFiles/taper.dir/Users/abefriedman/Code/pico-sdk/lib/tinyusb/src/portable/raspberrypi/rp2040/rp2040_usb.c.obj
 *fill*         0x10008679        0x3 
 .rodata.__func__.0
                0x1000867c        0xf CMakeFiles/taper.dir/Users/abefriedman/Code/pico-sdk/lib/tinyusb/src/portable/raspberrypi/rp2040/rp2040_usb.c.obj
 *fill*         0x1000868b        0x1 
 .rodata.process_get_descriptor
                0x1000868c       0x40 CMakeFiles/taper.dir/Users/abefriedman/Code/pico-sdk/lib/tinyusb/src/device/usbd.c.obj
 .rodata.process_control_request
                0x100086cc       0x28 CMakeFiles/taper.dir/Users/abefriedman/Code/pico-sdk/lib/tinyusb/src/device/usbd.c.obj
 .rodata.tud_task_ext
                0x100086f4       0x24 CMakeFiles/taper.dir/Users/abefriedman/Code/pico-sdk/lib/tinyusb/src/device/usbd.c.obj
 .rodata._usbd_driver
                0x10008718       0x18 CMakeFiles/taper.dir/Users/abefriedman/Code/pico-sdk/lib/tinyusb/src/device/usbd.c.obj
                0x10008730                        . = ALIGN (0x4)
 *(SORT_BY_ALIGNMENT(SORT_BY_NAME(.flashdata*)))
                0x10008730                        . = ALIGN (0x4)

.ARM.extab
 *(.ARM.extab* .gnu.linkonce.armextab.*)
                0x10008730                        __exidx_start = .

.ARM.exidx
 *(.ARM.exidx* .gnu.linkonce.armexidx.*)
                0x10008730                        __exidx_end = .
                0x10008730                        . = ALIGN (0x4)
                0x10008730                        __binary_info_start = .

.binary_info    0x10008730       0x20
 *(.binary_info.keep.*)
 .binary_info.keep.__bi_ptr81
                0x10008730        0x4 CMakeFiles/taper.dir/Users/abefriedman/Code/pico-sdk/src/rp2_common/pico_standard_link/binary_info.c.obj
 .binary_info.keep.__bi_ptr75
                0x10008734        0x4 CMakeFiles/taper.dir/Users/abefriedman/Code/pico-sdk/src/rp2_common/pico_standard_link/binary_info.c.obj
 .binary_info.keep.__bi_ptr50
                0x10008738        0x4 CMakeFiles/taper.dir/Users/abefriedman/Code/pico-sdk/src/rp2_common/pico_standard_link/binary_info.c.obj
 .binary_info.keep.__bi_ptr44
                0x1000873c        0x4 CMakeFiles/taper.dir/Users/abefriedman/Code/pico-sdk/src/rp2_common/pico_standard_link/binary_info.c.obj
 .binary_info.keep.__bi_ptr38
                0x10008740        0x4 CMakeFiles/taper.dir/Users/abefriedman/Code/pico-sdk/src/rp2_common/pico_standard_link/binary_info.c.obj
 .binary_info.keep.__bi_ptr30
                0x10008744        0x4 CMakeFiles/taper.dir/Users/abefriedman/Code/pico-sdk/src/rp2_common/pico_standard_link/binary_info.c.obj
 .binary_info.keep.__bi_ptr22
                0x10008748        0x4 CMakeFiles/taper.dir/Users/abefriedman/Code/pico-sdk/src/rp2_common/pico_standard_link/binary_info.c.obj
 *(.binary_info.*)
 .binary_info.__bi_ptr182
                0x1000874c        0x4 CMakeFiles/taper.dir/Users/abefriedman/Code/pico-sdk/src/rp2_common/pico_stdio_usb/stdio_usb.c.obj
                0x10008750                        __binary_info_end = .

.rel.dyn        0x10008750        0x0
 .rel.iplt      0x10008750        0x0 /Applications/ArmGNUToolchain/13.2.Rel1/arm-none-eabi/bin/../lib/gcc/arm-none-eabi/13.2.1/thumb/v6-m/nofp/crtbegin.o
                0x10008750                        . = ALIGN (0x4)

.ram_vector_table
                0x20000000       0xc0
 *(.ram_vector_table)
 .ram_vector_table
                0x20000000       0xc0 CMakeFiles/taper.dir/Users/abefriedman/Code/pico-sdk/src/rp2_common/pico_runtime/runtime.c.obj
                0x20000000                ram_vector_table

.data           0x200000c0      0xb84 load address 0x10008750
                0x200000c0                        __data_start__ = .
 *(vtable)
 *(.time_critical*)
 .time_critical.mutex_try_enter
                0x200000c0       0x46 CMakeFiles/taper.dir/Users/abefriedman/Code/pico-sdk/src/common/pico_sync/mutex.c.obj
                0x200000c0                mutex_try_enter
 *fill*         0x20000106        0x2 
 .time_critical.mutex_enter_block_until
                0x20000108       0x8c CMakeFiles/taper.dir/Users/abefriedman/Code/pico-sdk/src/common/pico_sync/mutex.c.obj
                0x20000108                mutex_enter_block_until
 .time_critical.mutex_try_enter_block_until
                0x20000194       0x34 CMakeFiles/taper.dir/Users/abefriedman/Code/pico-sdk/src/common/pico_sync/mutex.c.obj
                0x20000194                mutex_try_enter_block_until
 .time_critical.mutex_enter_timeout_ms
                0x200001c8       0x1a CMakeFiles/taper.dir/Users/abefriedman/Code/pico-sdk/src/common/pico_sync/mutex.c.obj
                0x200001c8                mutex_enter_timeout_ms
 *fill*         0x200001e2        0x2 
 .time_critical.mutex_exit
                0x200001e4       0x4c CMakeFiles/taper.dir/Users/abefriedman/Code/pico-sdk/src/common/pico_sync/mutex.c.obj
                0x200001e4                mutex_exit
 .time_critical.flash_init_boot2_copyout
                0x20000230       0x30 CMakeFiles/taper.dir/Users/abefriedman/Code/pico-sdk/src/rp2_common/hardware_flash/flash.c.obj
 .time_critical.flash_enable_xip_via_boot2
                0x20000260        0xc CMakeFiles/taper.dir/Users/abefriedman/Code/pico-sdk/src/rp2_common/hardware_flash/flash.c.obj
 .time_critical.flash_cs_force
                0x2000026c       0x28 CMakeFiles/taper.dir/Users/abefriedman/Code/pico-sdk/src/rp2_common/hardware_flash/flash.c.obj
 .time_critical.flash_do_cmd
                0x20000294       0xd8 CMakeFiles/taper.dir/Users/abefriedman/Code/pico-sdk/src/rp2_common/hardware_flash/flash.c.obj
                0x20000294                flash_do_cmd
 .time_critical.reset_non_control_endpoints
                0x2000036c       0x40 CMakeFiles/taper.dir/Users/abefriedman/Code/pico-sdk/lib/tinyusb/src/portable/raspberrypi/rp2040/dcd_rp2040.c.obj
 .time_critical.hw_handle_buff_status
                0x200003ac       0xa4 CMakeFiles/taper.dir/Users/abefriedman/Code/pico-sdk/lib/tinyusb/src/portable/raspberrypi/rp2040/dcd_rp2040.c.obj
 .time_critical.dcd_rp2040_irq
                0x20000450      0x1b8 CMakeFiles/taper.dir/Users/abefriedman/Code/pico-sdk/lib/tinyusb/src/portable/raspberrypi/rp2040/dcd_rp2040.c.obj
 .time_critical.e15_is_bulkin_ep
                0x20000608       0x2c CMakeFiles/taper.dir/Users/abefriedman/Code/pico-sdk/lib/tinyusb/src/portable/raspberrypi/rp2040/rp2040_usb.c.obj
 .time_critical.e15_is_critical_frame_period
                0x20000634       0x30 CMakeFiles/taper.dir/Users/abefriedman/Code/pico-sdk/lib/tinyusb/src/portable/raspberrypi/rp2040/rp2040_usb.c.obj
 .time_critical.prepare_ep_buffer
                0x20000664       0x6c CMakeFiles/taper.dir/Users/abefriedman/Code/pico-sdk/lib/tinyusb/src/portable/raspberrypi/rp2040/rp2040_usb.c.obj
 .time_critical.sync_ep_buffer
                0x200006d0       0x7c CMakeFiles/taper.dir/Users/abefriedman/Code/pico-sdk/lib/tinyusb/src/portable/raspberrypi/rp2040/rp2040_usb.c.obj
 .time_critical._hw_endpoint_xfer_sync
                0x2000074c       0x28 CMakeFiles/taper.dir/Users/abefriedman/Code/pico-sdk/lib/tinyusb/src/portable/raspberrypi/rp2040/rp2040_usb.c.obj
 .time_critical.hw_endpoint_reset_transfer
                0x20000774        0xc CMakeFiles/taper.dir/Users/abefriedman/Code/pico-sdk/lib/tinyusb/src/portable/raspberrypi/rp2040/rp2040_usb.c.obj
                0x20000774                hw_endpoint_reset_transfer
 .time_critical._hw_endpoint_buffer_control_update32
                0x20000780       0x58 CMakeFiles/taper.dir/Users/abefriedman/Code/pico-sdk/lib/tinyusb/src/portable/raspberrypi/rp2040/rp2040_usb.c.obj
                0x20000780                _hw_endpoint_buffer_control_update32
 .time_critical.hw_endpoint_start_next_buffer
                0x200007d8       0x88 CMakeFiles/taper.dir/Users/abefriedman/Code/pico-sdk/lib/tinyusb/src/portable/raspberrypi/rp2040/rp2040_usb.c.obj
                0x200007d8                hw_endpoint_start_next_buffer
 .time_critical.hw_endpoint_xfer_continue
                0x20000860       0x50 CMakeFiles/taper.dir/Users/abefriedman/Code/pico-sdk/lib/tinyusb/src/portable/raspberrypi/rp2040/rp2040_usb.c.obj
                0x20000860                hw_endpoint_xfer_continue
 .time_critical.tinyusb
                0x200008b0      0x1ac CMakeFiles/taper.dir/Users/abefriedman/Code/pico-sdk/lib/tinyusb/src/device/usbd.c.obj
                0x200008b0                dcd_event_handler
 .time_critical.spi_write16_read16_blocking
                0x20000a5c       0x42 CMakeFiles/taper.dir/Users/abefriedman/Code/pico-sdk/src/rp2_common/hardware_spi/spi.c.obj
                0x20000a5c                spi_write16_read16_blocking
 *(.text*)
 *fill*         0x20000a9e        0x2 
 .text          0x20000aa0        0x4 /Applications/ArmGNUToolchain/13.2.Rel1/arm-none-eabi/bin/../lib/gcc/arm-none-eabi/13.2.1/thumb/v6-m/nofp/libgcc.a(_dvmd_tls.o)
                0x20000aa0                __aeabi_ldiv0
                0x20000aa0                __aeabi_idiv0
 *fill*         0x20000aa4        0x4 
 .text.__stub   0x20000aa8       0xa0 linker stubs
                0x20000b48                        . = ALIGN (0x4)
 *(.rodata*)
                0x20000b48                        . = ALIGN (0x4)
 *(.data*)
 .data.striped_spin_lock_num
                0x20000b48        0x1 CMakeFiles/taper.dir/Users/abefriedman/Code/pico-sdk/src/rp2_common/hardware_sync/sync.c.obj
 *fill*         0x20000b49        0x3 
 .data          0x20000b4c       0x48 CMakeFiles/taper.dir/Users/abefriedman/Code/pico-sdk/src/rp2_common/hardware_irq/irq_handler_chain.S.obj
                0x20000b4c                irq_handler_chain_slots
                0x20000b7c                irq_handler_chain_first_slot
                0x20000b86                irq_handler_chain_remove_tail
 .data.default_alarm_pool
                0x20000b94       0x18 CMakeFiles/taper.dir/Users/abefriedman/Code/pico-sdk/src/common/pico_time/time.c.obj
 .data.default_alarm_pool_heap
                0x20000bac       0x10 CMakeFiles/taper.dir/Users/abefriedman/Code/pico-sdk/src/common/pico_time/time.c.obj
 *fill*         0x20000bbc        0x4 
 .data.aeabi_bits_funcs
                0x20000bc0       0x10 CMakeFiles/taper.dir/Users/abefriedman/Code/pico-sdk/src/rp2_common/pico_bit_ops/bit_ops_aeabi.S.obj
                0x20000bc0                aeabi_bits_funcs
                0x20000bd0                aeabi_bits_funcs_end
 .data.aeabi_mem_funcs
                0x20000bd0       0x10 CMakeFiles/taper.dir/Users/abefriedman/Code/pico-sdk/src/rp2_common/pico_mem_ops/mem_ops_aeabi.S.obj
                0x20000bd0                aeabi_mem_funcs
                0x20000be0                aeabi_mem_funcs_end
 .data.stdio_usb
                0x20000be0       0x18 CMakeFiles/taper.dir/Users/abefriedman/Code/pico-sdk/src/rp2_common/pico_stdio_usb/stdio_usb.c.obj
                0x20000be0                stdio_usb
 .data.ep_dir_string
                0x20000bf8        0x8 CMakeFiles/taper.dir/Users/abefriedman/Code/pico-sdk/lib/tinyusb/src/portable/raspberrypi/rp2040/rp2040_usb.c.obj
                0x20000bf8                ep_dir_string
 .data._usbd_qdef
                0x20000c00       0x1c CMakeFiles/taper.dir/Users/abefriedman/Code/pico-sdk/lib/tinyusb/src/device/usbd.c.obj
                0x20000c00                _usbd_qdef
 .data._usbd_rhport