Archive member included to satisfy reference by file (symbol)

/Applications/ArmGNUToolchain/13.2.Rel1/arm-none-eabi/bin/../lib/gcc/arm-none-eabi/13.2.1/thumb/v6-m/nofp/libgcc.a(_dvmd_tls.o)
                              CMakeFiles/increment-decrement.dir/Users/abefriedman/Code/pico-sdk/src/rp2_common/pico_divider/divider.S.obj (__aeabi_idiv0)
/Applications/ArmGNUToolchain/13.2.Rel1/arm-none-eabi/bin/../lib/gcc/arm-none-eabi/13.2.1/../../../../arm-none-eabi/lib/thumb/v6-m/nofp/libg.a(libc_a-calloc.o)
                              CMakeFiles/increment-decrement.dir/Users/abefriedman/Code/pico-sdk/src/rp2_common/pico_malloc/pico_malloc.c.obj (calloc)
/Applications/ArmGNUToolchain/13.2.Rel1/arm-none-eabi/bin/../lib/gcc/arm-none-eabi/13.2.1/../../../../arm-none-eabi/lib/thumb/v6-m/nofp/libg.a(libc_a-callocr.o)
                              /Applications/ArmGNUToolchain/13.2.Rel1/arm-none-eabi/bin/../lib/gcc/arm-none-eabi/13.2.1/../../../../arm-none-eabi/lib/thumb/v6-m/nofp/libg.a(libc_a-calloc.o) (_calloc_r)
/Applications/ArmGNUToolchain/13.2.Rel1/arm-none-eabi/bin/../lib/gcc/arm-none-eabi/13.2.1/../../../../arm-none-eabi/lib/thumb/v6-m/nofp/libg.a(libc_a-malloc.o)
                              CMakeFiles/increment-decrement.dir/Users/abefriedman/Code/pico-sdk/src/rp2_common/pico_malloc/pico_malloc.c.obj (malloc)
/Applications/ArmGNUToolchain/13.2.Rel1/arm-none-eabi/bin/../lib/gcc/arm-none-eabi/13.2.1/../../../../arm-none-eabi/lib/thumb/v6-m/nofp/libg.a(libc_a-mallocr.o)
                              /Applications/ArmGNUToolchain/13.2.Rel1/arm-none-eabi/bin/../lib/gcc/arm-none-eabi/13.2.1/../../../../arm-none-eabi/lib/thumb/v6-m/nofp/libg.a(libc_a-callocr.o) (_malloc_r)
/Applications/ArmGNUToolchain/13.2.Rel1/arm-none-eabi/bin/../lib/gcc/arm-none-eabi/13.2.1/../../../../arm-none-eabi/lib/thumb/v6-m/nofp/libg.a(libc_a-mlock.o)
                              /Applications/ArmGNUToolchain/13.2.Rel1/arm-none-eabi/bin/../lib/gcc/arm-none-eabi/13.2.1/../../../../arm-none-eabi/lib/thumb/v6-m/nofp/libg.a(libc_a-mallocr.o) (__malloc_lock)
/Applications/ArmGNUToolchain/13.2.Rel1/arm-none-eabi/bin/../lib/gcc/arm-none-eabi/13.2.1/../../../../arm-none-eabi/lib/thumb/v6-m/nofp/libg.a(libc_a-realloc.o)
                              CMakeFiles/increment-decrement.dir/Users/abefriedman/Code/pico-sdk/src/rp2_common/pico_malloc/pico_malloc.c.obj (realloc)
/Applications/ArmGNUToolchain/13.2.Rel1/arm-none-eabi/bin/../lib/gcc/arm-none-eabi/13.2.1/../../../../arm-none-eabi/lib/thumb/v6-m/nofp/libg.a(libc_a-reallocr.o)
                              /Applications/ArmGNUToolchain/13.2.Rel1/arm-none-eabi/bin/../lib/gcc/arm-none-eabi/13.2.1/../../../../arm-none-eabi/lib/thumb/v6-m/nofp/libg.a(libc_a-realloc.o) (_realloc_r)
/Applications/ArmGNUToolchain/13.2.Rel1/arm-none-eabi/bin/../lib/gcc/arm-none-eabi/13.2.1/../../../../arm-none-eabi/lib/thumb/v6-m/nofp/libg.a(libc_a-memmove.o)
                              /Applications/ArmGNUToolchain/13.2.Rel1/arm-none-eabi/bin/../lib/gcc/arm-none-eabi/13.2.1/../../../../arm-none-eabi/lib/thumb/v6-m/nofp/libg.a(libc_a-reallocr.o) (memmove)
/Applications/ArmGNUToolchain/13.2.Rel1/arm-none-eabi/bin/../lib/gcc/arm-none-eabi/13.2.1/../../../../arm-none-eabi/lib/thumb/v6-m/nofp/libg.a(libc_a-impure.o)
                              /Applications/ArmGNUToolchain/13.2.Rel1/arm-none-eabi/bin/../lib/gcc/arm-none-eabi/13.2.1/../../../../arm-none-eabi/lib/thumb/v6-m/nofp/libg.a(libc_a-calloc.o) (_impure_ptr)
/Applications/ArmGNUToolchain/13.2.Rel1/arm-none-eabi/bin/../lib/gcc/arm-none-eabi/13.2.1/../../../../arm-none-eabi/lib/thumb/v6-m/nofp/libg.a(libc_a-sbrkr.o)
                              /Applications/ArmGNUToolchain/13.2.Rel1/arm-none-eabi/bin/../lib/gcc/arm-none-eabi/13.2.1/../../../../arm-none-eabi/lib/thumb/v6-m/nofp/libg.a(libc_a-mallocr.o) (_sbrk_r)
/Applications/ArmGNUToolchain/13.2.Rel1/arm-none-eabi/bin/../lib/gcc/arm-none-eabi/13.2.1/../../../../arm-none-eabi/lib/thumb/v6-m/nofp/libg.a(libc_a-errno.o)
                              /Applications/ArmGNUToolchain/13.2.Rel1/arm-none-eabi/bin/../lib/gcc/arm-none-eabi/13.2.1/../../../../arm-none-eabi/lib/thumb/v6-m/nofp/libg.a(libc_a-callocr.o) (__errno)
/Applications/ArmGNUToolchain/13.2.Rel1/arm-none-eabi/bin/../lib/gcc/arm-none-eabi/13.2.1/../../../../arm-none-eabi/lib/thumb/v6-m/nofp/libg.a(libc_a-sysconf.o)
                              /Applications/ArmGNUToolchain/13.2.Rel1/arm-none-eabi/bin/../lib/gcc/arm-none-eabi/13.2.1/../../../../arm-none-eabi/lib/thumb/v6-m/nofp/libg.a(libc_a-mallocr.o) (sysconf)
/Applications/ArmGNUToolchain/13.2.Rel1/arm-none-eabi/bin/../lib/gcc/arm-none-eabi/13.2.1/../../../../arm-none-eabi/lib/thumb/v6-m/nofp/libg.a(libc_a-init.o)
                              /Applications/ArmGNUToolchain/13.2.Rel1/arm-none-eabi/bin/../lib/gcc/arm-none-eabi/13.2.1/../../../../arm-none-eabi/lib/thumb/v6-m/nofp/crt0.o (__libc_init_array)
[...]
Memory Configuration

Name             Origin             Length             Attributes
FLASH            0x10000000         0x00200000         xr
RAM              0x20000000         0x00040000         xrw
SCRATCH_X        0x20040000         0x00001000         xrw
SCRATCH_Y        0x20041000         0x00001000         xrw
*default*        0x00000000         0xffffffff

Linker script and memory map

LOAD /Applications/ArmGNUToolchain/13.2.Rel1/arm-none-eabi/bin/../lib/gcc/arm-none-eabi/13.2.1/thumb/v6-m/nofp/crti.o
LOAD /Applications/ArmGNUToolchain/13.2.Rel1/arm-none-eabi/bin/../lib/gcc/arm-none-eabi/13.2.1/thumb/v6-m/nofp/crtbegin.o
LOAD /Applications/ArmGNUToolchain/13.2.Rel1/arm-none-eabi/bin/../lib/gcc/arm-none-eabi/13.2.1/../../../../arm-none-eabi/lib/thumb/v6-m/nofp/crt0.o

.flash_begin    0x10000000        0x0
                0x10000000                        __flash_binary_start = .

.boot2          0x10000000      0x100
                0x10000000                        __boot2_start__ = .
 *(.boot2)
 .boot2         0x10000000      0x100 /var/folders/zj/w4n84x_568b66v7jdy6fhx180000gn/T//ccwEpoaJ.o
                0x10000100                        __boot2_end__ = .
                0x00000001                        ASSERT (((__boot2_end__ - __boot2_start__) == 0x100), ERROR: Pico second stage bootloader must be 256 bytes in size)

.text           0x10000100     0x6f60
                0x10000100                        __logical_binary_start = .
 *(.vectors)
 .vectors       0x10000100       0xd4 CMakeFiles/increment-decrement.dir/Users/abefriedman/Code/pico-sdk/src/rp2_common/pico_standard_link/crt0.S.obj
                0x10000100                __VECTOR_TABLE
                0x10000100                __vectors
                0x100001c0                __default_isrs_start
                0x100001c0                isr_invalid
                0x100001c2                isr_nmi
                0x100001c4                isr_hardfault
                0x100001c6                isr_svcall
                0x100001c8                isr_pendsv
                0x100001ca                isr_systick
                0x100001cc                isr_irq28
                0x100001cc                isr_irq19
                0x100001cc                isr_irq0
                0x100001cc                isr_irq6
                0x100001cc                isr_irq22
                0x100001cc                isr_irq17
                0x100001cc                isr_irq14
                0x100001cc                isr_irq2
                0x100001cc                isr_irq10
                0x100001cc                isr_irq8
                0x100001cc                isr_irq24
                0x100001cc                isr_irq1
                0x100001cc                isr_irq7
                0x100001cc                isr_irq21
                0x100001cc                isr_irq20
                0x100001cc                isr_irq15
                0x100001cc                isr_irq25
                0x100001cc                isr_irq4
                0x100001cc                isr_irq16
                0x100001cc                isr_irq29
                0x100001cc                isr_irq26
                0x100001cc                __default_isrs_end
                0x100001cc                isr_irq3
                0x100001cc                isr_irq9
                0x100001cc                __unhandled_user_irq
                0x100001cc                isr_irq13
                0x100001cc                isr_irq27
                0x100001cc                isr_irq31
                0x100001cc                isr_irq5
                0x100001cc                isr_irq11
                0x100001cc                isr_irq23
                0x100001cc                isr_irq18
                0x100001cc                isr_irq30
                0x100001cc                isr_irq12
                0x100001d2                unhandled_user_irq_num_in_r0
 *(.binary_info_header)
 .binary_info_header
                0x100001d4       0x14 CMakeFiles/increment-decrement.dir/Users/abefriedman/Code/pico-sdk/src/rp2_common/pico_standard_link/crt0.S.obj
                0x100001e8                        __binary_info_header_end = .
 *(.reset)
 .reset         0x100001e8       0xa0 CMakeFiles/increment-decrement.dir/Users/abefriedman/Code/pico-sdk/src/rp2_common/pico_standard_link/crt0.S.obj
                0x100001e8                _entry_point
 .reset         0x10000288       0x30 CMakeFiles/increment-decrement.dir/Users/abefriedman/Code/pico-sdk/src/rp2_common/pico_standard_link/binary_info.c.obj
 *(.init)
 .init          0x100002b8        0x4 /Applications/ArmGNUToolchain/13.2.Rel1/arm-none-eabi/bin/../lib/gcc/arm-none-eabi/13.2.1/thumb/v6-m/nofp/crti.o
                0x100002b8                _init
 *(EXCLUDE_FILE(*libm.a: *libc.a:*lib_a-mem*.o *libgcc.a:) .text*)
 .text.register_tm_clones
                0x100002bc       0x28 /Applications/ArmGNUToolchain/13.2.Rel1/arm-none-eabi/bin/../lib/gcc/arm-none-eabi/13.2.1/thumb/v6-m/nofp/crtbegin.o
 .text.frame_dummy
                0x100002e4       0x24 /Applications/ArmGNUToolchain/13.2.Rel1/arm-none-eabi/bin/../lib/gcc/arm-none-eabi/13.2.1/thumb/v6-m/nofp/crtbegin.o
 .text._ZN15DigiPot_MCP4x51C2Ev
                0x10000308       0x20 CMakeFiles/increment-decrement.dir/Users/abefriedman/Code/mylib/MCP4X51_PICO/MCP4X51_PICO.cpp.obj
                0x10000308                DigiPot_MCP4x51::DigiPot_MCP4x51()
                0x10000308                DigiPot_MCP4x51::DigiPot_MCP4x51()
 .text._ZN15DigiPot_MCP4x519incrementEv
                0x10000328       0x48 CMakeFiles/increment-decrement.dir/Users/abefriedman/Code/mylib/MCP4X51_PICO/MCP4X51_PICO.cpp.obj
                0x10000328                DigiPot_MCP4x51::increment()
 .text._ZN15DigiPot_MCP4x519decrementEv
                0x10000370       0x48 CMakeFiles/increment-decrement.dir/Users/abefriedman/Code/mylib/MCP4X51_PICO/MCP4X51_PICO.cpp.obj
                0x10000370                DigiPot_MCP4x51::decrement()
 .text._ZN15DigiPot_MCP4x5110writeValueEt
                0x100003b8       0x4c CMakeFiles/increment-decrement.dir/Users/abefriedman/Code/mylib/MCP4X51_PICO/MCP4X51_PICO.cpp.obj
                0x100003b8                DigiPot_MCP4x51::writeValue(unsigned short)
 .text._ZN15DigiPot_MCP4x518setTaperE5Taper
                0x10000404        0x4 CMakeFiles/increment-decrement.dir/Users/abefriedman/Code/mylib/MCP4X51_PICO/MCP4X51_PICO.cpp.obj
                0x10000404                DigiPot_MCP4x51::setTaper(Taper)
 .text._ZN15DigiPot_MCP4x514initEhh5Tapert
                0x10000408       0x5c CMakeFiles/increment-decrement.dir/Users/abefriedman/Code/mylib/MCP4X51_PICO/MCP4X51_PICO.cpp.obj
                0x10000408                DigiPot_MCP4x51::init(unsigned char, unsigned char, Taper, unsigned short)
 .text._Z41__static_initialization_and_destruction_0v
                0x10000464       0x10 CMakeFiles/increment-decrement.dir/increment-decrement.cpp.obj
 .text._Z9moveWiperv
                0x10000474       0x24 CMakeFiles/increment-decrement.dir/increment-decrement.cpp.obj
                0x10000474                moveWiper()
 .text.main     0x10000498       0xbc CMakeFiles/increment-decrement.dir/increment-decrement.cpp.obj
                0x10000498                main
 .text._Z11buttonPressjm
                0x10000554       0x48 CMakeFiles/increment-decrement.dir/increment-decrement.cpp.obj
                0x10000554                buttonPress(unsigned int, unsigned long)
 .text._GLOBAL__sub_I_potentiometer
                0x1000059c        0x8 CMakeFiles/increment-decrement.dir/increment-decrement.cpp.obj
 .text.gpio_set_function
                0x100005a4       0x30 CMakeFiles/increment-decrement.dir/Users/abefriedman/Code/pico-sdk/src/rp2_common/hardware_gpio/gpio.c.obj
                0x100005a4                gpio_set_function
 .text.gpio_set_irq_callback
                0x100005d4       0x48 CMakeFiles/increment-decrement.dir/Users/abefriedman/Code/pico-sdk/src/rp2_common/hardware_gpio/gpio.c.obj
                0x100005d4                gpio_set_irq_callback
 .text.gpio_acknowledge_irq
                0x1000061c       0x18 CMakeFiles/increment-decrement.dir/Users/abefriedman/Code/pico-sdk/src/rp2_common/hardware_gpio/gpio.c.obj
                0x1000061c                gpio_acknowledge_irq
 .text._gpio_set_irq_enabled
                0x10000634       0x34 CMakeFiles/increment-decrement.dir/Users/abefriedman/Code/pico-sdk/src/rp2_common/hardware_gpio/gpio.c.obj
 .text.gpio_set_irq_enabled
                0x10000668       0x20 CMakeFiles/increment-decrement.dir/Users/abefriedman/Code/pico-sdk/src/rp2_common/hardware_gpio/gpio.c.obj
                0x10000668                gpio_set_irq_enabled
 .text.gpio_set_irq_enabled_with_callback
                0x10000688       0x20 CMakeFiles/increment-decrement.dir/Users/abefriedman/Code/pico-sdk/src/rp2_common/hardware_gpio/gpio.c.obj
                0x10000688                gpio_set_irq_enabled_with_callback
 .text.gpio_default_irq_handler
                0x100006a8       0x98 CMakeFiles/increment-decrement.dir/Users/abefriedman/Code/pico-sdk/src/rp2_common/hardware_gpio/gpio.c.obj
 .text.gpio_init
                0x10000740       0x16 CMakeFiles/increment-decrement.dir/Users/abefriedman/Code/pico-sdk/src/rp2_common/hardware_gpio/gpio.c.obj
                0x10000740                gpio_init
 .text.gpio_init_mask
                0x10000756       0x1e CMakeFiles/increment-decrement.dir/Users/abefriedman/Code/pico-sdk/src/rp2_common/hardware_gpio/gpio.c.obj
                0x10000756                gpio_init_mask
 .text.running_on_fpga
                0x10000774       0x14 CMakeFiles/increment-decrement.dir/Users/abefriedman/Code/pico-sdk/src/rp2_common/pico_platform/platform.c.obj
                0x10000774                running_on_fpga
 .text.hw_claim_lock
                0x10000788       0x18 CMakeFiles/increment-decrement.dir/Users/abefriedman/Code/pico-sdk/src/rp2_common/hardware_claim/claim.c.obj
                0x10000788                hw_claim_lock
 .text.hw_claim_unlock
                0x100007a0       0x14 CMakeFiles/increment-decrement.dir/Users/abefriedman/Code/pico-sdk/src/rp2_common/hardware_claim/claim.c.obj
                0x100007a0                hw_claim_unlock
 .text.hw_claim_or_assert
                0x100007b4       0x32 CMakeFiles/increment-decrement.dir/Users/abefriedman/Code/pico-sdk/src/rp2_common/hardware_claim/claim.c.obj
                0x100007b4                hw_claim_or_assert
 .text.hw_claim_unused_from_range
                0x100007e6       0x50 CMakeFiles/increment-decrement.dir/Users/abefriedman/Code/pico-sdk/src/rp2_common/hardware_claim/claim.c.obj
                0x100007e6                hw_claim_unused_from_range
 *fill*         0x10000836        0x2 
 .text.spin_locks_reset
                0x10000838       0x20 CMakeFiles/increment-decrement.dir/Users/abefriedman/Code/pico-sdk/src/rp2_common/hardware_sync/sync.c.obj
                0x10000838                spin_locks_reset
 .text.next_striped_spin_lock_num
                0x10000858       0x1c CMakeFiles/increment-decrement.dir/Users/abefriedman/Code/pico-sdk/src/rp2_common/hardware_sync/sync.c.obj
                0x10000858                next_striped_spin_lock_num
 .text.spin_lock_claim_unused
                0x10000874       0x24 CMakeFiles/increment-decrement.dir/Users/abefriedman/Code/pico-sdk/src/rp2_common/hardware_sync/sync.c.obj
                0x10000874                spin_lock_claim_unused
 .text.set_raw_irq_handler_and_unlock
                0x10000898       0x28 CMakeFiles/increment-decrement.dir/Users/abefriedman/Code/pico-sdk/src/rp2_common/hardware_irq/irq.c.obj
 .text.resolve_branch
                0x100008c0       0x30 CMakeFiles/increment-decrement.dir/Users/abefriedman/Code/pico-sdk/src/rp2_common/hardware_irq/irq.c.obj
 .text.make_branch
                0x100008f0       0x48 CMakeFiles/increment-decrement.dir/Users/abefriedman/Code/pico-sdk/src/rp2_common/hardware_irq/irq.c.obj
 .text.insert_branch_and_link
                0x10000938       0x40 CMakeFiles/increment-decrement.dir/Users/abefriedman/Code/pico-sdk/src/rp2_common/hardware_irq/irq.c.obj
 .text.irq_is_enabled
                0x10000978       0x18 CMakeFiles/increment-decrement.dir/Users/abefriedman/Code/pico-sdk/src/rp2_common/hardware_irq/irq.c.obj
                0x10000978                irq_is_enabled
 .text.irq_set_mask_enabled
                0x10000990       0x20 CMakeFiles/increment-decrement.dir/Users/abefriedman/Code/pico-sdk/src/rp2_common/hardware_irq/irq.c.obj
                0x10000990                irq_set_mask_enabled
 .text.irq_set_enabled
                0x100009b0        0xe CMakeFiles/increment-decrement.dir/Users/abefriedman/Code/pico-sdk/src/rp2_common/hardware_irq/irq.c.obj
                0x100009b0                irq_set_enabled
 *fill*         0x100009be        0x2 
 .text.irq_set_pending
                0x100009c0       0x10 CMakeFiles/increment-decrement.dir/Users/abefriedman/Code/pico-sdk/src/rp2_common/hardware_irq/irq.c.obj
                0x100009c0                irq_set_pending
 .text.irq_get_vtable_handler
                0x100009d0       0x10 CMakeFiles/increment-decrement.dir/Users/abefriedman/Code/pico-sdk/src/rp2_common/hardware_irq/irq.c.obj
                0x100009d0                irq_get_vtable_handler
 .text.irq_has_shared_handler
                0x100009e0       0x24 CMakeFiles/increment-decrement.dir/Users/abefriedman/Code/pico-sdk/src/rp2_common/hardware_irq/irq.c.obj
                0x100009e0                irq_has_shared_handler
 .text.irq_set_exclusive_handler
                0x10000a04       0x54 CMakeFiles/increment-decrement.dir/Users/abefriedman/Code/pico-sdk/src/rp2_common/hardware_irq/irq.c.obj
                0x10000a04                irq_set_exclusive_handler
 .text.irq_add_shared_handler
                0x10000a58      0x210 CMakeFiles/increment-decrement.dir/Users/abefriedman/Code/pico-sdk/src/rp2_common/hardware_irq/irq.c.obj
                0x10000a58                irq_add_shared_handler
 .text.irq_remove_handler
                0x10000c68      0x188 CMakeFiles/increment-decrement.dir/Users/abefriedman/Code/pico-sdk/src/rp2_common/hardware_irq/irq.c.obj
                0x10000c68                irq_remove_handler
 .text.irq_add_tail_to_free_list
                0x10000df0       0xf0 CMakeFiles/increment-decrement.dir/Users/abefriedman/Code/pico-sdk/src/rp2_common/hardware_irq/irq.c.obj
                0x10000df0                irq_add_tail_to_free_list
 .text.irq_init_priorities
                0x10000ee0       0x1c CMakeFiles/increment-decrement.dir/Users/abefriedman/Code/pico-sdk/src/rp2_common/hardware_irq/irq.c.obj
                0x10000ee0                irq_init_priorities
 .text.user_irq_claim_unused
                0x10000efc       0x2c CMakeFiles/increment-decrement.dir/Users/abefriedman/Code/pico-sdk/src/rp2_common/hardware_irq/irq.c.obj
                0x10000efc                user_irq_claim_unused
 .text.lock_init
                0x10000f28       0x10 CMakeFiles/increment-decrement.dir/Users/abefriedman/Code/pico-sdk/src/common/pico_sync/lock_core.c.obj
                0x10000f28                lock_init
 .text.update_us_since_boot
                0x10000f38       0x24 CMakeFiles/increment-decrement.dir/Users/abefriedman/Code/pico-sdk/src/common/pico_sync/mutex.c.obj
 .text.delayed_by_ms
                0x10000f5c       0x44 CMakeFiles/increment-decrement.dir/Users/abefriedman/Code/pico-sdk/src/common/pico_sync/mutex.c.obj
 .text.get_absolute_time
                0x10000fa0       0x22 CMakeFiles/increment-decrement.dir/Users/abefriedman/Code/pico-sdk/src/common/pico_sync/mutex.c.obj
 .text.make_timeout_time_ms
                0x10000fc2       0x20 CMakeFiles/increment-decrement.dir/Users/abefriedman/Code/pico-sdk/src/common/pico_sync/mutex.c.obj
 .text.mutex_init
                0x10000fe2       0x1a CMakeFiles/increment-decrement.dir/Users/abefriedman/Code/pico-sdk/src/common/pico_sync/mutex.c.obj
                0x10000fe2                mutex_init
 .text.recursive_mutex_init
                0x10000ffc       0x1e CMakeFiles/increment-decrement.dir/Users/abefriedman/Code/pico-sdk/src/common/pico_sync/mutex.c.obj
                0x10000ffc                recursive_mutex_init
 *fill*         0x1000101a        0x2 
 .text.critical_section_init_with_lock_num
                0x1000101c       0x14 CMakeFiles/increment-decrement.dir/Users/abefriedman/Code/pico-sdk/src/common/pico_sync/critical_section.c.obj
                0x1000101c                critical_section_init_with_lock_num
 .text.critical_section_init
                0x10001030       0x14 CMakeFiles/increment-decrement.dir/Users/abefriedman/Code/pico-sdk/src/common/pico_sync/critical_section.c.obj
                0x10001030                critical_section_init
 .text.time_reached
                0x10001044       0x28 CMakeFiles/increment-decrement.dir/Users/abefriedman/Code/pico-sdk/src/common/pico_time/time.c.obj
 .text.get_entry
                0x1000106c       0x38 CMakeFiles/increment-decrement.dir/Users/abefriedman/Code/pico-sdk/src/common/pico_time/time.c.obj
 .text.timer_pool_entry_comparator
                0x100010a4       0x2e CMakeFiles/increment-decrement.dir/Users/abefriedman/Code/pico-sdk/src/common/pico_time/time.c.obj
                0x100010a4                timer_pool_entry_comparator
 *fill*         0x100010d2        0x2 
 .text.update_us_since_boot
                0x100010d4       0x24 CMakeFiles/increment-decrement.dir/Users/abefriedman/Code/pico-sdk/src/common/pico_time/time.c.obj
 .text.delayed_by_us
                0x100010f8       0x34 CMakeFiles/increment-decrement.dir/Users/abefriedman/Code/pico-sdk/src/common/pico_time/time.c.obj
 .text.ph_get_node
                0x1000112c       0x30 CMakeFiles/increment-decrement.dir/Users/abefriedman/Code/pico-sdk/src/common/pico_time/time.c.obj
 .text.ph_contains_node
                0x1000115c       0x1e CMakeFiles/increment-decrement.dir/Users/abefriedman/Code/pico-sdk/src/common/pico_time/time.c.obj
 .text.ph_new_node
                0x1000117a       0x28 CMakeFiles/increment-decrement.dir/Users/abefriedman/Code/pico-sdk/src/common/pico_time/time.c.obj
 *fill*         0x100011a2        0x2 
 .text.ph_add_child_node
                0x100011a4       0x6c CMakeFiles/increment-decrement.dir/Users/abefriedman/Code/pico-sdk/src/common/pico_time/time.c.obj
 .text.ph_merge_nodes
                0x10001210       0x3e CMakeFiles/increment-decrement.dir/Users/abefriedman/Code/pico-sdk/src/common/pico_time/time.c.obj
 *fill*         0x1000124e        0x2 
 .text.ph_insert_node
                0x10001250       0x3c CMakeFiles/increment-decrement.dir/Users/abefriedman/Code/pico-sdk/src/common/pico_time/time.c.obj
 .text.ph_free_node
                0x1000128c       0x5c CMakeFiles/increment-decrement.dir/Users/abefriedman/Code/pico-sdk/src/common/pico_time/time.c.obj
 .text.get_entry_id_high
                0x100012e8       0x30 CMakeFiles/increment-decrement.dir/Users/abefriedman/Code/pico-sdk/src/common/pico_time/time.c.obj
 .text.alarm_pool_post_alloc_init
                0x10001318       0x40 CMakeFiles/increment-decrement.dir/Users/abefriedman/Code/pico-sdk/src/common/pico_time/time.c.obj
 .text.sleep_until_callback
                0x10001358       0x30 CMakeFiles/increment-decrement.dir/Users/abefriedman/Code/pico-sdk/src/common/pico_time/time.c.obj
 .text.get_absolute_time
                0x10001388       0x22 CMakeFiles/increment-decrement.dir/Users/abefriedman/Code/pico-sdk/src/common/pico_time/time.c.obj
 *fill*         0x100013aa        0x2 
 .text.add_alarm_under_lock
                0x100013ac       0x94 CMakeFiles/increment-decrement.dir/Users/abefriedman/Code/pico-sdk/src/common/pico_time/time.c.obj
 .text.alarm_pool_alarm_callback
                0x10001440      0x210 CMakeFiles/increment-decrement.dir/Users/abefriedman/Code/pico-sdk/src/common/pico_time/time.c.obj
 .text.alarm_pool_init_default
                0x10001650       0x40 CMakeFiles/increment-decrement.dir/Users/abefriedman/Code/pico-sdk/src/common/pico_time/time.c.obj
                0x10001650                alarm_pool_init_default
 .text.alarm_pool_get_default
                0x10001690       0x2c CMakeFiles/increment-decrement.dir/Users/abefriedman/Code/pico-sdk/src/common/pico_time/time.c.obj
                0x10001690                alarm_pool_get_default
 .text.alarm_pool_add_alarm_at
                0x100016bc      0x10e CMakeFiles/increment-decrement.dir/Users/abefriedman/Code/pico-sdk/src/common/pico_time/time.c.obj
                0x100016bc                alarm_pool_add_alarm_at
 .text.add_alarm_at
                0x100017ca       0x2e CMakeFiles/increment-decrement.dir/Users/abefriedman/Code/pico-sdk/src/common/pico_time/time.c.obj
 .text.alarm_pool_cancel_alarm
                0x100017f8       0xa8 CMakeFiles/increment-decrement.dir/Users/abefriedman/Code/pico-sdk/src/common/pico_time/time.c.obj
                0x100017f8                alarm_pool_cancel_alarm
 .text.cancel_alarm
                0x100018a0       0x10 CMakeFiles/increment-decrement.dir/Users/abefriedman/Code/pico-sdk/src/common/pico_time/time.c.obj
 .text.alarm_pool_core_num
                0x100018b0        0x4 CMakeFiles/increment-decrement.dir/Users/abefriedman/Code/pico-sdk/src/common/pico_time/time.c.obj
                0x100018b0                alarm_pool_core_num
 .text.best_effort_wfe_or_timeout
                0x100018b4       0x44 CMakeFiles/increment-decrement.dir/Users/abefriedman/Code/pico-sdk/src/common/pico_time/time.c.obj
                0x100018b4                best_effort_wfe_or_timeout
 .text.hardware_alarm_irq_handler
                0x100018f8       0x8c CMakeFiles/increment-decrement.dir/Users/abefriedman/Code/pico-sdk/src/rp2_common/hardware_timer/timer.c.obj
 .text.hardware_alarm_claim
                0x10001984       0x18 CMakeFiles/increment-decrement.dir/Users/abefriedman/Code/pico-sdk/src/rp2_common/hardware_timer/timer.c.obj
                0x10001984                hardware_alarm_claim
 .text.time_us_64
                0x1000199c       0x18 CMakeFiles/increment-decrement.dir/Users/abefriedman/Code/pico-sdk/src/rp2_common/hardware_timer/timer.c.obj
                0x1000199c                time_us_64
 .text.hardware_alarm_set_callback
                0x100019b4       0x90 CMakeFiles/increment-decrement.dir/Users/abefriedman/Code/pico-sdk/src/rp2_common/hardware_timer/timer.c.obj
                0x100019b4                hardware_alarm_set_callback
 .text.hardware_alarm_set_target
                0x10001a44       0xe8 CMakeFiles/increment-decrement.dir/Users/abefriedman/Code/pico-sdk/src/rp2_common/hardware_timer/timer.c.obj
                0x10001a44                hardware_alarm_set_target
 .text.hardware_alarm_cancel
                0x10001b2c       0x40 CMakeFiles/increment-decrement.dir/Users/abefriedman/Code/pico-sdk/src/rp2_common/hardware_timer/timer.c.obj
                0x10001b2c                hardware_alarm_cancel
 .text.ph_get_node
                0x10001b6c       0x30 CMakeFiles/increment-decrement.dir/Users/abefriedman/Code/pico-sdk/src/common/pico_util/pheap.c.obj
 .text.ph_add_child_node
                0x10001b9c       0x6c CMakeFiles/increment-decrement.dir/Users/abefriedman/Code/pico-sdk/src/common/pico_util/pheap.c.obj
 .text.ph_merge_nodes
                0x10001c08       0x3e CMakeFiles/increment-decrement.dir/Users/abefriedman/Code/pico-sdk/src/common/pico_util/pheap.c.obj
 .text.ph_clear
                0x10001c46       0x34 CMakeFiles/increment-decrement.dir/Users/abefriedman/Code/pico-sdk/src/common/pico_util/pheap.c.obj
                0x10001c46                ph_clear
 .text.ph_post_alloc_init
                0x10001c7a        0xe CMakeFiles/increment-decrement.dir/Users/abefriedman/Code/pico-sdk/src/common/pico_util/pheap.c.obj
                0x10001c7a                ph_post_alloc_init
 .text.ph_merge_two_pass
                0x10001c88       0x5c CMakeFiles/increment-decrement.dir/Users/abefriedman/Code/pico-sdk/src/common/pico_util/pheap.c.obj
                0x10001c88                ph_merge_two_pass
 .text.ph_remove_any_head
                0x10001ce4       0xc0 CMakeFiles/increment-decrement.dir/Users/abefriedman/Code/pico-sdk/src/common/pico_util/pheap.c.obj
 .text.ph_remove_head
                0x10001da4       0x14 CMakeFiles/increment-decrement.dir/Users/abefriedman/Code/pico-sdk/src/common/pico_util/pheap.c.obj
                0x10001da4                ph_remove_head
 .text.ph_remove_and_free_node
                0x10001db8       0xa0 CMakeFiles/increment-decrement.dir/Users/abefriedman/Code/pico-sdk/src/common/pico_util/pheap.c.obj
                0x10001db8                ph_remove_and_free_node
 .text.clock_configure
                0x10001e58      0x108 CMakeFiles/increment-decrement.dir/Users/abefriedman/Code/pico-sdk/src/rp2_common/hardware_clocks/clocks.c.obj
                0x10001e58                clock_configure
 .text.clocks_init
                0x10001f60      0x100 CMakeFiles/increment-decrement.dir/Users/abefriedman/Code/pico-sdk/src/rp2_common/hardware_clocks/clocks.c.obj
                0x10001f60                clocks_init
 .text.clock_get_hz
                0x10002060        0xc CMakeFiles/increment-decrement.dir/Users/abefriedman/Code/pico-sdk/src/rp2_common/hardware_clocks/clocks.c.obj
                0x10002060                clock_get_hz
 .text.pll_init
                0x1000206c      0x120 CMakeFiles/increment-decrement.dir/Users/abefriedman/Code/pico-sdk/src/rp2_common/hardware_pll/pll.c.obj
                0x1000206c                pll_init
 .text.watchdog_start_tick
                0x1000218c       0x10 CMakeFiles/increment-decrement.dir/Users/abefriedman/Code/pico-sdk/src/rp2_common/hardware_watchdog/watchdog.c.obj
                0x1000218c                watchdog_start_tick
 .text.watchdog_update
                0x1000219c       0x14 CMakeFiles/increment-decrement.dir/Users/abefriedman/Code/pico-sdk/src/rp2_common/hardware_watchdog/watchdog.c.obj
                0x1000219c                watchdog_update
 .text._watchdog_enable
                0x100021b0       0x78 CMakeFiles/increment-decrement.dir/Users/abefriedman/Code/pico-sdk/src/rp2_common/hardware_watchdog/watchdog.c.obj
                0x100021b0                _watchdog_enable
 .text.watchdog_reboot
                0x10002228       0x48 CMakeFiles/increment-decrement.dir/Users/abefriedman/Code/pico-sdk/src/rp2_common/hardware_watchdog/watchdog.c.obj
                0x10002228                watchdog_reboot
 .text.xosc_init
                0x10002270       0x28 CMakeFiles/increment-decrement.dir/Users/abefriedman/Code/pico-sdk/src/rp2_common/hardware_xosc/xosc.c.obj
                0x10002270                xosc_init
 .text._exit    0x10002298        0x4 CMakeFiles/increment-decrement.dir/Users/abefriedman/Code/pico-sdk/src/rp2_common/pico_runtime/runtime.c.obj
                0x10002298                _exit
 .text.exit     0x1000229c        0x6 CMakeFiles/increment-decrement.dir/Users/abefriedman/Code/pico-sdk/src/rp2_common/pico_runtime/runtime.c.obj
                0x1000229c                exit
 *fill*         0x100022a2        0x2 
 .text.__assert_func
                0x100022a4       0x38 CMakeFiles/increment-decrement.dir/Users/abefriedman/Code/pico-sdk/src/rp2_common/pico_runtime/runtime.c.obj
                0x100022a4                __assert_func
 .text.runtime_init
                0x100022dc       0xf8 CMakeFiles/increment-decrement.dir/Users/abefriedman/Code/pico-sdk/src/rp2_common/pico_runtime/runtime.c.obj
                0x100022dc                runtime_init
 .text.panic    0x100023d4       0x30 CMakeFiles/increment-decrement.dir/Users/abefriedman/Code/pico-sdk/src/rp2_common/pico_runtime/runtime.c.obj
                0x100023d4                panic
 .text._out_null
                0x10002404        0x2 CMakeFiles/increment-decrement.dir/Users/abefriedman/Code/pico-sdk/src/rp2_common/pico_printf/printf.c.obj
 .text._out_fct
                0x10002406        0xe CMakeFiles/increment-decrement.dir/Users/abefriedman/Code/pico-sdk/src/rp2_common/pico_printf/printf.c.obj
 .text._atoi    0x10002414       0x24 CMakeFiles/increment-decrement.dir/Users/abefriedman/Code/pico-sdk/src/rp2_common/pico_printf/printf.c.obj
 .text._out_rev
                0x10002438       0xae CMakeFiles/increment-decrement.dir/Users/abefriedman/Code/pico-sdk/src/rp2_common/pico_printf/printf.c.obj
 .text._ntoa_format
                0x100024e6      0x110 CMakeFiles/increment-decrement.dir/Users/abefriedman/Code/pico-sdk/src/rp2_common/pico_printf/printf.c.obj
 .text._ntoa_long
                0x100025f6       0xbc CMakeFiles/increment-decrement.dir/Users/abefriedman/Code/pico-sdk/src/rp2_common/pico_printf/printf.c.obj
 .text._ntoa_long_long
                0x100026b2      0x10e CMakeFiles/increment-decrement.dir/Users/abefriedman/Code/pico-sdk/src/rp2_common/pico_printf/printf.c.obj
 .text._etoa    0x100027c0      0x420 CMakeFiles/increment-decrement.dir/Users/abefriedman/Code/pico-sdk/src/rp2_common/pico_printf/printf.c.obj
 .text._ftoa    0x10002be0      0x354 CMakeFiles/increment-decrement.dir/Users/abefriedman/Code/pico-sdk/src/rp2_common/pico_printf/printf.c.obj
 .text._vsnprintf
                0x10002f34      0x668 CMakeFiles/increment-decrement.dir/Users/abefriedman/Code/pico-sdk/src/rp2_common/pico_printf/printf.c.obj
 .text.vfctprintf
                0x1000359c       0x20 CMakeFiles/increment-decrement.dir/Users/abefriedman/Code/pico-sdk/src/rp2_common/pico_printf/printf.c.obj
                0x1000359c                vfctprintf
 .text          0x100035bc       0x10 CMakeFiles/increment-decrement.dir/Users/abefriedman/Code/pico-sdk/src/rp2_common/pico_bit_ops/bit_ops_aeabi.S.obj
 .text.rom_func_lookup
                0x100035cc       0x10 CMakeFiles/increment-decrement.dir/Users/abefriedman/Code/pico-sdk/src/rp2_common/pico_bootrom/bootrom.c.obj
                0x100035cc                rom_func_lookup
 .text.rom_data_lookup
                0x100035dc       0x10 CMakeFiles/increment-decrement.dir/Users/abefriedman/Code/pico-sdk/src/rp2_common/pico_bootrom/bootrom.c.obj
                0x100035dc                rom_data_lookup
 .text.rom_funcs_lookup
                0x100035ec       0x36 CMakeFiles/increment-decrement.dir/Users/abefriedman/Code/pico-sdk/src/rp2_common/pico_bootrom/bootrom.c.obj
                0x100035ec                rom_funcs_lookup
 *fill*         0x10003622        0x2 
 .text.__wrap___aeabi_idiv
                0x10003624       0x50 CMakeFiles/increment-decrement.dir/Users/abefriedman/Code/pico-sdk/src/rp2_common/pico_divider/divider.S.obj
                0x10003624                __wrap___aeabi_idivmod
                0x10003624                divmod_s32s32
                0x10003624                div_s32s32
                0x10003624                __wrap___aeabi_idiv
                0x1000362c                divmod_s32s32_unsafe
                0x10003658                divmod_s32s32_savestate
 .text.__wrap___aeabi_uidiv
                0x10003674       0x4c CMakeFiles/increment-decrement.dir/Users/abefriedman/Code/pico-sdk/src/rp2_common/pico_divider/divider.S.obj
                0x10003674                __wrap___aeabi_uidiv
                0x10003674                __wrap___aeabi_uidivmod
                0x10003674                div_u32u32
                0x10003674                divmod_u32u32
                0x1000367c                divmod_u32u32_unsafe
                0x100036a4                divmod_u32u32_savestate
 .text.__wrap___aeabi_ldiv
                0x100036c0      0x424 CMakeFiles/increment-decrement.dir/Users/abefriedman/Code/pico-sdk/src/rp2_common/pico_divider/divider.S.obj
                0x100036c0                __wrap___aeabi_ldivmod
                0x100036c0                div_s64s64
                0x100036c0                divmod_s64s64
                0x100036f0                divmod_u64u64
                0x100036f0                div_u64u64
                0x100036f0                __wrap___aeabi_uldivmod
                0x10003700                divmod_u64u64_savestate
                0x10003720                divmod_s64s64_unsafe
                0x100037a8                divmod_u64u64_unsafe
 .text.__wrap___aeabi_darithmetic
                0x10003ae4       0x80 CMakeFiles/increment-decrement.dir/Users/abefriedman/Code/pico-sdk/src/rp2_common/pico_double/double_aeabi.S.obj
                0x10003ae4                __wrap___aeabi_drsub
                0x10003aea                __wrap___aeabi_dsub
                0x10003afc                __wrap___aeabi_dadd
                0x10003b0e                __wrap___aeabi_ddiv
                0x10003b4a                __wrap___aeabi_dmul
 .text.__wrap___aeabi_cdcmple
                0x10003b64       0x6c CMakeFiles/increment-decrement.dir/Users/abefriedman/Code/pico-sdk/src/rp2_common/pico_double/double_aeabi.S.obj
                0x10003b64                __wrap___aeabi_cdrcmple
                0x10003b74                __wrap___aeabi_cdcmple
                0x10003b74                __wrap___aeabi_cdcmpeq
 .text.__wrap___aeabi_dcmplt
                0x10003bd0        0xc CMakeFiles/increment-decrement.dir/Users/abefriedman/Code/pico-sdk/src/rp2_common/pico_double/double_aeabi.S.obj
                0x10003bd0                __wrap___aeabi_dcmplt
 .text.__wrap___aeabi_dcmple
                0x10003bdc       0x10 CMakeFiles/increment-decrement.dir/Users/abefriedman/Code/pico-sdk/src/rp2_common/pico_double/double_aeabi.S.obj
                0x10003bdc                __wrap___aeabi_dcmple
 .text.__wrap___aeabi_dcmpge
                0x10003bec       0x10 CMakeFiles/increment-decrement.dir/Users/abefriedman/Code/pico-sdk/src/rp2_common/pico_double/double_aeabi.S.obj
                0x10003bec                __wrap___aeabi_dcmpge
 .text.__wrap___aeabi_dcmpgt
                0x10003bfc        0xa CMakeFiles/increment-decrement.dir/Users/abefriedman/Code/pico-sdk/src/rp2_common/pico_double/double_aeabi.S.obj
                0x10003bfc                __wrap___aeabi_dcmpgt
 .text.__wrap___aeabi_dcmpun
                0x10003c06       0x1c CMakeFiles/increment-decrement.dir/Users/abefriedman/Code/pico-sdk/src/rp2_common/pico_double/double_aeabi.S.obj
                0x10003c06                __wrap___aeabi_dcmpun
 *fill*         0x10003c22        0x2 
 .text.__wrap___aeabi_i2d
                0x10003c24       0x38 CMakeFiles/increment-decrement.dir/Users/abefriedman/Code/pico-sdk/src/rp2_common/pico_double/double_aeabi.S.obj
                0x10003c24                __wrap___aeabi_ui2d
                0x10003c2c                __wrap___aeabi_i2d
 .text.__wrap___aeabi_d2iz
                0x10003c5c       0x48 CMakeFiles/increment-decrement.dir/Users/abefriedman/Code/pico-sdk/src/rp2_common/pico_double/double_aeabi.S.obj
                0x10003c5c                __wrap___aeabi_d2iz
                0x10003c5c                double2int_z
 .text.__wrap___aeabi_d2uiz
                0x10003ca4       0x18 CMakeFiles/increment-decrement.dir/Users/abefriedman/Code/pico-sdk/src/rp2_common/pico_double/double_aeabi.S.obj
                0x10003ca4                double2uint
                0x10003ca4                __wrap___aeabi_d2uiz
 .text.__aeabi_double_init
                0x10003cbc       0xcc CMakeFiles/increment-decrement.dir/Users/abefriedman/Code/pico-sdk/src/rp2_common/pico_double/double_init_rom.c.obj
                0x10003cbc                __aeabi_double_init
 .text.double_table_shim_on_use_helper
                0x10003d88       0x34 CMakeFiles/increment-decrement.dir/Users/abefriedman/Code/pico-sdk/src/rp2_common/pico_double/double_v1_rom_shim.S.obj
                0x10003d88                double_table_shim_on_use_helper
 .text.__wrap___aeabi_dsub
                0x10003dbc       0x10 CMakeFiles/increment-decrement.dir/Users/abefriedman/Code/pico-sdk/src/rp2_common/pico_double/double_v1_rom_shim.S.obj
                0x10003dbc                drsub_shim
                0x10003dc2                dsub_shim
 .text.dadd_shim
                0x10003dcc      0x15c CMakeFiles/increment-decrement.dir/Users/abefriedman/Code/pico-sdk/src/rp2_common/pico_double/double_v1_rom_shim.S.obj
                0x10003dcc                dadd_shim
 .text.dmul_shim
                0x10003f28      0x15c CMakeFiles/increment-decrement.dir/Users/abefriedman/Code/pico-sdk/src/rp2_common/pico_double/double_v1_rom_shim.S.obj
                0x10003f28                dmul_shim
 .text.ddiv_shim
                0x10004084      0x1b0 CMakeFiles/increment-decrement.dir/Users/abefriedman/Code/pico-sdk/src/rp2_common/pico_double/double_v1_rom_shim.S.obj
                0x10004084                ddiv_shim
 .text.double2uint_shim
                0x10004234        0xe CMakeFiles/increment-decrement.dir/Users/abefriedman/Code/pico-sdk/src/rp2_common/pico_double/double_v1_rom_shim.S.obj
                0x10004234                double2uint_shim
                0x10004236                double2ufix_shim
 *fill*         0x10004242        0x2 
 .text.double2uint64_shim
                0x10004244       0x70 CMakeFiles/increment-decrement.dir/Users/abefriedman/Code/pico-sdk/src/rp2_common/pico_double/double_v1_rom_shim.S.obj
                0x10004244                double2uint64_shim
                0x10004246                double2ufix64_shim
                0x10004266                d2fix_a
 .text.dunpacks
                0x100042b4       0x3c CMakeFiles/increment-decrement.dir/Users/abefriedman/Code/pico-sdk/src/rp2_common/pico_double/double_v1_rom_shim.S.obj
                0x100042b4                dunpacks
 .text.__aeabi_lmul
                0x100042f0       0x32 CMakeFiles/increment-decrement.dir/Users/abefriedman/Code/pico-sdk/src/rp2_common/pico_int64_ops/pico_int64_ops_aeabi.S.obj
                0x100042f0                __wrap___aeabi_lmul
 *fill*         0x10004322        0x2 
 .text.__aeabi_float_init
                0x10004324       0xfc CMakeFiles/increment-decrement.dir/Users/abefriedman/Code/pico-sdk/src/rp2_common/pico_float/float_init_rom.c.obj
                0x10004324                __aeabi_float_init
 .text.float_table_shim_on_use_helper
                0x10004420       0x34 CMakeFiles/increment-decrement.dir/Users/abefriedman/Code/pico-sdk/src/rp2_common/pico_float/float_v1_rom_shim.S.obj
                0x10004420                float_table_shim_on_use_helper
 .text          0x10004454       0x10 CMakeFiles/increment-decrement.dir/Users/abefriedman/Code/pico-sdk/src/rp2_common/pico_mem_ops/mem_ops_aeabi.S.obj
                0x10004454                __aeabi_mem_init
 .text.memset   0x10004464        0xc CMakeFiles/increment-decrement.dir/Users/abefriedman/Code/pico-sdk/src/rp2_common/pico_mem_ops/mem_ops_aeabi.S.obj
                0x10004464                __wrap_memset
 .text.memcpy   0x10004470        0xc CMakeFiles/increment-decrement.dir/Users/abefriedman/Code/pico-sdk/src/rp2_common/pico_mem_ops/mem_ops_aeabi.S.obj
                0x10004470                __wrap___aeabi_memcpy
                0x10004470                __wrap_memcpy
 .text.stdio_out_chars_no_crlf
                0x1000447c        0xe CMakeFiles/increment-decrement.dir/Users/abefriedman/Code/pico-sdk/src/rp2_common/pico_stdio/stdio.c.obj
 *fill*         0x1000448a        0x2 
 .text.stdio_out_chars_crlf
                0x1000448c       0x80 CMakeFiles/increment-decrement.dir/Users/abefriedman/Code/pico-sdk/src/rp2_common/pico_stdio/stdio.c.obj
 .text.stdio_stack_buffer_flush
                0x1000450c       0x44 CMakeFiles/increment-decrement.dir/Users/abefriedman/Code/pico-sdk/src/rp2_common/pico_stdio/stdio.c.obj
 .text.stdio_buffered_printer
                0x10004550       0x20 CMakeFiles/increment-decrement.dir/Users/abefriedman/Code/pico-sdk/src/rp2_common/pico_stdio/stdio.c.obj
 .text.update_us_since_boot
                0x10004570       0x24 CMakeFiles/increment-decrement.dir/Users/abefriedman/Code/pico-sdk/src/rp2_common/pico_stdio/stdio.c.obj
 .text.get_absolute_time
                0x10004594       0x22 CMakeFiles/increment-decrement.dir/Users/abefriedman/Code/pico-sdk/src/rp2_common/pico_stdio/stdio.c.obj
 *fill*         0x100045b6        0x2 
 .text.delayed_by_ms
                0x100045b8       0x44 CMakeFiles/increment-decrement.dir/Users/abefriedman/Code/pico-sdk/src/rp2_common/pico_stdio/stdio.c.obj
 .text.make_timeout_time_ms
                0x100045fc       0x20 CMakeFiles/increment-decrement.dir/Users/abefriedman/Code/pico-sdk/src/rp2_common/pico_stdio/stdio.c.obj
 .text.stdout_serialize_begin
                0x1000461c       0x20 CMakeFiles/increment-decrement.dir/Users/abefriedman/Code/pico-sdk/src/rp2_common/pico_stdio/stdio.c.obj
                0x1000461c                stdout_serialize_begin
 .text.stdout_serialize_end
                0x1000463c       0x10 CMakeFiles/increment-decrement.dir/Users/abefriedman/Code/pico-sdk/src/rp2_common/pico_stdio/stdio.c.obj
                0x1000463c                stdout_serialize_end
 .text.stdio_put_string
                0x1000464c       0x98 CMakeFiles/increment-decrement.dir/Users/abefriedman/Code/pico-sdk/src/rp2_common/pico_stdio/stdio.c.obj
 .text.stdio_set_driver_enabled
                0x100046e4       0x2c CMakeFiles/increment-decrement.dir/Users/abefriedman/Code/pico-sdk/src/rp2_common/pico_stdio/stdio.c.obj
                0x100046e4                stdio_set_driver_enabled
 .text.stdio_flush
                0x10004710       0x20 CMakeFiles/increment-decrement.dir/Users/abefriedman/Code/pico-sdk/src/rp2_common/pico_stdio/stdio.c.obj
                0x10004710                stdio_flush
 .text.__wrap_puts
                0x10004730       0x1e CMakeFiles/increment-decrement.dir/Users/abefriedman/Code/pico-sdk/src/rp2_common/pico_stdio/stdio.c.obj
                0x10004730                __wrap_puts
 *fill*         0x1000474e        0x2 
 .text.__wrap_vprintf
                0x10004750       0x40 CMakeFiles/increment-decrement.dir/Users/abefriedman/Code/pico-sdk/src/rp2_common/pico_stdio/stdio.c.obj
                0x10004750                __wrap_vprintf
 .text.__wrap_printf
                0x10004790       0x18 CMakeFiles/increment-decrement.dir/Users/abefriedman/Code/pico-sdk/src/rp2_common/pico_stdio/stdio.c.obj
                0x10004790                __wrap_printf
 .text.stdio_init_all
                0x100047a8        0x8 CMakeFiles/increment-decrement.dir/Users/abefriedman/Code/pico-sdk/src/rp2_common/pico_stdio/stdio.c.obj
                0x100047a8                stdio_init_all
 .text.resetd_init
                0x100047b0        0x2 CMakeFiles/increment-decrement.dir/Users/abefriedman/Code/pico-sdk/src/rp2_common/pico_stdio_usb/reset_interface.c.obj
 *fill*         0x100047b2        0x2 
 .text.resetd_reset
                0x100047b4        0xc CMakeFiles/increment-decrement.dir/Users/abefriedman/Code/pico-sdk/src/rp2_common/pico_stdio_usb/reset_interface.c.obj
 .text.resetd_open
                0x100047c0       0x34 CMakeFiles/increment-decrement.dir/Users/abefriedman/Code/pico-sdk/src/rp2_common/pico_stdio_usb/reset_interface.c.obj
 .text.resetd_xfer_cb
                0x100047f4        0x4 CMakeFiles/increment-decrement.dir/Users/abefriedman/Code/pico-sdk/src/rp2_common/pico_stdio_usb/reset_interface.c.obj
 .text.reset_usb_boot
                0x100047f8       0x18 CMakeFiles/increment-decrement.dir/Users/abefriedman/Code/pico-sdk/src/rp2_common/pico_stdio_usb/reset_interface.c.obj
 .text.resetd_control_xfer_cb
                0x10004810       0x5c CMakeFiles/increment-decrement.dir/Users/abefriedman/Code/pico-sdk/src/rp2_common/pico_stdio_usb/reset_interface.c.obj
 .text.usbd_app_driver_get_cb
                0x1000486c        0xc CMakeFiles/increment-decrement.dir/Users/abefriedman/Code/pico-sdk/src/rp2_common/pico_stdio_usb/reset_interface.c.obj
                0x1000486c                usbd_app_driver_get_cb
 .text.tud_cdc_line_coding_cb
                0x10004878       0x28 CMakeFiles/increment-decrement.dir/Users/abefriedman/Code/pico-sdk/src/rp2_common/pico_stdio_usb/reset_interface.c.obj
                0x10004878                tud_cdc_line_coding_cb
 .text.stdio_usb_set_chars_available_callback
                0x100048a0       0x14 CMakeFiles/increment-decrement.dir/Users/abefriedman/Code/pico-sdk/src/rp2_common/pico_stdio_usb/stdio_usb.c.obj
                0x100048a0                stdio_usb_set_chars_available_callback
 .text.update_us_since_boot
                0x100048b4       0x24 CMakeFiles/increment-decrement.dir/Users/abefriedman/Code/pico-sdk/src/rp2_common/pico_stdio_usb/stdio_usb.c.obj
 .text.get_absolute_time
                0x100048d8       0x22 CMakeFiles/increment-decrement.dir/Users/abefriedman/Code/pico-sdk/src/rp2_common/pico_stdio_usb/stdio_usb.c.obj
 *fill*         0x100048fa        0x2 
 .text.delayed_by_ms
                0x100048fc       0x44 CMakeFiles/increment-decrement.dir/Users/abefriedman/Code/pico-sdk/src/rp2_common/pico_stdio_usb/stdio_usb.c.obj
 .text.make_timeout_time_ms
                0x10004940       0x20 CMakeFiles/increment-decrement.dir/Users/abefriedman/Code/pico-sdk/src/rp2_common/pico_stdio_usb/stdio_usb.c.obj
 .text.delayed_by_us
                0x10004960       0x34 CMakeFiles/increment-decrement.dir/Users/abefriedman/Code/pico-sdk/src/rp2_common/pico_stdio_usb/stdio_usb.c.obj
 .text.usb_irq  0x10004994       0x10 CMakeFiles/increment-decrement.dir/Users/abefriedman/Code/pico-sdk/src/rp2_common/pico_stdio_usb/stdio_usb.c.obj
 .text.critical_section_enter_blocking
                0x100049a4       0x16 CMakeFiles/increment-decrement.dir/Users/abefriedman/Code/pico-sdk/src/rp2_common/pico_stdio_usb/stdio_usb.c.obj
 *fill*         0x100049ba        0x2 
 .text.timer_task
                0x100049bc       0x4c CMakeFiles/increment-decrement.dir/Users/abefriedman/Code/pico-sdk/src/rp2_common/pico_stdio_usb/stdio_usb.c.obj
 .text.alarm_pool_add_alarm_in_us
                0x10004a08       0x3a CMakeFiles/increment-decrement.dir/Users/abefriedman/Code/pico-sdk/src/rp2_common/pico_stdio_usb/stdio_usb.c.obj
 .text.add_alarm_in_us
                0x10004a42       0x2e CMakeFiles/increment-decrement.dir/Users/abefriedman/Code/pico-sdk/src/rp2_common/pico_stdio_usb/stdio_usb.c.obj
 .text.low_priority_worker_irq
                0x10004a70       0x7c CMakeFiles/increment-decrement.dir/Users/abefriedman/Code/pico-sdk/src/rp2_common/pico_stdio_usb/stdio_usb.c.obj
 .text.tud_cdc_rx_cb
                0x10004aec       0x20 CMakeFiles/increment-decrement.dir/Users/abefriedman/Code/pico-sdk/src/rp2_common/pico_stdio_usb/stdio_usb.c.obj
                0x10004aec                tud_cdc_rx_cb
 .text.stdio_usb_init
                0x10004b0c       0xd0 CMakeFiles/increment-decrement.dir/Users/abefriedman/Code/pico-sdk/src/rp2_common/pico_stdio_usb/stdio_usb.c.obj
                0x10004b0c                stdio_usb_init
 .text.stdio_usb_connected
                0x10004bdc        0xa CMakeFiles/increment-decrement.dir/Users/abefriedman/Code/pico-sdk/src/rp2_common/pico_stdio_usb/stdio_usb.c.obj
                0x10004bdc                stdio_usb_connected
 *fill*         0x10004be6        0x2 
 .text.stdio_usb_in_chars
                0x10004be8       0x88 CMakeFiles/increment-decrement.dir/Users/abefriedman/Code/pico-sdk/src/rp2_common/pico_stdio_usb/stdio_usb.c.obj
                0x10004be8                stdio_usb_in_chars
 .text.stdio_usb_out_chars
                0x10004c70       0xd8 CMakeFiles/increment-decrement.dir/Users/abefriedman/Code/pico-sdk/src/rp2_common/pico_stdio_usb/stdio_usb.c.obj
 .text.tud_descriptor_device_cb
                0x10004d48        0x8 CMakeFiles/increment-decrement.dir/Users/abefriedman/Code/pico-sdk/src/rp2_common/pico_stdio_usb/stdio_usb_descriptors.c.obj
                0x10004d48                tud_descriptor_device_cb
 .text.tud_descriptor_configuration_cb
                0x10004d50        0x8 CMakeFiles/increment-decrement.dir/Users/abefriedman/Code/pico-sdk/src/rp2_common/pico_stdio_usb/stdio_usb_descriptors.c.obj
                0x10004d50                tud_descriptor_configuration_cb
 .text.tud_descriptor_string_cb
                0x10004d58       0x6c CMakeFiles/increment-decrement.dir/Users/abefriedman/Code/pico-sdk/src/rp2_common/pico_stdio_usb/stdio_usb_descriptors.c.obj
                0x10004d58                tud_descriptor_string_cb
 .text._retrieve_unique_id_on_boot
                0x10004dc4       0x10 CMakeFiles/increment-decrement.dir/Users/abefriedman/Code/pico-sdk/src/rp2_common/pico_unique_id/unique_id.c.obj
 .text.pico_get_unique_board_id_string
                0x10004dd4       0x5c CMakeFiles/increment-decrement.dir/Users/abefriedman/Code/pico-sdk/src/rp2_common/pico_unique_id/unique_id.c.obj
                0x10004dd4                pico_get_unique_board_id_string
 .text.flash_get_unique_id
                0x10004e30       0x40 CMakeFiles/increment-decrement.dir/Users/abefriedman/Code/pico-sdk/src/rp2_common/hardware_flash/flash.c.obj
                0x10004e30                flash_get_unique_id
 .text.hw_endpoint_get_by_addr
                0x10004e70       0x18 CMakeFiles/increment-decrement.dir/Users/abefriedman/Code/pico-sdk/lib/tinyusb/src/portable/raspberrypi/rp2040/dcd_rp2040.c.obj
 .text._hw_endpoint_alloc
                0x10004e88       0x70 CMakeFiles/increment-decrement.dir/Users/abefriedman/Code/pico-sdk/lib/tinyusb/src/portable/raspberrypi/rp2040/dcd_rp2040.c.obj
 .text.hw_endpoint_init
                0x10004ef8       0x88 CMakeFiles/increment-decrement.dir/Users/abefriedman/Code/pico-sdk/lib/tinyusb/src/portable/raspberrypi/rp2040/dcd_rp2040.c.obj
 .text.dcd_event_sof
                0x10004f80       0x2c CMakeFiles/increment-decrement.dir/Users/abefriedman/Code/pico-sdk/lib/tinyusb/src/portable/raspberrypi/rp2040/dcd_rp2040.c.obj
 .text.hw_endpoint_xfer
                0x10004fac       0x14 CMakeFiles/increment-decrement.dir/Users/abefriedman/Code/pico-sdk/lib/tinyusb/src/portable/raspberrypi/rp2040/dcd_rp2040.c.obj
 .text.dcd_int_enable
                0x10004fc0       0x2c CMakeFiles/increment-decrement.dir/Users/abefriedman/Code/pico-sdk/lib/tinyusb/src/portable/raspberrypi/rp2040/dcd_rp2040.c.obj
                0x10004fc0                dcd_int_enable
 .text.dcd_set_address
                0x10004fec       0x2c CMakeFiles/increment-decrement.dir/Users/abefriedman/Code/pico-sdk/lib/tinyusb/src/portable/raspberrypi/rp2040/dcd_rp2040.c.obj
                0x10004fec                dcd_set_address
 .text.dcd_connect
                0x10005018       0x10 CMakeFiles/increment-decrement.dir/Users/abefriedman/Code/pico-sdk/lib/tinyusb/src/portable/raspberrypi/rp2040/dcd_rp2040.c.obj
                0x10005018                dcd_connect
 .text.dcd_init
                0x10005028       0x80 CMakeFiles/increment-decrement.dir/Users/abefriedman/Code/pico-sdk/lib/tinyusb/src/portable/raspberrypi/rp2040/dcd_rp2040.c.obj
                0x10005028                dcd_init
 .text.dcd_edpt0_status_complete
                0x100050a8       0x1c CMakeFiles/increment-decrement.dir/Users/abefriedman/Code/pico-sdk/lib/tinyusb/src/portable/raspberrypi/rp2040/dcd_rp2040.c.obj
                0x100050a8                dcd_edpt0_status_complete
 .text.dcd_edpt_open
                0x100050c4       0x40 CMakeFiles/increment-decrement.dir/Users/abefriedman/Code/pico-sdk/lib/tinyusb/src/portable/raspberrypi/rp2040/dcd_rp2040.c.obj
                0x100050c4                dcd_edpt_open
 .text.dcd_edpt_close_all
                0x10005104        0x8 CMakeFiles/increment-decrement.dir/Users/abefriedman/Code/pico-sdk/lib/tinyusb/src/portable/raspberrypi/rp2040/dcd_rp2040.c.obj
                0x10005104                dcd_edpt_close_all
 .text.dcd_edpt_xfer
                0x1000510c       0x34 CMakeFiles/increment-decrement.dir/Users/abefriedman/Code/pico-sdk/lib/tinyusb/src/portable/raspberrypi/rp2040/dcd_rp2040.c.obj
                0x1000510c                dcd_edpt_xfer
 .text.dcd_edpt_stall
                0x10005140       0x2c CMakeFiles/increment-decrement.dir/Users/abefriedman/Code/pico-sdk/lib/tinyusb/src/portable/raspberrypi/rp2040/dcd_rp2040.c.obj
                0x10005140                dcd_edpt_stall
 .text.dcd_edpt_clear_stall
                0x1000516c       0x20 CMakeFiles/increment-decrement.dir/Users/abefriedman/Code/pico-sdk/lib/tinyusb/src/portable/raspberrypi/rp2040/dcd_rp2040.c.obj
                0x1000516c                dcd_edpt_clear_stall
 .text.rp2040_usb_init
                0x1000518c       0x4c CMakeFiles/increment-decrement.dir/Users/abefriedman/Code/pico-sdk/lib/tinyusb/src/portable/raspberrypi/rp2040/rp2040_usb.c.obj
                0x1000518c                rp2040_usb_init
 .text.hw_endpoint_xfer_start
                0x100051d8       0x50 CMakeFiles/increment-decrement.dir/Users/abefriedman/Code/pico-sdk/lib/tinyusb/src/portable/raspberrypi/rp2040/rp2040_usb.c.obj
                0x100051d8                hw_endpoint_xfer_start
 .text.configuration_reset
                0x10005228       0x84 CMakeFiles/increment-decrement.dir/Users/abefriedman/Code/pico-sdk/lib/tinyusb/src/device/usbd.c.obj
 .text.critical_section_enter_blocking
                0x100052ac       0x16 CMakeFiles/increment-decrement.dir/Users/abefriedman/Code/pico-sdk/lib/tinyusb/src/device/usbd.c.obj
 .text.usbd_reset
                0x100052c2        0xc CMakeFiles/increment-decrement.dir/Users/abefriedman/Code/pico-sdk/lib/tinyusb/src/device/usbd.c.obj
 .text.invoke_class_control
                0x100052ce       0x1a CMakeFiles/increment-decrement.dir/Users/abefriedman/Code/pico-sdk/lib/tinyusb/src/device/usbd.c.obj
 .text.process_set_config
                0x100052e8      0x178 CMakeFiles/increment-decrement.dir/Users/abefriedman/Code/pico-sdk/lib/tinyusb/src/device/usbd.c.obj
 .text.process_get_descriptor
                0x10005460       0xdc CMakeFiles/increment-decrement.dir/Users/abefriedman/Code/pico-sdk/lib/tinyusb/src/device/usbd.c.obj
 .text.tud_mounted
                0x1000553c       0x10 CMakeFiles/increment-decrement.dir/Users/abefriedman/Code/pico-sdk/lib/tinyusb/src/device/usbd.c.obj
                0x1000553c                tud_mounted
 .text.tud_suspended
                0x1000554c       0x10 CMakeFiles/increment-decrement.dir/Users/abefriedman/Code/pico-sdk/lib/tinyusb/src/device/usbd.c.obj
                0x1000554c                tud_suspended
 .text.tud_inited
                0x1000555c       0x14 CMakeFiles/increment-decrement.dir/Users/abefriedman/Code/pico-sdk/lib/tinyusb/src/device/usbd.c.obj
                0x1000555c                tud_inited
 .text.tud_init
                0x10005570       0xcc CMakeFiles/increment-decrement.dir/Users/abefriedman/Code/pico-sdk/lib/tinyusb/src/device/usbd.c.obj
                0x10005570                tud_init
 .text.usbd_defer_func
                0x1000563c       0x2a CMakeFiles/increment-decrement.dir/Users/abefriedman/Code/pico-sdk/lib/tinyusb/src/device/usbd.c.obj
                0x1000563c                usbd_defer_func
 *fill*         0x10005666        0x2 
 .text.usbd_edpt_open
                0x10005668       0x34 CMakeFiles/increment-decrement.dir/Users/abefriedman/Code/pico-sdk/lib/tinyusb/src/device/usbd.c.obj
                0x10005668                usbd_edpt_open
 .text.usbd_open_edpt_pair
                0x1000569c       0x62 CMakeFiles/increment-decrement.dir/Users/abefriedman/Code/pico-sdk/lib/tinyusb/src/device/usbd.c.obj
                0x1000569c                usbd_open_edpt_pair
 *fill*         0x100056fe        0x2 
 .text.usbd_edpt_claim
                0x10005700       0x28 CMakeFiles/increment-decrement.dir/Users/abefriedman/Code/pico-sdk/lib/tinyusb/src/device/usbd.c.obj
                0x10005700                usbd_edpt_claim
 .text.usbd_edpt_release
                0x10005728       0x28 CMakeFiles/increment-decrement.dir/Users/abefriedman/Code/pico-sdk/lib/tinyusb/src/device/usbd.c.obj
                0x10005728                usbd_edpt_release
 .text.usbd_edpt_xfer
                0x10005750       0x78 CMakeFiles/increment-decrement.dir/Users/abefriedman/Code/pico-sdk/lib/tinyusb/src/device/usbd.c.obj
                0x10005750                usbd_edpt_xfer
 .text.usbd_edpt_stall
                0x100057c8       0x48 CMakeFiles/increment-decrement.dir/Users/abefriedman/Code/pico-sdk/lib/tinyusb/src/device/usbd.c.obj
                0x100057c8                usbd_edpt_stall
 .text.usbd_edpt_clear_stall
                0x10005810       0x48 CMakeFiles/increment-decrement.dir/Users/abefriedman/Code/pico-sdk/lib/tinyusb/src/device/usbd.c.obj
                0x10005810                usbd_edpt_clear_stall
 .text.usbd_edpt_stalled
                0x10005858       0x1c CMakeFiles/increment-decrement.dir/Users/abefriedman/Code/pico-sdk/lib/tinyusb/src/device/usbd.c.obj
                0x10005858                usbd_edpt_stalled
 .text.process_control_request
                0x10005874      0x374 CMakeFiles/increment-decrement.dir/Users/abefriedman/Code/pico-sdk/lib/tinyusb/src/device/usbd.c.obj
 .text.tud_task_ext
                0x10005be8      0x1a8 CMakeFiles/increment-decrement.dir/Users/abefriedman/Code/pico-sdk/lib/tinyusb/src/device/usbd.c.obj
                0x10005be8                tud_task_ext
 .text._status_stage_xact
                0x10005d90       0x1a CMakeFiles/increment-decrement.dir/Users/abefriedman/Code/pico-sdk/lib/tinyusb/src/device/usbd_control.c.obj
 *fill*         0x10005daa        0x2 
 .text._data_stage_xact
                0x10005dac       0x58 CMakeFiles/increment-decrement.dir/Users/abefriedman/Code/pico-sdk/lib/tinyusb/src/device/usbd_control.c.obj
 .text.tud_control_status
                0x10005e04       0x28 CMakeFiles/increment-decrement.dir/Users/abefriedman/Code/pico-sdk/lib/tinyusb/src/device/usbd_control.c.obj
                0x10005e04                tud_control_status
 .text.tud_control_xfer
                0x10005e2c       0x68 CMakeFiles/increment-decrement.dir/Users/abefriedman/Code/pico-sdk/lib/tinyusb/src/device/usbd_control.c.obj
                0x10005e2c                tud_control_xfer
 .text.usbd_control_reset
                0x10005e94       0x14 CMakeFiles/increment-decrement.dir/Users/abefriedman/Code/pico-sdk/lib/tinyusb/src/device/usbd_control.c.obj
                0x10005e94                usbd_control_reset
 .text.usbd_control_set_complete_callback
                0x10005ea8        0xc CMakeFiles/increment-decrement.dir/Users/abefriedman/Code/pico-sdk/lib/tinyusb/src/device/usbd_control.c.obj
                0x10005ea8                usbd_control_set_complete_callback
 .text.usbd_control_set_request
                0x10005eb4       0x1c CMakeFiles/increment-decrement.dir/Users/abefriedman/Code/pico-sdk/lib/tinyusb/src/device/usbd_control.c.obj
                0x10005eb4                usbd_control_set_request
 .text.usbd_control_xfer_cb
                0x10005ed0       0xbc CMakeFiles/increment-decrement.dir/Users/abefriedman/Code/pico-sdk/lib/tinyusb/src/device/usbd_control.c.obj
                0x10005ed0                usbd_control_xfer_cb
 .text._prep_out_transaction
                0x10005f8c       0x4a CMakeFiles/increment-decrement.dir/Users/abefriedman/Code/pico-sdk/lib/tinyusb/src/class/cdc/cdc_device.c.obj
 *fill*         0x10005fd6        0x2 
 .text.tud_cdc_n_connected
                0x10005fd8       0x38 CMakeFiles/increment-decrement.dir/Users/abefriedman/Code/pico-sdk/lib/tinyusb/src/class/cdc/cdc_device.c.obj
                0x10005fd8                tud_cdc_n_connected
 .text.tud_cdc_n_available
                0x10006010       0x18 CMakeFiles/increment-decrement.dir/Users/abefriedman/Code/pico-sdk/lib/tinyusb/src/class/cdc/cdc_device.c.obj
                0x10006010                tud_cdc_n_available
 .text.tud_cdc_n_read
                0x10006028       0x28 CMakeFiles/increment-decrement.dir/Users/abefriedman/Code/pico-sdk/lib/tinyusb/src/class/cdc/cdc_device.c.obj
                0x10006028                tud_cdc_n_read
 .text.tud_cdc_n_write_flush
                0x10006050       0xb8 CMakeFiles/increment-decrement.dir/Users/abefriedman/Code/pico-sdk/lib/tinyusb/src/class/cdc/cdc_device.c.obj
                0x10006050                tud_cdc_n_write_flush
 .text.tud_cdc_n_write
                0x10006108       0x38 CMakeFiles/increment-decrement.dir/Users/abefriedman/Code/pico-sdk/lib/tinyusb/src/class/cdc/cdc_device.c.obj
                0x10006108                tud_cdc_n_write
 .text.tud_cdc_n_write_available
                0x10006140       0x1c CMakeFiles/increment-decrement.dir/Users/abefriedman/Code/pico-sdk/lib/tinyusb/src/class/cdc/cdc_device.c.obj
                0x10006140                tud_cdc_n_write_available
 .text.cdcd_init
                0x1000615c       0xbc CMakeFiles/increment-decrement.dir/Users/abefriedman/Code/pico-sdk/lib/tinyusb/src/class/cdc/cdc_device.c.obj
                0x1000615c                cdcd_init
 .text.cdcd_reset
                0x10006218       0x44 CMakeFiles/increment-decrement.dir/Users/abefriedman/Code/pico-sdk/lib/tinyusb/src/class/cdc/cdc_device.c.obj
                0x10006218                cdcd_reset
 .text.cdcd_open
                0x1000625c       0xc4 CMakeFiles/increment-decrement.dir/Users/abefriedman/Code/pico-sdk/lib/tinyusb/src/class/cdc/cdc_device.c.obj
                0x1000625c                cdcd_open
 .text.cdcd_control_xfer_cb
                0x10006320      0x134 CMakeFiles/increment-decrement.dir/Users/abefriedman/Code/pico-sdk/lib/tinyusb/src/class/cdc/cdc_device.c.obj
                0x10006320                cdcd_control_xfer_cb
 .text.cdcd_xfer_cb
                0x10006454      0x130 CMakeFiles/increment-decrement.dir/Users/abefriedman/Code/pico-sdk/lib/tinyusb/src/class/cdc/cdc_device.c.obj
                0x10006454                cdcd_xfer_cb
 .text.tusb_init
                0x10006584        0xa CMakeFiles/increment-decrement.dir/Users/abefriedman/Code/pico-sdk/lib/tinyusb/src/tusb.c.obj
                0x10006584                tusb_init
 .text.tusb_inited
                0x1000658e        0xe CMakeFiles/increment-decrement.dir/Users/abefriedman/Code/pico-sdk/lib/tinyusb/src/tusb.c.obj
                0x1000658e                tusb_inited
 .text.tu_edpt_claim
                0x1000659c       0x50 CMakeFiles/increment-decrement.dir/Users/abefriedman/Code/pico-sdk/lib/tinyusb/src/tusb.c.obj
                0x1000659c                tu_edpt_claim
 .text.tu_edpt_release
                0x100065ec       0x38 CMakeFiles/increment-decrement.dir/Users/abefriedman/Code/pico-sdk/lib/tinyusb/src/tusb.c.obj
                0x100065ec                tu_edpt_release
 .text.tu_edpt_validate
                0x10006624       0x78 CMakeFiles/increment-decrement.dir/Users/abefriedman/Code/pico-sdk/lib/tinyusb/src/tusb.c.obj
                0x10006624                tu_edpt_validate
 .text.tu_edpt_bind_driver
                0x1000669c       0x26 CMakeFiles/increment-decrement.dir/Users/abefriedman/Code/pico-sdk/lib/tinyusb/src/tusb.c.obj
                0x1000669c                tu_edpt_bind_driver
 .text.advance_index
                0x100066c2       0x1a CMakeFiles/increment-decrement.dir/Users/abefriedman/Code/pico-sdk/lib/tinyusb/src/common/tusb_fifo.c.obj
 .text._tu_fifo_peek
                0x100066dc       0x56 CMakeFiles/increment-decrement.dir/Users/abefriedman/Code/pico-sdk/lib/tinyusb/src/common/tusb_fifo.c.obj
 .text._ff_pull_const_addr
                0x10006732       0x4c CMakeFiles/increment-decrement.dir/Users/abefriedman/Code/pico-sdk/lib/tinyusb/src/common/tusb_fifo.c.obj
 .text._ff_pull_n
                0x1000677e      0x110 CMakeFiles/increment-decrement.dir/Users/abefriedman/Code/pico-sdk/lib/tinyusb/src/common/tusb_fifo.c.obj
 .text._tu_fifo_peek_n
                0x1000688e       0x6a CMakeFiles/increment-decrement.dir/Users/abefriedman/Code/pico-sdk/lib/tinyusb/src/common/tusb_fifo.c.obj
 .text._tu_fifo_read_n
                0x100068f8       0x4e CMakeFiles/increment-decrement.dir/Users/abefriedman/Code/pico-sdk/lib/tinyusb/src/common/tusb_fifo.c.obj
 .text._ff_push_const_addr
                0x10006946       0x40 CMakeFiles/increment-decrement.dir/Users/abefriedman/Code/pico-sdk/lib/tinyusb/src/common/tusb_fifo.c.obj
 .text._ff_push_n
                0x10006986      0x10c CMakeFiles/increment-decrement.dir/Users/abefriedman/Code/pico-sdk/lib/tinyusb/src/common/tusb_fifo.c.obj
 .text._tu_fifo_write_n
                0x10006a92       0xf0 CMakeFiles/increment-decrement.dir/Users/abefriedman/Code/pico-sdk/lib/tinyusb/src/common/tusb_fifo.c.obj
 .text.tu_fifo_config
                0x10006b82       0x7c CMakeFiles/increment-decrement.dir/Users/abefriedman/Code/pico-sdk/lib/tinyusb/src/common/tusb_fifo.c.obj
                0x10006b82                tu_fifo_config
 .text.tu_fifo_count
                0x10006bfe       0x2a CMakeFiles/increment-decrement.dir/Users/abefriedman/Code/pico-sdk/lib/tinyusb/src/common/tusb_fifo.c.obj
                0x10006bfe                tu_fifo_count
 .text.tu_fifo_empty
                0x10006c28        0xe CMakeFiles/increment-decrement.dir/Users/abefriedman/Code/pico-sdk/lib/tinyusb/src/common/tusb_fifo.c.obj
                0x10006c28                tu_fifo_empty
 .text.tu_fifo_full
                0x10006c36       0x28 CMakeFiles/increment-decrement.dir/Users/abefriedman/Code/pico-sdk/lib/tinyusb/src/common/tusb_fifo.c.obj
                0x10006c36                tu_fifo_full
 .text.tu_fifo_remaining
                0x10006c5e       0x2c CMakeFiles/increment-decrement.dir/Users/abefriedman/Code/pico-sdk/lib/tinyusb/src/common/tusb_fifo.c.obj
                0x10006c5e                tu_fifo_remaining
 .text.tu_fifo_read
                0x10006c8a       0x42 CMakeFiles/increment-decrement.dir/Users/abefriedman/Code/pico-sdk/lib/tinyusb/src/common/tusb_fifo.c.obj
                0x10006c8a                tu_fifo_read
 .text.tu_fifo_read_n
                0x10006ccc        0xa CMakeFiles/increment-decrement.dir/Users/abefriedman/Code/pico-sdk/lib/tinyusb/src/common/tusb_fifo.c.obj
                0x10006ccc                tu_fifo_read_n
 .text.tu_fifo_write
                0x10006cd6       0x64 CMakeFiles/increment-decrement.dir/Users/abefriedman/Code/pico-sdk/lib/tinyusb/src/common/tusb_fifo.c.obj
                0x10006cd6                tu_fifo_write
 .text.tu_fifo_write_n
                0x10006d3a        0xa CMakeFiles/increment-decrement.dir/Users/abefriedman/Code/pico-sdk/lib/tinyusb/src/common/tusb_fifo.c.obj
                0x10006d3a                tu_fifo_write_n
 .text.tu_fifo_clear
                0x10006d44       0x3e CMakeFiles/increment-decrement.dir/Users/abefriedman/Code/pico-sdk/lib/tinyusb/src/common/tusb_fifo.c.obj
                0x10006d44                tu_fifo_clear
 .text.tu_fifo_set_overwritable
                0x10006d82       0x46 CMakeFiles/increment-decrement.dir/Users/abefriedman/Code/pico-sdk/lib/tinyusb/src/common/tusb_fifo.c.obj
                0x10006d82                tu_fifo_set_overwritable
 .text.spi_set_baudrate
                0x10006dc8       0xc2 CMakeFiles/increment-decrement.dir/Users/abefriedman/Code/pico-sdk/src/rp2_common/hardware_spi/spi.c.obj
                0x10006dc8                spi_set_baudrate
 *fill*         0x10006e8a        0x2 
 .text.spi_init
                0x10006e8c       0x74 CMakeFiles/increment-decrement.dir/Users/abefriedman/Code/pico-sdk/src/rp2_common/hardware_spi/spi.c.obj
                0x10006e8c                spi_init
 .text.strlen   0x10006f00       0x5c /Applications/ArmGNUToolchain/13.2.Rel1/arm-none-eabi/bin/../lib/gcc/arm-none-eabi/13.2.1/../../../../arm-none-eabi/lib/thumb/v6-m/nofp/libg.a(libc_a-strlen-stub.o)
                0x10006f00                strlen
 *(.fini)
 .fini          0x10006f5c        0x4 /Applications/ArmGNUToolchain/13.2.Rel1/arm-none-eabi/bin/../lib/gcc/arm-none-eabi/13.2.1/thumb/v6-m/nofp/crti.o
                0x10006f5c                _fini
 .fini.__stub   0x10006f60      0x100 linker stubs
 *crtbegin.o(.ctors)
 *crtbegin?.o(.ctors)
 *(EXCLUDE_FILE(*crtend.o *crtend?.o) .ctors)
 *(SORT_BY_NAME(.ctors.*))
 *(.ctors)
 *crtbegin.o(.dtors)
 *crtbegin?.o(.dtors)
 *(EXCLUDE_FILE(*crtend.o *crtend?.o) .dtors)
 *(SORT_BY_NAME(.dtors.*))
 *(.dtors)
 *(.eh_frame*)
 .eh_frame      0x10007060        0x0 /Applications/ArmGNUToolchain/13.2.Rel1/arm-none-eabi/bin/../lib/gcc/arm-none-eabi/13.2.1/thumb/v6-m/nofp/crtbegin.o
                0x10007060                        . = ALIGN (0x4)

.glue_7         0x10007060        0x0
 .glue_7        0x10007060        0x0 linker stubs

.glue_7t        0x10007060        0x0
 .glue_7t       0x10007060        0x0 linker stubs

.vfp11_veneer   0x10007060        0x0
 .vfp11_veneer  0x10007060        0x0 linker stubs

.v4_bx          0x10007060        0x0
 .v4_bx         0x10007060        0x0 linker stubs

.iplt           0x10007060        0x0
 .iplt          0x10007060        0x0 /Applications/ArmGNUToolchain/13.2.Rel1/arm-none-eabi/bin/../lib/gcc/arm-none-eabi/13.2.1/thumb/v6-m/nofp/crtbegin.o

.rodata         0x10007060     0x1518
 *(EXCLUDE_FILE(*libm.a: *libc.a:*lib_a-mem*.o *libgcc.a:) .rodata*)
 .rodata.spin_lock_claim_unused.str1.4
                0x10007060      0xe6f CMakeFiles/increment-decrement.dir/Users/abefriedman/Code/pico-sdk/src/rp2_common/hardware_sync/sync.c.obj
                                 0x1b (size before relaxing)
 .rodata.resolve_branch.str1.4
                0x10007ecf       0x5b CMakeFiles/increment-decrement.dir/Users/abefriedman/Code/pico-sdk/src/rp2_common/hardware_irq/irq.c.obj
 .rodata.make_branch.str1.4
                0x10007ecf       0x30 CMakeFiles/increment-decrement.dir/Users/abefriedman/Code/pico-sdk/src/rp2_common/hardware_irq/irq.c.obj
 .rodata.insert_branch_and_link.str1.4
                0x10007ecf       0x10 CMakeFiles/increment-decrement.dir/Users/abefriedman/Code/pico-sdk/src/rp2_common/hardware_irq/irq.c.obj
 .rodata.irq_set_exclusive_handler.str1.4
                0x10007ecf       0x36 CMakeFiles/increment-decrement.dir/Users/abefriedman/Code/pico-sdk/src/rp2_common/hardware_irq/irq.c.obj
 .rodata.irq_add_shared_handler.str1.4
                0x10007ecf       0xc2 CMakeFiles/increment-decrement.dir/Users/abefriedman/Code/pico-sdk/src/rp2_common/hardware_irq/irq.c.obj
 .rodata.irq_remove_handler.str1.4
                0x10007ecf       0x3a CMakeFiles/increment-decrement.dir/Users/abefriedman/Code/pico-sdk/src/rp2_common/hardware_irq/irq.c.obj
 .rodata.irq_add_tail_to_free_list.str1.4
                0x10007ecf       0x3a CMakeFiles/increment-decrement.dir/Users/abefriedman/Code/pico-sdk/src/rp2_common/hardware_irq/irq.c.obj
 .rodata.user_irq_claim_unused.str1.4
                0x10007ecf       0x1b CMakeFiles/increment-decrement.dir/Users/abefriedman/Code/pico-sdk/src/rp2_common/hardware_irq/irq.c.obj
 *fill*         0x10007ecf        0x1 
 .rodata.__func__.0
                0x10007ed0       0x1a CMakeFiles/increment-decrement.dir/Users/abefriedman/Code/pico-sdk/src/rp2_common/hardware_irq/irq.c.obj
 *fill*         0x10007eea        0x2 
 .rodata.__func__.1
                0x10007eec       0x17 CMakeFiles/increment-decrement.dir/Users/abefriedman/Code/pico-sdk/src/rp2_common/hardware_irq/irq.c.obj
 *fill*         0x10007f03        0x1 
 .rodata.__func__.2
                0x10007f04       0x13 CMakeFiles/increment-decrement.dir/Users/abefriedman/Code/pico-sdk/src/rp2_common/hardware_irq/irq.c.obj
 *fill*         0x10007f17        0x1 
 .rodata.__func__.3
                0x10007f18        0xc CMakeFiles/increment-decrement.dir/Users/abefriedman/Code/pico-sdk/src/rp2_common/hardware_irq/irq.c.obj
 .rodata.__func__.4
                0x10007f24        0xf CMakeFiles/increment-decrement.dir/Users/abefriedman/Code/pico-sdk/src/rp2_common/hardware_irq/irq.c.obj
 *fill*         0x10007f33        0x1 
 .rodata.__func__.5
                0x10007f34       0x17 CMakeFiles/increment-decrement.dir/Users/abefriedman/Code/pico-sdk/src/rp2_common/hardware_irq/irq.c.obj
 *fill*         0x10007f4b        0x1 
 .rodata.__func__.6
                0x10007f4c       0x1a CMakeFiles/increment-decrement.dir/Users/abefriedman/Code/pico-sdk/src/rp2_common/hardware_irq/irq.c.obj
 .rodata.update_us_since_boot.str1.4
                0x10007f66       0x67 CMakeFiles/increment-decrement.dir/Users/abefriedman/Code/pico-sdk/src/common/pico_sync/mutex.c.obj
 .rodata.str1.4
                0x10007f66       0x91 CMakeFiles/increment-decrement.dir/Users/abefriedman/Code/pico-sdk/src/common/pico_sync/mutex.c.obj
 *fill*         0x10007f66        0x2 
 .rodata.__func__.1
                0x10007f68        0xb CMakeFiles/increment-decrement.dir/Users/abefriedman/Code/pico-sdk/src/common/pico_sync/mutex.c.obj
 *fill*         0x10007f73        0x1 
 .rodata.__func__.3
                0x10007f74       0x18 CMakeFiles/increment-decrement.dir/Users/abefriedman/Code/pico-sdk/src/common/pico_sync/mutex.c.obj
 .rodata.__func__.4
                0x10007f8c       0x15 CMakeFiles/increment-decrement.dir/Users/abefriedman/Code/pico-sdk/src/common/pico_sync/mutex.c.obj
 .rodata.get_entry.str1.4
                0x10007fa1       0x61 CMakeFiles/increment-decrement.dir/Users/abefriedman/Code/pico-sdk/src/common/pico_time/time.c.obj
 .rodata.update_us_since_boot.str1.4
                0x10007fa1       0x67 CMakeFiles/increment-decrement.dir/Users/abefriedman/Code/pico-sdk/src/common/pico_time/time.c.obj
 .rodata.ph_get_node.str1.4
                0x10007fa1       0x6c CMakeFiles/increment-decrement.dir/Users/abefriedman/Code/pico-sdk/src/common/pico_time/time.c.obj
 .rodata.ph_add_child_node.str1.4
                0x10007fa1       0x2e CMakeFiles/increment-decrement.dir/Users/abefriedman/Code/pico-sdk/src/common/pico_time/time.c.obj
 .rodata.ph_insert_node.str1.4
                0x10007fa1        0x3 CMakeFiles/increment-decrement.dir/Users/abefriedman/Code/pico-sdk/src/common/pico_time/time.c.obj
 .rodata.ph_free_node.str1.4
                0x10007fa1       0x38 CMakeFiles/increment-decrement.dir/Users/abefriedman/Code/pico-sdk/src/common/pico_time/time.c.obj
 .rodata.add_alarm_under_lock.str1.4
                0x10007fa1       0x28 CMakeFiles/increment-decrement.dir/Users/abefriedman/Code/pico-sdk/src/common/pico_time/time.c.obj
 .rodata.alarm_pool_alarm_callback.str1.4
                0x10007fa1       0x60 CMakeFiles/increment-decrement.dir/Users/abefriedman/Code/pico-sdk/src/common/pico_time/time.c.obj
 .rodata.alarm_pool_get_default.str1.4
                0x10007fa1       0x21 CMakeFiles/increment-decrement.dir/Users/abefriedman/Code/pico-sdk/src/common/pico_time/time.c.obj
 .rodata.alarm_pool_cancel_alarm.str1.4
                0x10007fa1       0x27 CMakeFiles/increment-decrement.dir/Users/abefriedman/Code/pico-sdk/src/common/pico_time/time.c.obj
 *fill*         0x10007fa1        0x3 
 .rodata.__func__.0
                0x10007fa4       0x18 CMakeFiles/increment-decrement.dir/Users/abefriedman/Code/pico-sdk/src/common/pico_time/time.c.obj
 .rodata.__func__.2
                0x10007fbc       0x17 CMakeFiles/increment-decrement.dir/Users/abefriedman/Code/pico-sdk/src/common/pico_time/time.c.obj
 *fill*         0x10007fd3        0x1 
 .rodata.__func__.3
                0x10007fd4       0x12 CMakeFiles/increment-decrement.dir/Users/abefriedman/Code/pico-sdk/src/common/pico_time/time.c.obj
 *fill*         0x10007fe6        0x2 
 .rodata.__func__.4
                0x10007fe8        0xd CMakeFiles/increment-decrement.dir/Users/abefriedman/Code/pico-sdk/src/common/pico_time/time.c.obj
 *fill*         0x10007ff5        0x3 
 .rodata.__func__.5
                0x10007ff8       0x12 CMakeFiles/increment-decrement.dir/Users/abefriedman/Code/pico-sdk/src/common/pico_time/time.c.obj
 *fill*         0x1000800a        0x2 
 .rodata.__func__.6
                0x1000800c        0xf CMakeFiles/increment-decrement.dir/Users/abefriedman/Code/pico-sdk/src/common/pico_time/time.c.obj
 *fill*         0x1000801b        0x1 
 .rodata.__func__.7
                0x1000801c        0xc CMakeFiles/increment-decrement.dir/Users/abefriedman/Code/pico-sdk/src/common/pico_time/time.c.obj
 .rodata.__func__.8
                0x10008028       0x15 CMakeFiles/increment-decrement.dir/Users/abefriedman/Code/pico-sdk/src/common/pico_time/time.c.obj
 *fill*         0x1000803d        0x3 
 .rodata.__func__.9
                0x10008040       0x15 CMakeFiles/increment-decrement.dir/Users/abefriedman/Code/pico-sdk/src/common/pico_time/time.c.obj
 *fill*         0x10008055        0x3 
 .rodata.__func__.10
                0x10008058       0x1a CMakeFiles/increment-decrement.dir/Users/abefriedman/Code/pico-sdk/src/common/pico_time/time.c.obj
 *fill*         0x10008072        0x2 
 .rodata.__func__.11
                0x10008074        0xa CMakeFiles/increment-decrement.dir/Users/abefriedman/Code/pico-sdk/src/common/pico_time/time.c.obj
 .rodata.hardware_alarm_claim.str1.4
                0x1000807e       0x22 CMakeFiles/increment-decrement.dir/Users/abefriedman/Code/pico-sdk/src/rp2_common/hardware_timer/timer.c.obj
 .rodata.hardware_alarm_set_target.str1.4
                0x1000807e       0x6b CMakeFiles/increment-decrement.dir/Users/abefriedman/Code/pico-sdk/src/rp2_common/hardware_timer/timer.c.obj
 *fill*         0x1000807e        0x2 
 .rodata.__func__.0
                0x10008080       0x1a CMakeFiles/increment-decrement.dir/Users/abefriedman/Code/pico-sdk/src/rp2_common/hardware_timer/timer.c.obj
 .rodata.ph_get_node.str1.4
                0x1000809a       0x6c CMakeFiles/increment-decrement.dir/Users/abefriedman/Code/pico-sdk/src/common/pico_util/pheap.c.obj
 .rodata.ph_add_child_node.str1.4
                0x1000809a       0x2e CMakeFiles/increment-decrement.dir/Users/abefriedman/Code/pico-sdk/src/common/pico_util/pheap.c.obj
 .rodata.ph_remove_any_head.str1.4
                0x1000809a       0xa8 CMakeFiles/increment-decrement.dir/Users/abefriedman/Code/pico-sdk/src/common/pico_util/pheap.c.obj
 .rodata.ph_remove_and_free_node.str1.4
                0x1000809a       0x26 CMakeFiles/increment-decrement.dir/Users/abefriedman/Code/pico-sdk/src/common/pico_util/pheap.c.obj
 *fill*         0x1000809a        0x2 
 .rodata.__func__.0
                0x1000809c       0x18 CMakeFiles/increment-decrement.dir/Users/abefriedman/Code/pico-sdk/src/common/pico_util/pheap.c.obj
 .rodata.__func__.1
                0x100080b4       0x13 CMakeFiles/increment-decrement.dir/Users/abefriedman/Code/pico-sdk/src/common/pico_util/pheap.c.obj
 *fill*         0x100080c7        0x1 
 .rodata.__func__.2
                0x100080c8       0x12 CMakeFiles/increment-decrement.dir/Users/abefriedman/Code/pico-sdk/src/common/pico_util/pheap.c.obj
 *fill*         0x100080da        0x2 
 .rodata.__func__.3
                0x100080dc        0xc CMakeFiles/increment-decrement.dir/Users/abefriedman/Code/pico-sdk/src/common/pico_util/pheap.c.obj
 .rodata.clock_configure.str1.4
                0x100080e8       0x5d CMakeFiles/increment-decrement.dir/Users/abefriedman/Code/pico-sdk/src/rp2_common/hardware_clocks/clocks.c.obj
 .rodata.__func__.1
                0x100080e8       0x10 CMakeFiles/increment-decrement.dir/Users/abefriedman/Code/pico-sdk/src/rp2_common/hardware_clocks/clocks.c.obj
 .rodata.pll_init.str1.4
                0x100080f8      0x128 CMakeFiles/increment-decrement.dir/Users/abefriedman/Code/pico-sdk/src/rp2_common/hardware_pll/pll.c.obj
 .rodata.__func__.0
                0x100080f8        0x9 CMakeFiles/increment-decrement.dir/Users/abefriedman/Code/pico-sdk/src/rp2_common/hardware_pll/pll.c.obj
 .rodata.__assert_func.str1.4
                0x10008101       0x43 CMakeFiles/increment-decrement.dir/Users/abefriedman/Code/pico-sdk/src/rp2_common/pico_runtime/runtime.c.obj
 .rodata.runtime_init.str1.4
                0x10008101       0x67 CMakeFiles/increment-decrement.dir/Users/abefriedman/Code/pico-sdk/src/rp2_common/pico_runtime/runtime.c.obj
 .rodata.panic.str1.4
                0x10008101       0x12 CMakeFiles/increment-decrement.dir/Users/abefriedman/Code/pico-sdk/src/rp2_common/pico_runtime/runtime.c.obj
 *fill*         0x10008101        0x3 
 .rodata.__func__.2
                0x10008104        0xd CMakeFiles/increment-decrement.dir/Users/abefriedman/Code/pico-sdk/src/rp2_common/pico_runtime/runtime.c.obj
 .rodata._ftoa.str1.4
                0x10008111       0x15 CMakeFiles/increment-decrement.dir/Users/abefriedman/Code/pico-sdk/src/rp2_common/pico_printf/printf.c.obj
 *fill*         0x10008111        0x3 
 .rodata._vsnprintf
                0x10008114      0x19c CMakeFiles/increment-decrement.dir/Users/abefriedman/Code/pico-sdk/src/rp2_common/pico_printf/printf.c.obj
 .rodata.pow10.0
                0x100082b0       0x50 CMakeFiles/increment-decrement.dir/Users/abefriedman/Code/pico-sdk/src/rp2_common/pico_printf/printf.c.obj
 .rodata.__aeabi_double_init.str1.4
                0x10008300       0xa2 CMakeFiles/increment-decrement.dir/Users/abefriedman/Code/pico-sdk/src/rp2_common/pico_double/double_init_rom.c.obj
 .rodata.__func__.0
                0x10008300       0x14 CMakeFiles/increment-decrement.dir/Users/abefriedman/Code/pico-sdk/src/rp2_common/pico_double/double_init_rom.c.obj
 .rodata.__aeabi_float_init.str1.4
                0x10008314       0x84 CMakeFiles/increment-decrement.dir/Users/abefriedman/Code/pico-sdk/src/rp2_common/pico_float/float_init_rom.c.obj
 .rodata.__func__.0
                0x10008314       0x13 CMakeFiles/increment-decrement.dir/Users/abefriedman/Code/pico-sdk/src/rp2_common/pico_float/float_init_rom.c.obj
 .rodata.str1.4
                0x10008327       0x48 CMakeFiles/increment-decrement.dir/Users/abefriedman/Code/pico-sdk/src/rp2_common/pico_standard_link/binary_info.c.obj
 *fill*         0x10008327        0x1 
 .rodata.__bi_81
                0x10008328        0xc CMakeFiles/increment-decrement.dir/Users/abefriedman/Code/pico-sdk/src/rp2_common/pico_standard_link/binary_info.c.obj
 .rodata.__bi_75
                0x10008334        0xc CMakeFiles/increment-decrement.dir/Users/abefriedman/Code/pico-sdk/src/rp2_common/pico_standard_link/binary_info.c.obj
 .rodata.__bi_44
                0x10008340        0xc CMakeFiles/increment-decrement.dir/Users/abefriedman/Code/pico-sdk/src/rp2_common/pico_standard_link/binary_info.c.obj
 .rodata.update_us_since_boot.str1.4
                0x1000834c       0x67 CMakeFiles/increment-decrement.dir/Users/abefriedman/Code/pico-sdk/src/rp2_common/pico_stdio/stdio.c.obj
 .rodata.crlf_str.2
                0x1000834c        0x2 CMakeFiles/increment-decrement.dir/Users/abefriedman/Code/pico-sdk/src/rp2_common/pico_stdio/stdio.c.obj
 *fill*         0x1000834e        0x2 
 .rodata.__func__.3
                0x10008350       0x15 CMakeFiles/increment-decrement.dir/Users/abefriedman/Code/pico-sdk/src/rp2_common/pico_stdio/stdio.c.obj
 *fill*         0x10008365        0x3 
 .rodata._resetd_driver
                0x10008368       0x18 CMakeFiles/increment-decrement.dir/Users/abefriedman/Code/pico-sdk/src/rp2_common/pico_stdio_usb/reset_interface.c.obj
 .rodata.update_us_since_boot.str1.4
                0x10008380       0x67 CMakeFiles/increment-decrement.dir/Users/abefriedman/Code/pico-sdk/src/rp2_common/pico_stdio_usb/stdio_usb.c.obj
 .rodata.stdio_usb_init.str1.4
                0x10008380       0x53 CMakeFiles/increment-decrement.dir/Users/abefriedman/Code/pico-sdk/src/rp2_common/pico_stdio_usb/stdio_usb.c.obj
 .rodata.str1.4
                0x10008380       0x13 CMakeFiles/increment-decrement.dir/Users/abefriedman/Code/pico-sdk/src/rp2_common/pico_stdio_usb/stdio_usb.c.obj
 .rodata.__bi_182.0
                0x10008380        0xc CMakeFiles/increment-decrement.dir/Users/abefriedman/Code/pico-sdk/src/rp2_common/pico_stdio_usb/stdio_usb.c.obj
 .rodata.__func__.1
                0x1000838c        0xf CMakeFiles/increment-decrement.dir/Users/abefriedman/Code/pico-sdk/src/rp2_common/pico_stdio_usb/stdio_usb.c.obj
 *fill*         0x1000839b        0x1 
 .rodata.__func__.3
                0x1000839c       0x15 CMakeFiles/increment-decrement.dir/Users/abefriedman/Code/pico-sdk/src/rp2_common/pico_stdio_usb/stdio_usb.c.obj
 .rodata.str1.4
                0x100083b1       0x2a CMakeFiles/increment-decrement.dir/Users/abefriedman/Code/pico-sdk/src/rp2_common/pico_stdio_usb/stdio_usb_descriptors.c.obj
 *fill*         0x100083b1        0x3 
 .rodata.usbd_desc_str
                0x100083b4       0x18 CMakeFiles/increment-decrement.dir/Users/abefriedman/Code/pico-sdk/src/rp2_common/pico_stdio_usb/stdio_usb_descriptors.c.obj
 .rodata.usbd_desc_cfg
                0x100083cc       0x54 CMakeFiles/increment-decrement.dir/Users/abefriedman/Code/pico-sdk/src/rp2_common/pico_stdio_usb/stdio_usb_descriptors.c.obj
 .rodata.usbd_desc_device
                0x10008420       0x12 CMakeFiles/increment-decrement.dir/Users/abefriedman/Code/pico-sdk/src/rp2_common/pico_stdio_usb/stdio_usb_descriptors.c.obj
 .rodata.pico_get_unique_board_id_string.str1.4
                0x10008432       0x53 CMakeFiles/increment-decrement.dir/Users/abefriedman/Code/pico-sdk/src/rp2_common/pico_unique_id/unique_id.c.obj
 *fill*         0x10008432        0x2 
 .rodata.__func__.0
                0x10008434       0x20 CMakeFiles/increment-decrement.dir/Users/abefriedman/Code/pico-sdk/src/rp2_common/pico_unique_id/unique_id.c.obj
 .rodata.str1.4
                0x10008454      0x15e CMakeFiles/increment-decrement.dir/Users/abefriedman/Code/pico-sdk/src/rp2_common/hardware_flash/flash.c.obj
 .rodata.__func__.0
                0x10008454        0xd CMakeFiles/increment-decrement.dir/Users/abefriedman/Code/pico-sdk/src/rp2_common/hardware_flash/flash.c.obj
 .rodata._hw_endpoint_alloc.str1.4
                0x10008461       0xbd CMakeFiles/increment-decrement.dir/Users/abefriedman/Code/pico-sdk/lib/tinyusb/src/portable/raspberrypi/rp2040/dcd_rp2040.c.obj
 .rodata.str1.4
                0x10008461       0x14 CMakeFiles/increment-decrement.dir/Users/abefriedman/Code/pico-sdk/lib/tinyusb/src/portable/raspberrypi/rp2040/dcd_rp2040.c.obj
 .rodata.dcd_int_enable.str1.4
                0x10008461        0xc CMakeFiles/increment-decrement.dir/Users/abefriedman/Code/pico-sdk/lib/tinyusb/src/portable/raspberrypi/rp2040/dcd_rp2040.c.obj
 *fill*         0x10008461        0x3 
 .rodata.__func__.0
                0x10008464        0xe CMakeFiles/increment-decrement.dir/Users/abefriedman/Code/pico-sdk/lib/tinyusb/src/portable/raspberrypi/rp2040/dcd_rp2040.c.obj
 *fill*         0x10008472        0x2 
 .rodata.__func__.1
                0x10008474        0xe CMakeFiles/increment-decrement.dir/Users/abefriedman/Code/pico-sdk/lib/tinyusb/src/portable/raspberrypi/rp2040/dcd_rp2040.c.obj
 *fill*         0x10008482        0x2 
 .rodata.__func__.3
                0x10008484       0x10 CMakeFiles/increment-decrement.dir/Users/abefriedman/Code/pico-sdk/lib/tinyusb/src/portable/raspberrypi/rp2040/dcd_rp2040.c.obj
 .rodata.__func__.5
                0x10008494        0xf CMakeFiles/increment-decrement.dir/Users/abefriedman/Code/pico-sdk/lib/tinyusb/src/portable/raspberrypi/rp2040/dcd_rp2040.c.obj
 *fill*         0x100084a3        0x1 
 .rodata.__func__.6
                0x100084a4       0x13 CMakeFiles/increment-decrement.dir/Users/abefriedman/Code/pico-sdk/lib/tinyusb/src/portable/raspberrypi/rp2040/dcd_rp2040.c.obj
 *fill*         0x100084b7        0x1 
 .rodata.__func__.7
                0x100084b8        0x9 CMakeFiles/increment-decrement.dir/Users/abefriedman/Code/pico-sdk/lib/tinyusb/src/portable/raspberrypi/rp2040/dcd_rp2040.c.obj
 .rodata.str1.4
                0x100084c1       0xef CMakeFiles/increment-decrement.dir/Users/abefriedman/Code/pico-sdk/lib/tinyusb/src/portable/raspberrypi/rp2040/rp2040_usb.c.obj
 *fill*         0x100084c1        0x3 
 .rodata.__func__.0
                0x100084c4        0xf CMakeFiles/increment-decrement.dir/Users/abefriedman/Code/pico-sdk/lib/tinyusb/src/portable/raspberrypi/rp2040/rp2040_usb.c.obj
 *fill*         0x100084d3        0x1 
 .rodata.process_get_descriptor
                0x100084d4       0x40 CMakeFiles/increment-decrement.dir/Users/abefriedman/Code/pico-sdk/lib/tinyusb/src/device/usbd.c.obj
 .rodata.process_control_request
                0x10008514       0x28 CMakeFiles/increment-decrement.dir/Users/abefriedman/Code/pico-sdk/lib/tinyusb/src/device/usbd.c.obj
 .rodata.tud_task_ext
                0x1000853c       0x24 CMakeFiles/increment-decrement.dir/Users/abefriedman/Code/pico-sdk/lib/tinyusb/src/device/usbd.c.obj
 .rodata._usbd_driver
                0x10008560       0x18 CMakeFiles/increment-decrement.dir/Users/abefriedman/Code/pico-sdk/lib/tinyusb/src/device/usbd.c.obj
                0x10008578                        . = ALIGN (0x4)
 *(SORT_BY_ALIGNMENT(SORT_BY_NAME(.flashdata*)))
                0x10008578                        . = ALIGN (0x4)

.ARM.extab
 *(.ARM.extab* .gnu.linkonce.armextab.*)
                0x10008578                        __exidx_start = .

.ARM.exidx
 *(.ARM.exidx* .gnu.linkonce.armexidx.*)
                0x10008578                        __exidx_end = .
                0x10008578                        . = ALIGN (0x4)
                0x10008578                        __binary_info_start = .

.binary_info    0x10008578       0x20
 *(.binary_info.keep.*)
 .binary_info.keep.__bi_ptr81
                0x10008578        0x4 CMakeFiles/increment-decrement.dir/Users/abefriedman/Code/pico-sdk/src/rp2_common/pico_standard_link/binary_info.c.obj
 .binary_info.keep.__bi_ptr75
                0x1000857c        0x4 CMakeFiles/increment-decrement.dir/Users/abefriedman/Code/pico-sdk/src/rp2_common/pico_standard_link/binary_info.c.obj
 .binary_info.keep.__bi_ptr50
                0x10008580        0x4 CMakeFiles/increment-decrement.dir/Users/abefriedman/Code/pico-sdk/src/rp2_common/pico_standard_link/binary_info.c.obj
 .binary_info.keep.__bi_ptr44
                0x10008584        0x4 CMakeFiles/increment-decrement.dir/Users/abefriedman/Code/pico-sdk/src/rp2_common/pico_standard_link/binary_info.c.obj
 .binary_info.keep.__bi_ptr38
                0x10008588        0x4 CMakeFiles/increment-decrement.dir/Users/abefriedman/Code/pico-sdk/src/rp2_common/pico_standard_link/binary_info.c.obj
 .binary_info.keep.__bi_ptr30
                0x1000858c        0x4 CMakeFiles/increment-decrement.dir/Users/abefriedman/Code/pico-sdk/src/rp2_common/pico_standard_link/binary_info.c.obj
 .binary_info.keep.__bi_ptr22
                0x10008590        0x4 CMakeFiles/increment-decrement.dir/Users/abefriedman/Code/pico-sdk/src/rp2_common/pico_standard_link/binary_info.c.obj
 *(.binary_info.*)
 .binary_info.__bi_ptr182
                0x10008594        0x4 CMakeFiles/increment-decrement.dir/Users/abefriedman/Code/pico-sdk/src/rp2_common/pico_stdio_usb/stdio_usb.c.obj
                0x10008598                        __binary_info_end = .

.rel.dyn        0x10008598        0x0
 .rel.iplt      0x10008598        0x0 /Applications/ArmGNUToolchain/13.2.Rel1/arm-none-eabi/bin/../lib/gcc/arm-none-eabi/13.2.1/thumb/v6-m/nofp/crtbegin.o
                0x10008598                        . = ALIGN (0x4)

.ram_vector_table
                0x20000000       0xc0
 *(.ram_vector_table)
 .ram_vector_table
                0x20000000       0xc0 CMakeFiles/increment-decrement.dir/Users/abefriedman/Code/pico-sdk/src/rp2_common/pico_runtime/runtime.c.obj
                0x20000000                ram_vector_table

.data           0x200000c0      0xbc4 load address 0x10008598
                0x200000c0                        __data_start__ = .
 *(vtable)
 *(.time_critical*)
 .time_critical.mutex_try_enter
                0x200000c0       0x46 CMakeFiles/increment-decrement.dir/Users/abefriedman/Code/pico-sdk/src/common/pico_sync/mutex.c.obj
                0x200000c0                mutex_try_enter
 *fill*         0x20000106        0x2 
 .time_critical.mutex_enter_block_until
                0x20000108       0x8c CMakeFiles/increment-decrement.dir/Users/abefriedman/Code/pico-sdk/src/common/pico_sync/mutex.c.obj
                0x20000108                mutex_enter_block_until
 .time_critical.mutex_try_enter_block_until
                0x20000194       0x34 CMakeFiles/increment-decrement.dir/Users/abefriedman/Code/pico-sdk/src/common/pico_sync/mutex.c.obj
                0x20000194                mutex_try_enter_block_until
 .time_critical.mutex_enter_timeout_ms
                0x200001c8       0x1a CMakeFiles/increment-decrement.dir/Users/abefriedman/Code/pico-sdk/src/common/pico_sync/mutex.c.obj
                0x200001c8                mutex_enter_timeout_ms
 *fill*         0x200001e2        0x2 
 .time_critical.mutex_exit
                0x200001e4       0x4c CMakeFiles/increment-decrement.dir/Users/abefriedman/Code/pico-sdk/src/common/pico_sync/mutex.c.obj
                0x200001e4                mutex_exit
 .time_critical.flash_init_boot2_copyout
                0x20000230       0x30 CMakeFiles/increment-decrement.dir/Users/abefriedman/Code/pico-sdk/src/rp2_common/hardware_flash/flash.c.obj
 .time_critical.flash_enable_xip_via_boot2
                0x20000260        0xc CMakeFiles/increment-decrement.dir/Users/abefriedman/Code/pico-sdk/src/rp2_common/hardware_flash/flash.c.obj
 .time_critical.flash_cs_force
                0x2000026c       0x28 CMakeFiles/increment-decrement.dir/Users/abefriedman/Code/pico-sdk/src/rp2_common/hardware_flash/flash.c.obj
 .time_critical.flash_do_cmd
                0x20000294       0xd8 CMakeFiles/increment-decrement.dir/Users/abefriedman/Code/pico-sdk/src/rp2_common/hardware_flash/flash.c.obj
                0x20000294                flash_do_cmd
 .time_critical.reset_non_control_endpoints
                0x2000036c       0x40 CMakeFiles/increment-decrement.dir/Users/abefriedman/Code/pico-sdk/lib/tinyusb/src/portable/raspberrypi/rp2040/dcd_rp2040.c.obj
 .time_critical.hw_handle_buff_status
                0x200003ac       0xa4 CMakeFiles/increment-decrement.dir/Users/abefriedman/Code/pico-sdk/lib/tinyusb/src/portable/raspberrypi/rp2040/dcd_rp2040.c.obj
 .time_critical.dcd_rp2040_irq
                0x20000450      0x1b8 CMakeFiles/increment-decrement.dir/Users/abefriedman/Code/pico-sdk/lib/tinyusb/src/portable/raspberrypi/rp2040/dcd_rp2040.c.obj
 .time_critical.e15_is_bulkin_ep
                0x20000608       0x2c CMakeFiles/increment-decrement.dir/Users/abefriedman/Code/pico-sdk/lib/tinyusb/src/portable/raspberrypi/rp2040/rp2040_usb.c.obj